 newton

 Timestamp is 497a1a19 (Fri Jan 23 11:27:21 2009)

 Preferred load address is 10000000

 Start         Length     Name                   Class
 0001:00000000 00073174H .text                   CODE
 0001:00073180 0000000cH .text$yc                CODE
 0001:00073190 00000001H .text$yd                CODE
 0002:00000000 00000148H .idata$5                DATA
 0002:00000148 00000004H .CRT$XCA                DATA
 0002:0000014c 00000004H .CRT$XCU                DATA
 0002:00000150 00000004H .CRT$XCZ                DATA
 0002:00000154 00000004H .CRT$XIA                DATA
 0002:00000158 00000014H .CRT$XIC                DATA
 0002:0000016c 00000004H .CRT$XIZ                DATA
 0002:00000170 00000004H .CRT$XPA                DATA
 0002:00000174 00000004H .CRT$XPX                DATA
 0002:00000178 00000004H .CRT$XPXA               DATA
 0002:0000017c 00000004H .CRT$XPZ                DATA
 0002:00000180 00000004H .CRT$XTA                DATA
 0002:00000184 00000004H .CRT$XTZ                DATA
 0002:00000190 00006978H .rdata                  DATA
 0002:00006b08 0000005cH .rdata$debug            DATA
 0002:00006b70 0000000cH .rdata$sxdata           DATA
 0002:00006b7c 00000004H .rtc$IAA                DATA
 0002:00006b80 00000004H .rtc$IZZ                DATA
 0002:00006b84 00000004H .rtc$TAA                DATA
 0002:00006b88 00000004H .rtc$TZZ                DATA
 0002:00006b90 000003d4H .xdata$x                DATA
 0002:00006f64 00000014H .idata$2                DATA
 0002:00006f78 00000014H .idata$3                DATA
 0002:00006f8c 00000148H .idata$4                DATA
 0002:000070d4 000005e0H .idata$6                DATA
 0002:000076c0 0000267dH .edata                  DATA
 0003:00000000 00001f90H .data                   DATA
 0003:00001fa0 00004384H .bss                    DATA

  Address         Publics by Value              Rva+Base       Lib:Object

 0000:00000000       __except_list              00000000     <absolute>
 0000:00000003       ___safe_se_handler_count   00000003     <absolute>
 0000:00000000       ___ImageBase               10000000     <linker-defined>
 0001:00000000       _DllMain@12                10001000 f   Newton.obj
 0001:00000010       _NewtonGetMemoryUsed       10001010 f   Newton.obj
 0001:00000020       _NewtonInvalidateCache     10001020 f   Newton.obj
 0001:00000030       _NewtonSetPlatformArchitecture 10001030 f   Newton.obj
 0001:00000040       _NewtonGetPlatformArchitecture 10001040 f   Newton.obj
 0001:00000050       _NewtonSetThreadsCount     10001050 f   Newton.obj
 0001:00000060       _NewtonGetThreadsCount     10001060 f   Newton.obj
 0001:00000070       _NewtonSetMultiThreadSolverOnSingleIsland 10001070 f   Newton.obj
 0001:00000080       _NewtonSetSolverModel      10001080 f   Newton.obj
 0001:00000090       _NewtonSetFrictionModel    10001090 f   Newton.obj
 0001:000000a0       _NewtonSetPerformanceClock 100010a0 f   Newton.obj
 0001:000000b0       _NewtonReadPerformanceTicks 100010b0 f   Newton.obj
 0001:000000d0       _NewtonCollisionUpdate     100010d0 f   Newton.obj
 0001:00000100       _NewtonSetIslandUpdateEvent 10001100 f   Newton.obj
 0001:00000110       _NewtonSetBodyLeaveWorldEvent 10001110 f   Newton.obj
 0001:00000120       _NewtonWorldGetVersion     10001120 f   Newton.obj
 0001:00000130       _NewtonWorldSetUserData    10001130 f   Newton.obj
 0001:00000140       _NewtonWorldGetUserData    10001140 f   Newton.obj
 0001:00000150       _NewtonWorldGetBodyCount   10001150 f   Newton.obj
 0001:00000160       _NewtonWorldGetConstraintCount 10001160 f   Newton.obj
 0001:00000170       _NewtonIslandGetBody       10001170 f   Newton.obj
 0001:00000190       _NewtonMaterialGetDefaultGroupID 10001190 f   Newton.obj
 0001:000001a0       _NewtonMaterialCreateGroupID 100011a0 f   Newton.obj
 0001:000001b0       _NewtonMaterialDestroyAllGroupID 100011b0 f   Newton.obj
 0001:000001c0       _NewtonMaterialSetDefaultCollidable 100011c0 f   Newton.obj
 0001:000001f0       _NewtonMaterialSetContinuousCollisionMode 100011f0 f   Newton.obj
 0001:00000220       _NewtonWorldGetFirstMaterial 10001220 f   Newton.obj
 0001:00000230       _NewtonWorldGetNextMaterial 10001230 f   Newton.obj
 0001:00000240       _NewtonMaterialGetContactFaceAttribute 10001240 f   Newton.obj
 0001:00000250       _NewtonMaterialGetContactPositionAndNormal 10001250 f   Newton.obj
 0001:00000280       _NewtonMaterialGetContactTangentDirections 10001280 f   Newton.obj
 0001:000002c0       _NewtonMaterialSetContactFrictionState 100012c0 f   Newton.obj
 0001:00000310       _NewtonMaterialSetContactNormalAcceleration 10001310 f   Newton.obj
 0001:00000330       _NewtonMaterialSetContactTangentAcceleration 10001330 f   Newton.obj
 0001:00000360       _NewtonCreateNull          10001360 f   Newton.obj
 0001:00000370       _NewtonCreateBox           10001370 f   Newton.obj
 0001:000003d0       _NewtonCreateSphere        100013d0 f   Newton.obj
 0001:000004c0       _NewtonCreateCone          100014c0 f   Newton.obj
 0001:00000520       _NewtonCreateCapsule       10001520 f   Newton.obj
 0001:00000580       _NewtonCreateCylinder      10001580 f   Newton.obj
 0001:000005e0       _NewtonCreateChamferCylinder 100015e0 f   Newton.obj
 0001:00000640       _NewtonCreateConvexHullFromMesh 10001640 f   Newton.obj
 0001:00000660       _NewtonCreateConvexHullModifier 10001660 f   Newton.obj
 0001:00000670       _NewtonConvexHullModifierGetMatrix 10001670 f   Newton.obj
 0001:000006a0       _NewtonConvexHullModifierSetMatrix 100016a0 f   Newton.obj
 0001:000006c0       _NewtonCreateCompoundCollision 100016c0 f   Newton.obj
 0001:000006e0       _NewtonCreateCompoundCollisionFromMesh 100016e0 f   Newton.obj
 0001:00000700       _NewtonCollisionIsTriggerVolume 10001700 f   Newton.obj
 0001:00000720       _NewtonCollisionSetAsTriggerVolume 10001720 f   Newton.obj
 0001:00000740       _NewtonConvexCollisionCalculateVolume 10001740 f   Newton.obj
 0001:00000750       _NewtonCreateTreeCollision 10001750 f   Newton.obj
 0001:00000760       _NewtonTreeCollisionSetUserRayCastCallback 10001760 f   Newton.obj
 0001:00000770       _NewtonTreeCollisionBeginBuild 10001770 f   Newton.obj
 0001:00000780       _NewtonTreeCollisionAddFace 10001780 f   Newton.obj
 0001:000007a0       _NewtonTreeCollisionEndBuild 100017a0 f   Newton.obj
 0001:000007b0       _NewtonCreateHeightFieldCollision 100017b0 f   Newton.obj
 0001:000007f0       _NewtonCreateSceneCollision 100017f0 f   Newton.obj
 0001:00000800       _NewtonSceneCollisionCreateProxy 10001800 f   Newton.obj
 0001:00000810       _NewtonSceneCollisionOptimize 10001810 f   Newton.obj
 0001:00000820       _NewtonCollisionPointDistance 10001820 f   Newton.obj
 0001:00000850       _NewtonCollisionClosestPoint 10001850 f   Newton.obj
 0001:00000890       _NewtonCollisionCollide    10001890 f   Newton.obj
 0001:000008d0       _NewtonCollisionCollideContinue 100018d0 f   Newton.obj
 0001:00000930       _NewtonCollisionForEachPolygonDo 10001930 f   Newton.obj
 0001:00000970       _NewtonCollisionMakeUnique 10001970 f   Newton.obj
 0001:00000980       _NewtonReleaseCollision    10001980 f   Newton.obj
 0001:00000990       _NewtonCollisionSerialize  10001990 f   Newton.obj
 0001:000009b0       _NewtonCreateCollisionFromSerialization 100019b0 f   Newton.obj
 0001:000009d0       _NewtonCollisionGetInfo    100019d0 f   Newton.obj
 0001:000009f0       _NewtonGetEulerAngle       100019f0 f   Newton.obj
 0001:00000a20       _NewtonCalculateSpringDamperAcceleration 10001a20 f   Newton.obj
 0001:00000a60       _NewtonCreateBody          10001a60 f   Newton.obj
 0001:00000a70       _NewtonDestroyBody         10001a70 f   Newton.obj
 0001:00000a80       _NewtonBodySetMatrix       10001a80 f   Newton.obj
 0001:00000ad0       _NewtonBodyGetFirstJoint   10001ad0 f   Newton.obj
 0001:00000ae0       _NewtonBodyGetNextJoint    10001ae0 f   Newton.obj
 0001:00000af0       _NewtonBodyGetFirstContactJoint 10001af0 f   Newton.obj
 0001:00000b00       _NewtonBodyGetNextContactJoint 10001b00 f   Newton.obj
 0001:00000b10       _NewtonBodySetCollision    10001b10 f   Newton.obj
 0001:00000b20       _NewtonBodySetFreezeState  10001b20 f   Newton.obj
 0001:00000b40       _NewtonBallSetUserCallback 10001b40 f   Newton.obj
 0001:00000b50       _NewtonBallGetJointAngle   10001b50 f   Newton.obj
 0001:00000b80       _NewtonBallGetJointOmega   10001b80 f   Newton.obj
 0001:00000bb0       _NewtonBallGetJointForce   10001bb0 f   Newton.obj
 0001:00000be0       _NewtonSliderGetJointPosit 10001be0 f   Newton.obj
 0001:00000be0       _NewtonCorkscrewGetJointAngle 10001be0 f   Newton.obj
 0001:00000be0       _NewtonUniversalGetJointAngle0 10001be0 f   Newton.obj
 0001:00000be0       _NewtonHingeGetJointAngle  10001be0 f   Newton.obj
 0001:00000bf0       _NewtonCorkscrewGetJointOmega 10001bf0 f   Newton.obj
 0001:00000bf0       _NewtonUniversalGetJointOmega0 10001bf0 f   Newton.obj
 0001:00000bf0       _NewtonHingeGetJointOmega  10001bf0 f   Newton.obj
 0001:00000c00       _NewtonHingeCalculateStopAlpha 10001c00 f   Newton.obj
 0001:00000c20       _NewtonHingeGetJointForce  10001c20 f   Newton.obj
 0001:00000c50       _NewtonHingeSetUserCallback 10001c50 f   Newton.obj
 0001:00000c50       _NewtonSliderSetUserCallback 10001c50 f   Newton.obj
 0001:00000c60       _NewtonSliderCalculateStopAccel 10001c60 f   Newton.obj
 0001:00000c80       _NewtonSliderGetJointForce 10001c80 f   Newton.obj
 0001:00000cb0       _NewtonUniversalGetJointAngle1 10001cb0 f   Newton.obj
 0001:00000cb0       _NewtonCorkscrewGetJointPosit 10001cb0 f   Newton.obj
 0001:00000cc0       _NewtonSliderGetJointVeloc 10001cc0 f   Newton.obj
 0001:00000cc0       _NewtonCorkscrewGetJointVeloc 10001cc0 f   Newton.obj
 0001:00000cd0       _NewtonCorkscrewCalculateStopAlpha 10001cd0 f   Newton.obj
 0001:00000cd0       _NewtonUniversalCalculateStopAlpha0 10001cd0 f   Newton.obj
 0001:00000cf0       _NewtonCorkscrewCalculateStopAccel 10001cf0 f   Newton.obj
 0001:00000d10       _NewtonCorkscrewSetUserCallback 10001d10 f   Newton.obj
 0001:00000d10       _NewtonUniversalSetUserCallback 10001d10 f   Newton.obj
 0001:00000d20       _NewtonUniversalGetJointOmega1 10001d20 f   Newton.obj
 0001:00000d30       _NewtonUniversalCalculateStopAlpha1 10001d30 f   Newton.obj
 0001:00000d50       _NewtonCorkscrewGetJointForce 10001d50 f   Newton.obj
 0001:00000d50       _NewtonUniversalGetJointForce 10001d50 f   Newton.obj
 0001:00000d80       _NewtonUpVectorGetPin      10001d80 f   Newton.obj
 0001:00000db0       _NewtonUserJointAddGeneralRow 10001db0 f   Newton.obj
 0001:00000dd0       _NewtonUserJointSetRowMaximumFriction 10001dd0 f   Newton.obj
 0001:00000df0       _NewtonUserJointSetRowMinimumFriction 10001df0 f   Newton.obj
 0001:00000e10       _NewtonUserJointSetRowAcceleration 10001e10 f   Newton.obj
 0001:00000e30       _NewtonUserJointSetRowSpringDamperAcceleration 10001e30 f   Newton.obj
 0001:00000e50       _NewtonUserJointSetRowStiffness 10001e50 f   Newton.obj
 0001:00000e70       _NewtonUserJointGetRowForce 10001e70 f   Newton.obj
 0001:00000e80       _NewtonUserJointSetFeedbackCollectorCallback 10001e80 f   Newton.obj
 0001:00000e90       _NewtonJointSetUserData    10001e90 f   Newton.obj
 0001:00000ea0       _NewtonJointGetUserData    10001ea0 f   Newton.obj
 0001:00000eb0       _NewtonJointGetInfo        10001eb0 f   Newton.obj
 0001:00000ed0       _NewtonJointSetStiffness   10001ed0 f   Newton.obj
 0001:00000ef0       _NewtonJointGetStiffness   10001ef0 f   Newton.obj
 0001:00000f00       _NewtonJointSetDestructor  10001f00 f   Newton.obj
 0001:00000f10       _NewtonDestroyJoint        10001f10 f   Newton.obj
 0001:00000f20       _NewtonMeshDestroy         10001f20 f   Newton.obj
 0001:00000f40       _NewtonMeshCalculateVertexNormals 10001f40 f   Newton.obj
 0001:00000f60       _NewtonMeshApplySphericalMapping 10001f60 f   Newton.obj
 0001:00000f70       _NewtonMeshApplyBoxMapping 10001f70 f   Newton.obj
 0001:00000f90       _NewtonMeshApplyCylindricalMapping 10001f90 f   Newton.obj
 0001:00000fb0       _NewtonMeshBeginFace       10001fb0 f   Newton.obj
 0001:00000fc0       _NewtonMeshAddFace         10001fc0 f   Newton.obj
 0001:00000fe0       _NewtonMeshEndFace         10001fe0 f   Newton.obj
 0001:00000ff0       _NewtonMeshGetVertexCount  10001ff0 f   Newton.obj
 0001:00001000       _NewtonMeshGetVertexStreams 10002000 f   Newton.obj
 0001:00001030       _NewtonMeshGetIndirectVertexStreams 10002030 f   Newton.obj
 0001:00001080       _NewtonMeshFirstMaterial   10002080 f   Newton.obj
 0001:00001090       _NewtonMeshNextMaterial    10002090 f   Newton.obj
 0001:000010a0       _NewtonMeshMaterialGetMaterial 100020a0 f   Newton.obj
 0001:000010b0       _NewtonMeshMaterialGetIndexCount 100020b0 f   Newton.obj
 0001:000010d0       _NewtonMeshMaterialGetIndexStream 100020d0 f   Newton.obj
 0001:000010f0       _NewtonMeshMaterialGetIndexStreamShort 100020f0 f   Newton.obj
 0001:00001110       ?dgGetUserLock@dgWorld@@QAEXXZ 10002110 f i Newton.obj
 0001:00001130       ?dgReleasedUserLock@dgWorld@@QAEXXZ 10002130 f i Newton.obj
 0001:00001150       ?Scale@?$dgTemplateVector@N@@QBE?AV1@N@Z 10002150 f i Newton.obj
 0001:00001180       ??H?$dgTemplateVector@N@@QBE?AV0@ABV0@@Z 10002180 f i Newton.obj
 0001:000011b0       ??G?$dgTemplateVector@N@@QBE?AV0@ABV0@@Z 100021b0 f i Newton.obj
 0001:000011e0       ??D?$dgTemplateVector@N@@QBE?AV0@ABV0@@Z 100021e0 f i Newton.obj
 0001:00001220       _NewtonDestroy             10002220 f   Newton.obj
 0001:00001260       _NewtonWorldCriticalSectionLock 10002260 f   Newton.obj
 0001:00001280       _NewtonWorldCriticalSectionUnlock 10002280 f   Newton.obj
 0001:000012a0       _NewtonUpdate              100022a0 f   Newton.obj
 0001:00001360       _NewtonSetMinimumFrameRate 10002360 f   Newton.obj
 0001:000013b0       _NewtonWorldGetFirstBody   100023b0 f   Newton.obj
 0001:000013d0       _NewtonWorldGetNextBody    100023d0 f   Newton.obj
 0001:000013f0       _NewtonIslandGetBodyAABB   100023f0 f   Newton.obj
 0001:00001450       _NewtonMaterialSetSurfaceThickness 10002450 f   Newton.obj
 0001:000014b0       _NewtonMaterialSetDefaultFriction 100024b0 f   Newton.obj
 0001:00001580       _NewtonMaterialSetDefaultElasticity 10002580 f   Newton.obj
 0001:000015d0       _NewtonMaterialSetDefaultSoftness 100025d0 f   Newton.obj
 0001:00001620       _NewtonMaterialSetCollisionCallback 10002620 f   Newton.obj
 0001:00001660       _NewtonMaterialGetUserData 10002660 f   Newton.obj
 0001:00001680       _NewtonMaterialGetMaterialPairUserData 10002680 f   Newton.obj
 0001:00001690       _NewtonMaterialGetContactNormalSpeed 10002690 f   Newton.obj
 0001:00001790       _NewtonMaterialGetContactForce 10002790 f   Newton.obj
 0001:00001810       _NewtonMaterialGetBodyCollisionID 10002810 f   Newton.obj
 0001:00001840       _NewtonMaterialSetContactSoftness 10002840 f   Newton.obj
 0001:00001890       _NewtonMaterialSetContactElasticity 10002890 f   Newton.obj
 0001:000018e0       _NewtonMaterialSetContactFrictionCoef 100028e0 f   Newton.obj
 0001:000019b0       _NewtonCreateConvexHull    100029b0 f   Newton.obj
 0001:00001a30       _NewtonCollisionSetUserID  10002a30 f   Newton.obj
 0001:00001a40       _NewtonCollisionGetUserID  10002a40 f   Newton.obj
 0001:00001a50       _NewtonStaticCollisionSetDebugCallback 10002a50 f   Newton.obj
 0001:00001a80       _NewtonTreeCollisionGetFaceAtribute 10002a80 f   Newton.obj
 0001:00001a90       _NewtonTreeCollisionSetFaceAtribute 10002a90 f   Newton.obj
 0001:00001aa0       _NewtonSceneProxySetMatrix 10002aa0 f   Newton.obj
 0001:00001ac0       _NewtonSceneProxyGetMatrix 10002ac0 f   Newton.obj
 0001:00001b00       _NewtonAddCollisionReference 10002b00 f   Newton.obj
 0001:00001b20       _NewtonBodySetUserData     10002b20 f   Newton.obj
 0001:00001b30       _NewtonBodyGetUserData     10002b30 f   Newton.obj
 0001:00001b40       _NewtonBodyGetWorld        10002b40 f   Newton.obj
 0001:00001b50       _NewtonBodySetTransformCallback 10002b50 f   Newton.obj
 0001:00001b60       _NewtonBodySetForceAndTorqueCallback 10002b60 f   Newton.obj
 0001:00001b70       _NewtonBodyGetForceAndTorqueCallback 10002b70 f   Newton.obj
 0001:00001b80       _NewtonBodySetDestructorCallback 10002b80 f   Newton.obj
 0001:00001b90       _NewtonBodySetMassMatrix   10002b90 f   Newton.obj
 0001:00001cf0       _NewtonBodyGetMassMatrix   10002cf0 f   Newton.obj
 0001:00001d50       _NewtonBodyGetInvMass      10002d50 f   Newton.obj
 0001:00001db0       _NewtonBodySetMatrixRecursive 10002db0 f   Newton.obj
 0001:00001df0       _NewtonBodyGetMatrix       10002df0 f   Newton.obj
 0001:00001e10       _NewtonBodyGetRotation     10002e10 f   Newton.obj
 0001:00001e30       _NewtonBodyGetForceAcc     10002e30 f   Newton.obj
 0001:00001e70       _NewtonBodyGetForce        10002e70 f   Newton.obj
 0001:00001eb0       _NewtonBodyCalculateInverseDynamicsForce 10002eb0 f   Newton.obj
 0001:00001f10       _NewtonBodyGetTorque       10002f10 f   Newton.obj
 0001:00001f50       _NewtonBodyGetTorqueAcc    10002f50 f   Newton.obj
 0001:00001f90       _NewtonBodyGetCentreOfMass 10002f90 f   Newton.obj
 0001:00001fd0       _NewtonContactJointGetContactCount 10002fd0 f   Newton.obj
 0001:00001ff0       _NewtonContactJointGetFirstContact 10002ff0 f   Newton.obj
 0001:00002020       _NewtonContactJointGetNextContact 10003020 f   Newton.obj
 0001:00002050       _NewtonContactGetMaterial  10003050 f   Newton.obj
 0001:00002060       _NewtonBodyAddBuoyancyForce 10003060 f   Newton.obj
 0001:000020c0       _NewtonBodyGetCollision    100030c0 f   Newton.obj
 0001:000020d0       _NewtonBodySetMaterialGroupID 100030d0 f   Newton.obj
 0001:000020e0       _NewtonBodyGetMaterialGroupID 100030e0 f   Newton.obj
 0001:000020f0       _NewtonBodySetContinuousCollisionMode 100030f0 f   Newton.obj
 0001:00002110       _NewtonBodyGetContinuousCollisionMode 10003110 f   Newton.obj
 0001:00002130       _NewtonBodySetJointRecursiveCollision 10003130 f   Newton.obj
 0001:00002160       _NewtonBodyGetJointRecursiveCollision 10003160 f   Newton.obj
 0001:00002180       _NewtonBodyGetFreezeState  10003180 f   Newton.obj
 0001:00002190       _NewtonBodySetAutoSleep    10003190 f   Newton.obj
 0001:000021c0       _NewtonBodyGetAutoSleep    100031c0 f   Newton.obj
 0001:000021e0       _NewtonBodyGetSleepState   100031e0 f   Newton.obj
 0001:000021f0       _NewtonBodyGetAABB         100031f0 f   Newton.obj
 0001:00002240       _NewtonBodySetVelocity     10003240 f   Newton.obj
 0001:00002280       _NewtonBodyGetVelocity     10003280 f   Newton.obj
 0001:000022c0       _NewtonBodySetOmega        100032c0 f   Newton.obj
 0001:00002300       _NewtonBodyGetOmega        10003300 f   Newton.obj
 0001:00002340       _NewtonBodyGetLinearDamping 10003340 f   Newton.obj
 0001:00002360       _NewtonBodyAddImpulse      10003360 f   Newton.obj
 0001:000023c0       _NewtonConstraintCreateBall 100033c0 f   Newton.obj
 0001:00002400       _NewtonBallSetConeLimits   10003400 f   Newton.obj
 0001:00002670       _NewtonConstraintCreateHinge 10003670 f   Newton.obj
 0001:000026d0       _NewtonConstraintCreateSlider 100036d0 f   Newton.obj
 0001:00002730       _NewtonConstraintCreateCorkscrew 10003730 f   Newton.obj
 0001:00002790       _NewtonConstraintCreateUniversal 10003790 f   Newton.obj
 0001:00002810       _NewtonConstraintCreateUpVector 10003810 f   Newton.obj
 0001:00002850       _NewtonUpVectorSetPin      10003850 f   Newton.obj
 0001:00002890       _NewtonConstraintCreateUserJoint 10003890 f   Newton.obj
 0001:000028d0       _NewtonUserJointAddLinearRow 100038d0 f   Newton.obj
 0001:000029a0       _NewtonUserJointAddAngularRow 100039a0 f   Newton.obj
 0001:00002a30       _NewtonJointGetBody0       10003a30 f   Newton.obj
 0001:00002a40       _NewtonJointGetBody1       10003a40 f   Newton.obj
 0001:00002a60       _NewtonJointSetCollisionState 10003a60 f   Newton.obj
 0001:00002a80       _NewtonJointGetCollisionState 10003a80 f   Newton.obj
 0001:00002a90       _NewtonMeshCreate          10003a90 f   Newton.obj
 0001:00002ab0       _NewtonMeshCreateFromCollision 10003ab0 f   Newton.obj
 0001:00002ad0       ?SetCentreOfMass@dgBody@@QAEXABVdgVector@@@Z 10003ad0 f i Newton.obj
 0001:00002b70       _NewtonMeshPlaneClip       10003b70 f   Newton.obj
 0001:00002bc0       ?SetLinearDamping@dgBody@@QAEXN@Z 10003bc0 f i Newton.obj
 0001:00002c20       ?SetAngularDamping@dgBody@@QAEXABVdgVector@@@Z 10003c20 f i Newton.obj
 0001:00002cd0       ?SetForce@dgBody@@QAEXABVdgVector@@@Z 10003cd0 f i Newton.obj
 0001:00002d50       ?SetTorque@dgBody@@QAEXABVdgVector@@@Z 10003d50 f i Newton.obj
 0001:00002dd0       ?Unlink@?$dgList@VdgContactMaterial@@@@QAEXPAVdgListNode@1@@Z 10003dd0 f i Newton.obj
 0001:00002e40       _NewtonSetWorldSize        10003e40 f   Newton.obj
 0001:00002ea0       _NewtonWorldForEachBodyInAABBDo 10003ea0 f   Newton.obj
 0001:00002f00       _NewtonWorldRayCast        10003f00 f   Newton.obj
 0001:00002f70       _NewtonWorldConvexCast     10003f70 f   Newton.obj
 0001:00002fd0       _NewtonMaterialGetContactTangentSpeed 10003fd0 f   Newton.obj
 0001:000030f0       _NewtonMaterialContactRotateTangentDirections 100040f0 f   Newton.obj
 0001:00003210       _NewtonConvexCollisionCalculateInertialMatrix 10004210 f   Newton.obj
 0001:00003260       _NewtonCreateUserMeshCollision 10004260 f   Newton.obj
 0001:000032f0       _NewtonTreeCollisionGetVertexListIndexListInAABB 100042f0 f   Newton.obj
 0001:000033b0       _NewtonCollisionSupportVertex 100043b0 f   Newton.obj
 0001:000034e0       _NewtonCollisionCalculateAABB 100044e0 f   Newton.obj
 0001:00003540       _NewtonSetEulerAngle       10004540 f   Newton.obj
 0001:00003920       _NewtonBodySetForce        10004920 f   Newton.obj
 0001:00003960       _NewtonBodySetTorque       10004960 f   Newton.obj
 0001:000039a0       _NewtonBodySetCentreOfMass 100049a0 f   Newton.obj
 0001:000039e0       _NewtonBodySetLinearDamping 100049e0 f   Newton.obj
 0001:00003a00       _NewtonBodySetAngularDamping 10004a00 f   Newton.obj
 0001:00003a40       _NewtonBodyGetAngularDamping 10004a40 f   Newton.obj
 0001:00003a90       _NewtonCreate              10004a90 f   Newton.obj
 0001:00003b60       _NewtonDestroyAllBodies    10004b60 f   Newton.obj
 0001:00003bb0       _NewtonCollisionRayCast    10004bb0 f   Newton.obj
 0001:00003d40       _NewtonBodyAddForce        10004d40 f   Newton.obj
 0001:00003da0       _NewtonBodyAddTorque       10004da0 f   Newton.obj
 0001:00003df0       _NewtonContactJointRemoveContact 10004df0 f   Newton.obj
 0001:00003e30       ?Insert@?$dgTree@PAVdgCollision@@I@@QAEPAVdgTreeNode@1@ABQAVdgCollision@@IAA_N@Z 10004e30 f i physics_2009:dgNarrowPhaseCollision.obj
 0001:00003e30       ?Insert@?$dgTree@PAVdgEdge@@PAX@@QAEPAVdgTreeNode@1@ABQAVdgEdge@@PAXAA_N@Z 10004e30 f i physics_2009:dgCollisionConvexHull.obj
 0001:00003e30       ?Insert@?$dgTree@PAVdgBody@@PAX@@QAEPAVdgTreeNode@1@ABQAVdgBody@@PAXAA_N@Z 10004e30 f i NewtonClass.obj
 0001:00003e30       ?Insert@?$dgTree@PAVdgConstraint@@PAV1@@@QAEPAVdgTreeNode@1@ABQAVdgConstraint@@PAV3@AA_N@Z 10004e30 f i Newton.obj
 0001:00003e30       ?Insert@?$dgTree@PAVdgConstraint@@PAX@@QAEPAVdgTreeNode@1@ABQAVdgConstraint@@PAXAA_N@Z 10004e30 f i NewtonClass.obj
 0001:00003f00       _NewtonWorldForEachJointDo 10004f00 f   Newton.obj
 0001:00003fb0       ?Append@?$dgList@UNewtonMeshPartition@@@@QAEPAVdgListNode@1@XZ 10004fb0 f i NewtonAproximateConvexPartition.obj
 0001:00004040       ?CalculateHulls@NewtonAproximateConvexPartition@@QAEXPBVdgVector@@H@Z 10005040 f   NewtonAproximateConvexPartition.obj
 0001:00004140       ?RemoveAll@?$dgList@UNewtonMeshPartition@@@@QAEXXZ 10005140 f i NewtonAproximateConvexPartition.obj
 0001:000041b0       ??0NewtonAproximateConvexPartition@@QAE@ABVNewtonMeshEffect@@NH@Z 100051b0 f   NewtonAproximateConvexPartition.obj
 0001:00004230       ??1NewtonAproximateConvexPartition@@QAE@XZ 10005230 f   NewtonAproximateConvexPartition.obj
 0001:00004240       ?__malloc__@dgMemoryAllocator@@CAPAXI@Z 10005240 f   corelib_2009:dgMemory.obj
 0001:00004240       ?DefaultAllocMemory@Newton@@SAPAXH@Z 10005240 f   NewtonClass.obj
 0001:00004250       ?__free__@dgMemoryAllocator@@CAXPAXI@Z 10005250 f   corelib_2009:dgMemory.obj
 0001:00004250       ?DefaultFreeMemory@Newton@@SAXPAXH@Z 10005250 f   NewtonClass.obj
 0001:00004260       ?JacobianDerivative@NewtonUserJoint@@UAEIAAVdgContraintDescritor@@@Z 10005260 f   NewtonClass.obj
 0001:000042a0       ?SetAcceleration@NewtonUserJoint@@QAEXN@Z 100052a0 f   NewtonClass.obj
 0001:000042d0       ?SetSpringDamperAcceleration@NewtonUserJoint@@QAEXNN@Z 100052d0 f   NewtonClass.obj
 0001:00004340       ?GetRowForce@NewtonUserJoint@@QBENH@Z 10005340 f   NewtonClass.obj
 0001:00004360       ?GetInfo@NewtonUserJoint@@UBEXPAVdgConstraintInfo@@@Z 10005360 f   NewtonClass.obj
 0001:000043a0       ??_GNewtonUserJoint@@UAEPAXI@Z 100053a0 f i NewtonClass.obj
 0001:000043a0       ??_ENewtonUserJoint@@UAEPAXI@Z 100053a0 f i NewtonClass.obj
 0001:000043e0       ?SetHighFriction@NewtonUserJoint@@QAEXN@Z 100053e0 f   NewtonClass.obj
 0001:00004450       ?SetLowerFriction@NewtonUserJoint@@QAEXN@Z 10005450 f   NewtonClass.obj
 0001:000044c0       ?SetRowStiffness@NewtonUserJoint@@QAEXN@Z 100054c0 f   NewtonClass.obj
 0001:00004520       ?SetUpdateFeedbackFunction@NewtonUserJoint@@QAEXP6AXPBUNewtonJoint@@NH@Z@Z 10005520 f   NewtonClass.obj
 0001:00004530       ?DestroyJoints@NewtonDeadJoints@@QAEXAAVNewton@@@Z 10005530 f   NewtonClass.obj
 0001:00004590       ??1Newton@@QAE@XZ          10005590 f   NewtonClass.obj
 0001:000045e0       ??0NewtonUserJoint@@QAE@PAVdgWorld@@HP6AXPBUNewtonJoint@@NH@ZP6AX1PAUNewtonJointRecord@@@ZPAVdgBody@@5@Z 100055e0 f   NewtonClass.obj
 0001:00004690       ?AddAngularRowJacobian@NewtonUserJoint@@QAEXABVdgVector@@N@Z 10005690 f   NewtonClass.obj
 0001:00004730       ?AddGeneralRowJacobian@NewtonUserJoint@@QAEXPBN0@Z 10005730 f   NewtonClass.obj
 0001:000047c0       ?AddLinearRowJacobian@NewtonUserJoint@@QAEXABVdgVector@@00@Z 100057c0 f   NewtonClass.obj
 0001:00004850       ??0Newton@@QAE@N@Z         10005850 f   NewtonClass.obj
 0001:000048c0       ?DestroyJoint@Newton@@QAEXPAVdgConstraint@@@Z 100058c0 f   NewtonClass.obj
 0001:000048f0       ?DestroyBody@Newton@@QAEXPAVdgBody@@@Z 100058f0 f   NewtonClass.obj
 0001:00004920       ?DestroyBodies@NewtonDeadBodies@@QAEXAAVNewton@@@Z 10005920 f   NewtonClass.obj
 0001:000049a0       ?UpdatePhysics@Newton@@QAEXN@Z 100059a0 f   NewtonClass.obj
 0001:000049e0       ?GetShapeFromCollision@NewtonMeshEffectBuilder@@SAXPAXHPBNH@Z 100059e0 f i NewtonMeshEffect.obj
 0001:00004ac0       ?BeginPolygon@NewtonMeshEffect@@QAEXXZ 10005ac0 f   NewtonMeshEffect.obj
 0001:00004ad0       ?AddVertex@NewtonMeshEffect@@AAEXPBNH@Z 10005ad0 f   NewtonMeshEffect.obj
 0001:00004c30       ?AddPolygon@NewtonMeshEffect@@QAEXHPBNHH@Z 10005c30 f   NewtonMeshEffect.obj
 0001:00004cb0       ?GetVertexStreams@NewtonMeshEffect@@QAEXHPANH0H0@Z 10005cb0 f   NewtonMeshEffect.obj
 0001:00004d70       ?GetIndirectVertexStreams@NewtonMeshEffect@@QAEXHPANPAH1H011H011@Z 10005d70 f   NewtonMeshEffect.obj
 0001:00004f50       ?GetNextMaterial@NewtonMeshEffect@@QAEHH@Z 10005f50 f   NewtonMeshEffect.obj
 0001:00004f80       ?GetMaterialGetIndexStream@NewtonMeshEffect@@QAEXHPAH@Z 10005f80 f   NewtonMeshEffect.obj
 0001:00004ff0       ?GetMaterialGetIndexStreamShort@NewtonMeshEffect@@QAEXHPAF@Z 10005ff0 f   NewtonMeshEffect.obj
 0001:00005060       ?CreateConvexAproximationCollision@NewtonMeshEffect@@QBEPAVdgCollision@@NH@Z 10006060 f   NewtonMeshEffect.obj
 0001:00005090       ??Y?$dgTemplateVector@N@@QAEAAV0@ABV0@@Z 10006090 f i NewtonMeshEffect.obj
 0001:000050c0       ??0NewtonMeshEffect@@QAE@_N@Z 100060c0 f   NewtonMeshEffect.obj
 0001:00005120       ??_GNewtonMeshEffect@@UAEPAXI@Z 10006120 f i NewtonMeshEffect.obj
 0001:00005120       ??_ENewtonMeshEffect@@UAEPAXI@Z 10006120 f i NewtonMeshEffect.obj
 0001:00005170       ?EndPolygon@NewtonMeshEffect@@QAEXXZ 10006170 f   NewtonMeshEffect.obj
 0001:00005340       ?CreateConvexCollision@NewtonMeshEffect@@QBEPAVdgCollision@@N@Z 10006340 f   NewtonMeshEffect.obj
 0001:000053a0       ??0NewtonMeshEffect@@QAE@PAVdgCollision@@@Z 100063a0 f   NewtonMeshEffect.obj
 0001:00005630       ?GetAttriubeArray@NewtonMeshEffect@@AAEXPAUdgVertexAtribute@1@@Z 10006630 f   NewtonMeshEffect.obj
 0001:000056c0       ?ApplyAttriubeArray@NewtonMeshEffect@@AAEXPAUdgVertexAtribute@1@@Z 100066c0 f   NewtonMeshEffect.obj
 0001:00005780       ?GetOrigin@NewtonMeshEffect@@ABE?AVdgVector@@XZ 10006780 f   NewtonMeshEffect.obj
 0001:00005850       ?FixCylindricalMapping@NewtonMeshEffect@@ABEXPAUdgVertexAtribute@1@@Z 10006850 f   NewtonMeshEffect.obj
 0001:000059a0       ?SphericalMapping@NewtonMeshEffect@@QAEXH@Z 100069a0 f   NewtonMeshEffect.obj
 0001:00005b70       ?CylindricalMapping@NewtonMeshEffect@@QAEXHH@Z 10006b70 f   NewtonMeshEffect.obj
 0001:00005ed0       ?BoxMapping@NewtonMeshEffect@@QAEXHHH@Z 10006ed0 f   NewtonMeshEffect.obj
 0001:00006190       ?CalcualetNormals@NewtonMeshEffect@@QAEXN@Z 10007190 f   NewtonMeshEffect.obj
 0001:00006550       ?GetFirstMaterial@NewtonMeshEffect@@QAEHXZ 10007550 f   NewtonMeshEffect.obj
 0001:00006750       ?CapClipFace@NewtonMeshEffect@@AAE_NABVdgPlane@@ABVdgMatrix@@HH@Z 10007750 f   NewtonMeshEffect.obj
 0001:00006980       ?PlaneClip@NewtonMeshEffect@@QAEHABVdgPlane@@ABVdgMatrix@@PAPAV1@HH@Z 10007980 f   NewtonMeshEffect.obj
 0001:00007490       ?ModifierGetMatrix@dgCollision@@UBE?AVdgMatrix@@XZ 10008490 f i physics_2009:dgWorld.obj
 0001:000074b0       ?Release@dgCollision@@UAEHXZ 100084b0 f i physics_2009:dgWorld.obj
 0001:000074d0       ?GetSentinelBody@dgWorld@@QBEPAVdgBody@@XZ 100084d0 f   physics_2009:dgWorld.obj
 0001:000074e0       ?SetFrictionMode@dgWorld@@QAEXH@Z 100084e0 f   physics_2009:dgWorld.obj
 0001:000074f0       ?SetHardwareMode@dgWorld@@QAEXH@Z 100084f0 f   physics_2009:dgWorld.obj
 0001:00007530       ?GetHardwareMode@dgWorld@@QAEHPAD@Z 10008530 f   physics_2009:dgWorld.obj
 0001:00007590       ?ThreadExecute@dgSetTrreadRoundMode@dgWorld@@UAEXXZ 10008590 f   physics_2009:dgWorld.obj
 0001:000075b0       ?SetThreadsCount@dgWorld@@QAEXH@Z 100085b0 f   physics_2009:dgWorld.obj
 0001:000075f0       ?GetThreadsCount@dgWorld@@QBEHXZ 100085f0 f   physics_2009:dgWorld.obj
 0001:00007600       ?EnableThreadOnSingleIsland@dgWorld@@QAEXH@Z 10008600 f   physics_2009:dgWorld.obj
 0001:00007620       ?DestroyConstraint@dgWorld@@QAEXPAVdgConstraint@@@Z 10008620 f   physics_2009:dgWorld.obj
 0001:00007640       ?UpdateCollision@dgWorld@@QAEXXZ 10008640 f   physics_2009:dgWorld.obj
 0001:000076b0       ?Update@dgWorld@@QAEXN@Z   100086b0 f   physics_2009:dgWorld.obj
 0001:00007740       ?SetPerfomanceCounter@dgWorld@@QAEXP6AIXZ@Z 10008740 f   physics_2009:dgWorld.obj
 0001:00007770       ?SetUserData@dgWorld@@QAEXPAX@Z 10008770 f   physics_2009:dgWorld.obj
 0001:00007780       ?GetUserData@dgWorld@@QBEPAXXZ 10008780 f   physics_2009:dgWorld.obj
 0001:00007790       ?SetIslandUpdateCallback@dgWorld@@QAEXP6AIPAXH@Z@Z 10008790 f   physics_2009:dgWorld.obj
 0001:000077a0       ?SetLeavingWorldCallback@dgWorld@@QAEXP6AXPAVdgBody@@H@Z@Z 100087a0 f   physics_2009:dgWorld.obj
 0001:000077b0       ?CreateBallConstraint@dgWorld@@QAEPAVdgBallConstraint@@ABVdgVector@@PAVdgBody@@1@Z 100087b0 f   physics_2009:dgWorld.obj
 0001:00007800       ?CreateHingeConstraint@dgWorld@@QAEPAVdgHingeConstraint@@ABVdgVector@@0PAVdgBody@@1@Z 10008800 f   physics_2009:dgWorld.obj
 0001:00007850       ?CreateUpVectorConstraint@dgWorld@@QAEPAVdgUpVectorConstraint@@ABVdgVector@@PAVdgBody@@@Z 10008850 f   physics_2009:dgWorld.obj
 0001:000078a0       ?CreateSlidingConstraint@dgWorld@@QAEPAVdgSlidingConstraint@@ABVdgVector@@0PAVdgBody@@1@Z 100088a0 f   physics_2009:dgWorld.obj
 0001:000078f0       ?CreateCorkscrewConstraint@dgWorld@@QAEPAVdgCorkscrewConstraint@@ABVdgVector@@0PAVdgBody@@1@Z 100088f0 f   physics_2009:dgWorld.obj
 0001:00007940       ?CreateUniversalConstraint@dgWorld@@QAEPAVdgUniversalConstraint@@ABVdgVector@@00PAVdgBody@@1@Z 10008940 f   physics_2009:dgWorld.obj
 0001:000079a0       ?GetConstraintsCount@dgWorld@@QBEHXZ 100089a0 f   physics_2009:dgWorld.obj
 0001:000079b0       ?AddBodyImpulse@dgWorld@@QAEXPAVdgBody@@ABVdgVector@@1@Z 100089b0 f   physics_2009:dgWorld.obj
 0001:000079e0       ??_GdgParallelSolverUpdateVeloc@@UAEPAXI@Z 100089e0 f i physics_2009:dgWorld.obj
 0001:000079e0       ??_EdgParallelSolverClear@@UAEPAXI@Z 100089e0 f i physics_2009:dgWorld.obj
 0001:000079e0       ??_GdgParallelSolverBuildJacobianMatrix@@UAEPAXI@Z 100089e0 f i physics_2009:dgWorld.obj
 0001:000079e0       ??_GdgBroadPhaseMaterialCallbackWorkerThread@@UAEPAXI@Z 100089e0 f i physics_2009:dgBroadPhaseCollision.obj
 0001:000079e0       ??_GdgParallelSolverInitFeedbackUpdate@@UAEPAXI@Z 100089e0 f i physics_2009:dgWorld.obj
 0001:000079e0       ??_EdgParallelSolverJointAcceleration@@UAEPAXI@Z 100089e0 f i physics_2009:dgWorld.obj
 0001:000079e0       ??_EdgParallelSolverBuildJacobianMatrix@@UAEPAXI@Z 100089e0 f i physics_2009:dgWorld.obj
 0001:000079e0       ??_EdgSetTrreadRoundMode@dgWorld@@UAEPAXI@Z 100089e0 f i physics_2009:dgWorld.obj
 0001:000079e0       ??_EdgBroadPhaseCalculateContactsWorkerThread@@UAEPAXI@Z 100089e0 f i physics_2009:dgBroadPhaseCollision.obj
 0001:000079e0       ??_GdgParallelSolverUpdateForce@@UAEPAXI@Z 100089e0 f i physics_2009:dgWorld.obj
 0001:000079e0       ??_GdgSetTrreadRoundMode@dgWorld@@UAEPAXI@Z 100089e0 f i physics_2009:dgWorld.obj
 0001:000079e0       ??_GdgBroadPhaseCellPairsWorkerThread@@UAEPAXI@Z 100089e0 f i physics_2009:dgBroadPhaseCollision.obj
 0001:000079e0       ??_GdgWorkerThread@@UAEPAXI@Z 100089e0 f i physics_2009:dgWorld.obj
 0001:000079e0       ??_EdgParallelSolverUpdateVeloc@@UAEPAXI@Z 100089e0 f i physics_2009:dgWorld.obj
 0001:000079e0       ??_EdgBroadPhaseCellPairsWorkerThread@@UAEPAXI@Z 100089e0 f i physics_2009:dgBroadPhaseCollision.obj
 0001:000079e0       ??_GdgBroadPhaseApplyExternalForce@@UAEPAXI@Z 100089e0 f i physics_2009:dgBroadPhaseCollision.obj
 0001:000079e0       ??_EdgParallelSolverInitInternalForces@@UAEPAXI@Z 100089e0 f i physics_2009:dgWorld.obj
 0001:000079e0       ??_GdgParallelSolverBuildJacobianRows@@UAEPAXI@Z 100089e0 f i physics_2009:dgWorld.obj
 0001:000079e0       ??_EdgParallelSolverInitFeedbackUpdate@@UAEPAXI@Z 100089e0 f i physics_2009:dgWorld.obj
 0001:000079e0       ??_EdgBroadPhaseMaterialCallbackWorkerThread@@UAEPAXI@Z 100089e0 f i physics_2009:dgBroadPhaseCollision.obj
 0001:000079e0       ??_GdgParallelSolverCalculateForces@@UAEPAXI@Z 100089e0 f i physics_2009:dgWorld.obj
 0001:000079e0       ??_GdgParallelSolverClear@@UAEPAXI@Z 100089e0 f i physics_2009:dgWorld.obj
 0001:000079e0       ??_GdgParallelSolverJointAcceleration@@UAEPAXI@Z 100089e0 f i physics_2009:dgWorld.obj
 0001:000079e0       ??_EdgWorkerThread@@UAEPAXI@Z 100089e0 f i physics_2009:dgWorld.obj
 0001:000079e0       ??_EdgParallelSolverBuildJacobianRows@@UAEPAXI@Z 100089e0 f i physics_2009:dgWorld.obj
 0001:000079e0       ??_EdgSolverWorlkerThreads@@UAEPAXI@Z 100089e0 f i physics_2009:dgWorld.obj
 0001:000079e0       ??_GdgParallelSolverInitInternalForces@@UAEPAXI@Z 100089e0 f i physics_2009:dgWorld.obj
 0001:000079e0       ??_EdgParallelSolverUpdateForce@@UAEPAXI@Z 100089e0 f i physics_2009:dgWorld.obj
 0001:000079e0       ??_EdgParallelSolverBodyInertia@@UAEPAXI@Z 100089e0 f i physics_2009:dgWorld.obj
 0001:000079e0       ??_GdgSolverWorlkerThreads@@UAEPAXI@Z 100089e0 f i physics_2009:dgWorld.obj
 0001:000079e0       ??_GdgParallelSolverBodyInertia@@UAEPAXI@Z 100089e0 f i physics_2009:dgWorld.obj
 0001:000079e0       ??_EdgParallelSolverCalculateForces@@UAEPAXI@Z 100089e0 f i physics_2009:dgWorld.obj
 0001:000079e0       ??_EdgBroadPhaseApplyExternalForce@@UAEPAXI@Z 100089e0 f i physics_2009:dgBroadPhaseCollision.obj
 0001:000079e0       ??_GdgBroadPhaseCalculateContactsWorkerThread@@UAEPAXI@Z 100089e0 f i physics_2009:dgBroadPhaseCollision.obj
 0001:00007a00       ??_GdgCollisionPoint@@UAEPAXI@Z 10008a00 f i physics_2009:dgWorld.obj
 0001:00007a00       ??_EdgCollisionPoint@@UAEPAXI@Z 10008a00 f i physics_2009:dgWorld.obj
 0001:00007a20       ?SetSolverMode@dgWorld@@QAEXH@Z 10008a20 f   physics_2009:dgWorld.obj
 0001:00007a40       ?RemoveAllGroupID@dgWorld@@QAEXXZ 10008a40 f   physics_2009:dgWorld.obj
 0001:00007a90       ?DestroyBody@dgWorld@@QAEXPAVdgBody@@@Z 10008a90 f   physics_2009:dgWorld.obj
 0001:00007ae0       ?GetPerfomanceTicks@dgWorld@@QBEIHI@Z 10008ae0 f   physics_2009:dgWorld.obj
 0001:00007b20       ?GetBodiesCount@dgWorld@@QBEHXZ 10008b20 f   physics_2009:dgWorld.obj
 0001:00007b30       ?AreBodyConnectedByJoints@dgWorld@@AAE_NPAVdgBody@@0@Z 10008b30 f   physics_2009:dgWorld.obj
 0001:00007c10       ?FlushCache@dgWorld@@QAEXXZ 10008c10 f   physics_2009:dgWorld.obj
 0001:00007c60       ??0dgWorldDynamicUpdate@@QAE@XZ 10008c60 f i physics_2009:dgWorld.obj
 0001:000080c0       ??1dgWorldDynamicUpdate@@QAE@XZ 100090c0 f i physics_2009:dgWorld.obj
 0001:00008220       ?DestroyAllBodies@dgWorld@@QAEXXZ 10009220 f   physics_2009:dgWorld.obj
 0001:00008280       ?CreateBody@dgWorld@@QAEPAVdgBody@@PAVdgCollision@@@Z 10009280 f   physics_2009:dgWorld.obj
 0001:000083d0       ?BodySetMatrix@dgWorld@@QAEXPAVdgBody@@ABVdgMatrix@@@Z 100093d0 f   physics_2009:dgWorld.obj
 0001:00008630       ?RemoveAll@?$dgList@PAVdgContact@@@@QAEXXZ 10009630 f i physics_2009:dgWorld.obj
 0001:00008630       ?RemoveAll@?$dgList@PAVdgEdge@@@@QAEXXZ 10009630 f i corelib_2009:dgPolyhedra.obj
 0001:00008690       ??1dgWorld@@QAE@XZ         10009690 f   physics_2009:dgWorld.obj
 0001:000087e0       ??0dgWorld@@QAE@XZ         100097e0 f   physics_2009:dgWorld.obj
 0001:00008c90       ?GetIslandBody@dgWorld@@QBEPAVdgBody@@PBXH@Z 10009c90 f   physics_2009:dgWorldDynamicUpdate.obj
 0001:00008cc0       ?SortIslands@dgWorldDynamicUpdate@@AAEXXZ 10009cc0 f   physics_2009:dgWorldDynamicUpdate.obj
 0001:00008f30       ?ReallocBodyMemory@dgWorldDynamicUpdate@@AAEXH@Z 10009f30 f   physics_2009:dgWorldDynamicUpdate.obj
 0001:00008ff0       ?ReallocIslandMemory@dgWorldDynamicUpdate@@AAEXH@Z 10009ff0 f   physics_2009:dgWorldDynamicUpdate.obj
 0001:000090b0       ?ReallocJointsMemory@dgWorldDynamicUpdate@@AAEXH@Z 1000a0b0 f   physics_2009:dgWorldDynamicUpdate.obj
 0001:000091b0       ?ReallocJacobiansMemory@dgWorldDynamicUpdate@@AAEXHH@Z 1000a1b0 f   physics_2009:dgWorldDynamicUpdate.obj
 0001:00009450       ?ReallocIntenalForcesMemory@dgWorldDynamicUpdate@@AAEXHH@Z 1000a450 f   physics_2009:dgWorldDynamicUpdate.obj
 0001:00009570       ?GetJacobialDerivativesParallel@dgWorldDynamicUpdate@@AAEHABVdgIsland@@_NHN@Z 1000a570 f   physics_2009:dgWorldDynamicUpdate.obj
 0001:00009670       ?ThreadExecute@dgParallelSolverJointAcceleration@@UAEXXZ 1000a670 f   physics_2009:dgWorldDynamicUpdate.obj
 0001:00009830       ?ThreadExecute@dgParallelSolverInitFeedbackUpdate@@UAEXXZ 1000a830 f   physics_2009:dgWorldDynamicUpdate.obj
 0001:000099b0       ?SpanningTree@dgWorldDynamicUpdate@@AAEXPAVdgBody@@@Z 1000a9b0 f   physics_2009:dgWorldDynamicUpdate.obj
 0001:00009d70       ?IntegrateArray@dgWorldDynamicUpdate@@ABEXPBVdgBodyInfo@@HNNH_N@Z 1000ad70 f   physics_2009:dgWorldDynamicUpdate.obj
 0001:0000a3d0       ?SortJointsArray@dgJacobianMemory@@QBEHXZ 1000b3d0 f   physics_2009:dgWorldDynamicUpdate.obj
 0001:0000a730       ?ApplyExternalForcesAndAcceleration@dgJacobianMemory@@QBEXN@Z 1000b730 f   physics_2009:dgWorldDynamicUpdate.obj
 0001:0000b350       ?SwapRows@dgJacobianMemory@@QBEXHH@Z 1000c350 f   physics_2009:dgWorldDynamicUpdate.obj
 0001:0000b4e0       ?CalculateSimpleBodyReactionsForces@dgJacobianMemory@@QBEXN@Z 1000c4e0 f   physics_2009:dgWorldDynamicUpdate.obj
 0001:0000d6e0       ?CalculateJointForces@dgJacobianMemory@@QBENHPANN@Z 1000e6e0 f   physics_2009:dgWorldDynamicUpdate.obj
 0001:0000eff0       ?CalculateForcesGameMode@dgJacobianMemory@@QBEXHN@Z 1000fff0 f   physics_2009:dgWorldDynamicUpdate.obj
 0001:000106a0       ?ThreadExecute@dgParallelSolverBuildJacobianRows@@UAEXXZ 100116a0 f   physics_2009:dgWorldDynamicUpdate.obj
 0001:00010ba0       ?BuildJacobianMatrixParallel@dgWorldDynamicUpdate@@AAEXABVdgIsland@@NH@Z 10011ba0 f   physics_2009:dgWorldDynamicUpdate.obj
 0001:00010ee0       ?ThreadExecute@dgParallelSolverClear@@UAEXXZ 10011ee0 f   physics_2009:dgWorldDynamicUpdate.obj
 0001:00011030       ?ThreadExecute@dgParallelSolverInitInternalForces@@UAEXXZ 10012030 f   physics_2009:dgWorldDynamicUpdate.obj
 0001:00011940       ?ThreadExecute@dgParallelSolverUpdateVeloc@@UAEXXZ 10012940 f   physics_2009:dgWorldDynamicUpdate.obj
 0001:00011b30       ?ThreadExecute@dgParallelSolverUpdateForce@@UAEXXZ 10012b30 f   physics_2009:dgWorldDynamicUpdate.obj
 0001:00011ea0       ?ThreadExecute@dgParallelSolverCalculateForces@@UAEXXZ 10012ea0 f   physics_2009:dgWorldDynamicUpdate.obj
 0001:000123e0       ?CalculateForcesGameModeParallel@dgJacobianMemory@@QBEXHNH@Z 100133e0 f   physics_2009:dgWorldDynamicUpdate.obj
 0001:00012bd0       ?AddDamingAcceleration@dgBody@@AAEXXZ 10013bd0 f i physics_2009:dgWorldDynamicUpdate.obj
 0001:00012d00       ?CalculateForcesSimulationMode@dgJacobianMemory@@QBEXN@Z 10013d00 f   physics_2009:dgWorldDynamicUpdate.obj
 0001:00016df0       ?ThreadExecute@dgParallelSolverBodyInertia@@UAEXXZ 10017df0 f   physics_2009:dgWorldDynamicUpdate.obj
 0001:00016ea0       ?UpdateDynamics@dgWorldDynamicUpdate@@AAEXPAVdgWorld@@HN@Z 10017ea0 f   physics_2009:dgWorldDynamicUpdate.obj
 0001:000172f0       ?ThreadExecute@dgParallelSolverBuildJacobianMatrix@@UAEXXZ 100182f0 f   physics_2009:dgWorldDynamicUpdate.obj
 0001:00017950       ?GetJacobialDerivatives@dgWorldDynamicUpdate@@AAEHABVdgIsland@@H_NHN@Z 10018950 f   physics_2009:dgWorldDynamicUpdate.obj
 0001:00017f20       ?BuildJacobianMatrix@dgWorldDynamicUpdate@@AAEXABVdgIsland@@HN@Z 10018f20 f   physics_2009:dgWorldDynamicUpdate.obj
 0001:000185a0       ?ThreadExecute@dgSolverWorlkerThreads@@UAEXXZ 100195a0 f   physics_2009:dgWorldDynamicUpdate.obj
 0001:00018e40       ?CreateConvexModifier@dgWorld@@QAEPAVdgCollision@@PAV2@@Z 10019e40 f   physics_2009:dgNarrowPhaseCollision.obj
 0001:00018e90       ?CreateCompoundCollision@dgWorld@@QAEPAVdgCollision@@HQBQAV2@@Z 10019e90 f   physics_2009:dgNarrowPhaseCollision.obj
 0001:00018ec0       ?CreateBVH@dgWorld@@QAEPAVdgCollision@@XZ 10019ec0 f   physics_2009:dgNarrowPhaseCollision.obj
 0001:00018ee0       ?CreateStaticUserMesh@dgWorld@@QAEPAVdgCollision@@ABVdgVector@@0ABVdgUserMeshCreation@@@Z 10019ee0 f   physics_2009:dgNarrowPhaseCollision.obj
 0001:00018f00       ?CreateBVHFieldCollision@dgWorld@@QAEPAVdgCollision@@HHHPAGPADNN@Z 10019f00 f   physics_2009:dgNarrowPhaseCollision.obj
 0001:00018f60       ?CreateScene@dgWorld@@QAEPAVdgCollision@@XZ 10019f60 f   physics_2009:dgNarrowPhaseCollision.obj
 0001:00018f90       ?Serialize@dgWorld@@QBEXPAVdgCollision@@P6AXPAXPBXI@Z1@Z 10019f90 f   physics_2009:dgNarrowPhaseCollision.obj
 0001:00019000       ?GetDefualtBodyGroupID@dgWorld@@QBEIXZ 1001a000 f   physics_2009:dgNarrowPhaseCollision.obj
 0001:00019010       ?GetFirstMaterial@dgWorld@@QBEPAVdgContactMaterial@@XZ 1001a010 f   physics_2009:dgNarrowPhaseCollision.obj
 0001:00019030       ?GetNextMaterial@dgWorld@@QBEPAVdgContactMaterial@@PAV2@@Z 1001a030 f   physics_2009:dgNarrowPhaseCollision.obj
 0001:00019060       ?SortContacts@dgWorld@@ABEXQAVdgContactPoint@@H@Z 1001a060 f   physics_2009:dgNarrowPhaseCollision.obj
 0001:00019240       ?ReduceContacts@dgWorld@@ABEHHQAVdgContactPoint@@HNH@Z 1001a240 f   physics_2009:dgNarrowPhaseCollision.obj
 0001:000193d0       ?PruneContacts@dgWorld@@ABEHHQAVdgContactPoint@@H@Z 1001a3d0 f   physics_2009:dgNarrowPhaseCollision.obj
 0001:00019550       ?ProcessCachedContacts@dgWorld@@ABEXPAVdgContact@@PBVdgContactMaterial@@NH@Z 1001a550 f   physics_2009:dgNarrowPhaseCollision.obj
 0001:00019660       ?ProcessTriggers@dgWorld@@AAEXAAUdgPair@dgCollidingPairCollector@@NH@Z 1001a660 f   physics_2009:dgNarrowPhaseCollision.obj
 0001:00019740       ?ValidateContactCache@dgWorld@@ABEHPAVdgBody@@0PAVdgContact@@@Z 1001a740 f   physics_2009:dgNarrowPhaseCollision.obj
 0001:00019c60       ?CompoundContactsSimd@dgWorld@@ABEXQAUdgPair@dgCollidingPairCollector@@AAVdgCollisionParamProxi@@@Z 1001ac60 f   physics_2009:dgNarrowPhaseCollision.obj
 0001:0001a440       ?CompoundContacts@dgWorld@@ABEXQAUdgPair@dgCollidingPairCollector@@AAVdgCollisionParamProxi@@@Z 1001b440 f   physics_2009:dgNarrowPhaseCollision.obj
 0001:0001b060       ?ConvexContactsSimd@dgWorld@@ABEXQAUdgPair@dgCollidingPairCollector@@AAVdgCollisionParamProxi@@@Z 1001c060 f   physics_2009:dgNarrowPhaseCollision.obj
 0001:0001b180       ?ConvexContacts@dgWorld@@ABEXQAUdgPair@dgCollidingPairCollector@@AAVdgCollisionParamProxi@@@Z 1001c180 f   physics_2009:dgNarrowPhaseCollision.obj
 0001:0001b2a0       ?SceneContacts@dgWorld@@ABEXABUdgProxy@dgCollisionScene@@QAUdgPair@dgCollidingPairCollector@@AAVdgCollisionParamProxi@@@Z 1001c2a0 f   physics_2009:dgNarrowPhaseCollision.obj
 0001:0001b370       ?SceneContacts@dgWorld@@ABEXQAUdgPair@dgCollidingPairCollector@@AAVdgCollisionParamProxi@@@Z 1001c370 f   physics_2009:dgNarrowPhaseCollision.obj
 0001:0001b410       ?SceneContactsSimd@dgWorld@@ABEXQAUdgPair@dgCollidingPairCollector@@AAVdgCollisionParamProxi@@@Z 1001c410 f   physics_2009:dgNarrowPhaseCollision.obj
 0001:0001b4b0       ?Append@?$dgList@VdgContactMaterial@@@@QAEPAVdgListNode@1@XZ 1001c4b0 f i physics_2009:dgNarrowPhaseCollision.obj
 0001:0001b560       ?Find@?$dgTree@VdgContactMaterial@@I@@QBEPAVdgTreeNode@1@I@Z 1001c560 f i physics_2009:dgNarrowPhaseCollision.obj
 0001:0001b590       ?GetMaterial@dgWorld@@QBEPAVdgContactMaterial@@II@Z 1001c590 f   physics_2009:dgNarrowPhaseCollision.obj
 0001:0001b5e0       ?RemoveFromCache@dgWorld@@QAEXPAVdgCollision@@@Z 1001c5e0 f   physics_2009:dgNarrowPhaseCollision.obj
 0001:0001b640       ?ReleaseCollision@dgWorld@@QAEXPAVdgCollision@@@Z 1001c640 f   physics_2009:dgNarrowPhaseCollision.obj
 0001:0001b6b0       ?ClosestCompoundPoint@dgWorld@@ABEHPAVdgBody@@0AAVdgTriplex@@11H@Z 1001c6b0 f   physics_2009:dgNarrowPhaseCollision.obj
 0001:0001bb40       ?CalculateContactsSimd@dgWorld@@AAEXQAUdgPair@dgCollidingPairCollector@@NH@Z 1001cb40 f   physics_2009:dgNarrowPhaseCollision.obj
 0001:0001bce0       ?CalculateContacts@dgWorld@@AAEXQAUdgPair@dgCollidingPairCollector@@NH@Z 1001cce0 f   physics_2009:dgNarrowPhaseCollision.obj
 0001:0001bea0       ?CollideContinueSimd@dgWorld@@QAEHPAVdgCollision@@ABVdgMatrix@@ABVdgVector@@20122AANPAVdgTriplex@@4PANHH@Z 1001cea0 f   physics_2009:dgNarrowPhaseCollision.obj
 0001:0001c4f0       ?CollideContinue@dgWorld@@QAEHPAVdgCollision@@ABVdgMatrix@@ABVdgVector@@20122AANPAVdgTriplex@@4PANHH@Z 1001d4f0 f   physics_2009:dgNarrowPhaseCollision.obj
 0001:0001cb40       ?Collide@dgWorld@@QAEHPAVdgCollision@@ABVdgMatrix@@01PAVdgTriplex@@2PANHH@Z 1001db40 f   physics_2009:dgNarrowPhaseCollision.obj
 0001:0001cfc0       ?ClosestPoint@dgWorld@@QBEHPAVdgCollision@@ABVdgMatrix@@01AAVdgTriplex@@22H@Z 1001dfc0 f   physics_2009:dgNarrowPhaseCollision.obj
 0001:0001d2a0       ?ProcessContacts@dgWorld@@AAEXAAUdgPair@dgCollidingPairCollector@@NH@Z 1001e2a0 f   physics_2009:dgNarrowPhaseCollision.obj
 0001:0001ddd0       ?Insert@?$dgTree@VdgContactMaterial@@I@@QAEPAVdgTreeNode@1@ABVdgContactMaterial@@IAA_N@Z 1001edd0 f i physics_2009:dgNarrowPhaseCollision.obj
 0001:0001deb0       ?ClosestPoint@dgWorld@@QBEHAAVdgTriplex@@PAVdgCollision@@ABVdgMatrix@@00H@Z 1001eeb0 f   physics_2009:dgNarrowPhaseCollision.obj
 0001:0001df30       ?Insert@?$dgTree@PAVdgCollision@@I@@QAEPAVdgTreeNode@1@ABQAVdgCollision@@I@Z 1001ef30 f i physics_2009:dgNarrowPhaseCollision.obj
 0001:0001df50       ?CreateNull@dgWorld@@QAEPAVdgCollision@@XZ 1001ef50 f   physics_2009:dgNarrowPhaseCollision.obj
 0001:0001dfe0       ?CreateBox@dgWorld@@QAEPAVdgCollision@@NNNABVdgMatrix@@@Z 1001efe0 f   physics_2009:dgNarrowPhaseCollision.obj
 0001:0001e140       ?CreateSphere@dgWorld@@QAEPAVdgCollision@@NABVdgMatrix@@@Z 1001f140 f   physics_2009:dgNarrowPhaseCollision.obj
 0001:0001e240       ?CreateEllipse@dgWorld@@QAEPAVdgCollision@@NNNABVdgMatrix@@@Z 1001f240 f   physics_2009:dgNarrowPhaseCollision.obj
 0001:0001e380       ?CreateCapsule@dgWorld@@QAEPAVdgCollision@@NNABVdgMatrix@@@Z 1001f380 f   physics_2009:dgNarrowPhaseCollision.obj
 0001:0001e4b0       ?CreateCone@dgWorld@@QAEPAVdgCollision@@NNABVdgMatrix@@@Z 1001f4b0 f   physics_2009:dgNarrowPhaseCollision.obj
 0001:0001e5e0       ?CreateCylinder@dgWorld@@QAEPAVdgCollision@@NNABVdgMatrix@@@Z 1001f5e0 f   physics_2009:dgNarrowPhaseCollision.obj
 0001:0001e710       ?CreateChamferCylinder@dgWorld@@QAEPAVdgCollision@@NNABVdgMatrix@@@Z 1001f710 f   physics_2009:dgNarrowPhaseCollision.obj
 0001:0001e840       ?CreateConvexHull@dgWorld@@QAEPAVdgCollision@@HPBNHNABVdgMatrix@@@Z 1001f840 f   physics_2009:dgNarrowPhaseCollision.obj
 0001:0001ea00       ?CreateFromSerialization@dgWorld@@QAEPAVdgCollision@@P6AXPAX0I@Z0@Z 1001fa00 f   physics_2009:dgNarrowPhaseCollision.obj
 0001:0001ed40       ?CreateBodyGroupID@dgWorld@@QAEIXZ 1001fd40 f   physics_2009:dgNarrowPhaseCollision.obj
 0001:0001edc0       ?CalculateSignature@dgCollisionConvexPolygon@dgCollisionMesh@@UBEHXZ 1001fdc0 f   physics_2009:dgCollisionMesh.obj
 0001:0001edd0       ?RayCast@dgCollisionConvexPolygon@dgCollisionMesh@@UBENABVdgVector@@0AAVdgContactPoint@@P6AIPBVdgBody@@PBVdgCollision@@PAX@Z24@Z 1001fdd0 f   physics_2009:dgCollisionMesh.obj
 0001:0001edd0       ?RayCastSimd@dgCollision@@UBENABVdgVector@@0AAVdgContactPoint@@P6AIPBVdgBody@@PBV1@PAX@Z24@Z 1001fdd0 f   physics_2009:dgCollision.obj
 0001:0001ede0       ??1dgCollisionMesh@@UAE@XZ 1001fde0 f   physics_2009:dgCollisionMesh.obj
 0001:0001ee20       ?CalculateSignature@dgCollisionMesh@@EBEHXZ 1001fe20 f   physics_2009:dgCollisionMesh.obj
 0001:0001ee20       ?GetUserData@dgCollision@@UBEPAXXZ 1001fe20 f   physics_2009:dgCollision.obj
 0001:0001ee20       ?GetPerformanceCount@dgWorld@@CAIXZ 1001fe20 f   physics_2009:dgWorld.obj
 0001:0001ee20       ?GetUserData@dgCollisionMesh@@UBEPAXXZ 1001fe20 f   physics_2009:dgCollisionMesh.obj
 0001:0001ee20       ?CalculateSignature@dgCollisionScene@@EBEHXZ 1001fe20 f   physics_2009:dgCollisionScene.obj
 0001:0001ee20       ?CalculateSignature@dgCollisionConvexModifier@@EBEHXZ 1001fe20 f   physics_2009:dgCollisionConvexModifier.obj
 0001:0001ee20       ?dgGetCpuType@@YA?AW4dgCpuClass@@XZ 1001fe20 f   corelib_2009:dgTypes.obj
 0001:0001ee20       ?CalculateSignature@dgCompoundCollision@@EBEHXZ 1001fe20 f   physics_2009:dgCompoundCollision.obj
 0001:0001ee30       ?SetCollisionCallback@dgCollisionMesh@@QAEXP6AXPBVdgBody@@0HHPBNH@Z@Z 1001fe30 f   physics_2009:dgCollisionMesh.obj
 0001:0001ee40       ?SetCollisionRayCastCallback@dgCollisionMesh@@QAEXP6ANNPANHPAX@Z@Z 1001fe40 f   physics_2009:dgCollisionMesh.obj
 0001:0001ee50       ?GetCollisionInfo@dgCollisionMesh@@EBEXPAVdgCollisionInfo@@@Z 1001fe50 f   physics_2009:dgCollisionMesh.obj
 0001:0001ee50       ?SetDestructorCallback@dgContact@@EAEXP6AXAAVdgConstraint@@@Z@Z 1001fe50 f   physics_2009:dgContact.obj
 0001:0001ee50       ?JointVelocityCorrection@dgBilateralConstraint@@MAEXABVdgJointAccelerationDecriptor@@@Z 1001fe50 f   physics_2009:dgBilateralConstraint.obj
 0001:0001ee50       ?GetInfo@dgConstraint@@UBEXPAVdgConstraintInfo@@@Z 1001fe50 f   physics_2009:dgConstraint.obj
 0001:0001ee50       ?JointAccelerationsSimd@dgBilateralConstraint@@MAEXABVdgJointAccelerationDecriptor@@@Z 1001fe50 f   physics_2009:dgBilateralConstraint.obj
 0001:0001ee50       ?Remove@dgBilateralConstraint@@MAEXPAVdgWorld@@@Z 1001fe50 f   NewtonClass.obj
 0001:0001ee50       ?JointAccelerationsSimd@dgContact@@EAEXABVdgJointAccelerationDecriptor@@@Z 1001fe50 f   physics_2009:dgContact.obj
 0001:0001ee50       ?ModifierSetMatrix@dgCollision@@UAEXABVdgMatrix@@@Z 1001fe50 f   physics_2009:dgWorld.obj
 0001:0001ee50       ?SetAsTriggerVolume@dgCollision@@UAEX_N@Z 1001fe50 f   physics_2009:dgCollisionMesh.obj
 0001:0001ee50       ?JointVelocityCorrection@dgContact@@EAEXABVdgJointAccelerationDecriptor@@@Z 1001fe50 f   physics_2009:dgContact.obj
 0001:0001ee50       ?SetUserData@dgCollision@@UAEXPAX@Z 1001fe50 f   physics_2009:dgCollision.obj
 0001:0001ee60       ?SupportVertex@dgCollisionConvexPolygon@dgCollisionMesh@@UBE?AVdgVector@@ABV3@@Z 1001fe60 f   physics_2009:dgCollisionMesh.obj
 0001:0001efb0       ?CalculatePlaneIntersection@dgCollisionConvexPolygon@dgCollisionMesh@@UBEHABVdgVector@@0QAV3@@Z 1001ffb0 f   physics_2009:dgCollisionMesh.obj
 0001:0001f800       ??_EdgCollisionMesh@@UAEPAXI@Z 10020800 f i physics_2009:dgCollisionMesh.obj
 0001:0001f800       ??_GdgCollisionMesh@@UAEPAXI@Z 10020800 f i physics_2009:dgCollisionMesh.obj
 0001:0001f820       ??0dgCollisionConvexPolygon@dgCollisionMesh@@QAE@XZ 10020820 f   physics_2009:dgCollisionMesh.obj
 0001:0001f8b0       ??_GdgCollisionConvexPolygon@dgCollisionMesh@@UAEPAXI@Z 100208b0 f i physics_2009:dgCollisionMesh.obj
 0001:0001f8b0       ??_EdgCollisionConvexPolygon@dgCollisionMesh@@UAEPAXI@Z 100208b0 f i physics_2009:dgCollisionMesh.obj
 0001:0001f8d0       ?CalculateNormal@dgCollisionConvexPolygon@dgCollisionMesh@@QAEXXZ 100208d0 f   physics_2009:dgCollisionMesh.obj
 0001:0001fa10       ?ClipContacts@dgCollisionConvexPolygon@dgCollisionMesh@@QBEHHQAVdgContactPoint@@ABVdgMatrix@@@Z 10020a10 f   physics_2009:dgCollisionMesh.obj
 0001:000200e0       ?ClosestDistanceToTriangle@dgCollisionConvexPolygon@dgCollisionMesh@@QBE?AVdgVector@@ABV3@000@Z 100210e0 f   physics_2009:dgCollisionMesh.obj
 0001:00020480       ?PointToPolygonDistance@dgCollisionConvexPolygon@dgCollisionMesh@@QAE_NABVdgVector@@NAAV3@@Z 10021480 f   physics_2009:dgCollisionMesh.obj
 0001:00020680       ?MovingPointToPolygonContact@dgCollisionConvexPolygon@dgCollisionMesh@@QAENABVdgVector@@0NAAVdgContactPoint@@@Z 10021680 f   physics_2009:dgCollisionMesh.obj
 0001:00020db0       ?SetCollisionBBox@dgCollisionScene@@EAEXABVdgVector@@0@Z 10021db0 f   physics_2009:dgCollisionScene.obj
 0001:00020db0       ?SetCollisionBBox@dgCollisionMesh@@MAEXABVdgVector@@0@Z 10021db0 f   physics_2009:dgCollisionMesh.obj
 0001:00020e40       ?QuickTestContinue@dgCollisionConvexPolygon@dgCollisionMesh@@QAEHPBVdgConvexCollision@@ABVdgMatrix@@@Z 10021e40 f   physics_2009:dgCollisionMesh.obj
 0001:00021090       ?QuickTest@dgCollisionConvexPolygon@dgCollisionMesh@@QAEHPBVdgConvexCollision@@ABVdgMatrix@@@Z 10022090 f   physics_2009:dgCollisionMesh.obj
 0001:000213d0       ??0dgCollisionMesh@@QAE@W4dgCollisionID@@@Z 100223d0 f   physics_2009:dgCollisionMesh.obj
 0001:00021490       ??0dgCollisionMesh@@QAE@PAVdgWorld@@P6AXPAX1I@Z1@Z 10022490 f   physics_2009:dgCollisionMesh.obj
 0001:00021550       ??0dgCollisionBVH@@QAE@XZ  10022550 f   physics_2009:dgCollisionBVH.obj
 0001:00021590       ?Serialize@dgCollisionBVH@@EBEXP6AXPAXPBXI@Z0@Z 10022590 f   physics_2009:dgCollisionBVH.obj
 0001:000215c0       ?AddFace@dgCollisionBVH@@QAEXHQBNHH@Z 100225c0 f   physics_2009:dgCollisionBVH.obj
 0001:00021630       ?CollectVertexListIndexList@dgCollisionBVH@@CA?AW4dgIntersectStatus@@PAXQBNHQBHH@Z 10022630 f   physics_2009:dgCollisionBVH.obj
 0001:000216d0       ?GetVertexListIndexList@dgCollisionBVH@@QBEXABVdgVector@@0AAVdgGetVertexListIndexList@1@@Z 100226d0 f   physics_2009:dgCollisionBVH.obj
 0001:00021700       ?SupportVertex@dgCollisionBVH@@EBE?AVdgVector@@ABV2@@Z 10022700 f   physics_2009:dgCollisionBVH.obj
 0001:00021730       ??_EdgCollisionBVH@@WBCA@AEPAXI@Z 10022730 f i physics_2009:dgCollisionBVH.obj
 0001:00021740       ?Serialize@dgCollisionBVH@@GBCA@BEXP6AXPAXPBXI@Z0@Z 10022740 f i physics_2009:dgCollisionBVH.obj
 0001:00021750       ??_GdgCollisionBVH@@UAEPAXI@Z 10022750 f i physics_2009:dgCollisionBVH.obj
 0001:00021750       ??_EdgCollisionBVH@@UAEPAXI@Z 10022750 f i physics_2009:dgCollisionBVH.obj
 0001:00021790       ?BeginBuild@dgCollisionBVH@@QAEXXZ 10022790 f   physics_2009:dgCollisionBVH.obj
 0001:000217d0       ??0dgCollisionBVH@@QAE@PAVdgWorld@@P6AXPAX1I@Z1@Z 100227d0 f   physics_2009:dgCollisionBVH.obj
 0001:00021860       ?EndBuild@dgCollisionBVH@@QAEXH@Z 10022860 f   physics_2009:dgCollisionBVH.obj
 0001:000218f0       ?RayHitSimd@dgCollisionBVH@@CANPAXQBNHQBHH@Z 100228f0 f   physics_2009:dgCollisionBVH.obj
 0001:000219a0       ?RayHit@dgCollisionBVH@@CANPAXQBNHQBHH@Z 100229a0 f   physics_2009:dgCollisionBVH.obj
 0001:00021a50       ?RayHitUserSimd@dgCollisionBVH@@CANPAXQBNHQBHH@Z 10022a50 f   physics_2009:dgCollisionBVH.obj
 0001:00021b50       ?RayHitUser@dgCollisionBVH@@CANPAXQBNHQBHH@Z 10022b50 f   physics_2009:dgCollisionBVH.obj
 0001:00021cb0       ?RayCastSimd@dgCollisionBVH@@EBENABVdgVector@@0AAVdgContactPoint@@P6AIPBVdgBody@@PBVdgCollision@@PAX@Z24@Z 10022cb0 f   physics_2009:dgCollisionBVH.obj
 0001:00021ee0       ?RayCast@dgCollisionBVH@@EBENABVdgVector@@0AAVdgContactPoint@@P6AIPBVdgBody@@PBVdgCollision@@PAX@Z24@Z 10022ee0 f   physics_2009:dgCollisionBVH.obj
 0001:00022110       ?GetPolygon@dgCollisionBVH@@CA?AW4dgIntersectStatus@@PAXQBNHQBHH@Z 10023110 f   physics_2009:dgCollisionBVH.obj
 0001:00022530       ?GetCollidingFacesSimd@dgCollisionBVH@@EBEXQAVdgPolygonMeshDesc@@@Z 10023530 f   physics_2009:dgCollisionBVH.obj
 0001:000225a0       ?GetCollidingFaces@dgCollisionBVH@@EBEXQAVdgPolygonMeshDesc@@@Z 100235a0 f   physics_2009:dgCollisionBVH.obj
 0001:00022610       ?ShowDebugPolygon@dgCollisionBVH@@CA?AW4dgIntersectStatus@@PAXQBNHQBHH@Z 10023610 f   physics_2009:dgCollisionBVH.obj
 0001:000228a0       ?DebugCollision@dgCollisionBVH@@EBEXABVdgMatrix@@P6AXPAXHPBNH@Z1@Z 100238a0 f   physics_2009:dgCollisionBVH.obj
 0001:00022930       ??_GdgSceneNode@dgCollisionScene@@QAEPAXI@Z 10023930 f i physics_2009:dgCollisionScene.obj
 0001:00022980       ?GetBoxMaxRadius@dgCollisionMesh@@UBENXZ 10023980 f   physics_2009:dgCollisionMesh.obj
 0001:00022980       ?GetVolume@dgCollisionPoint@@UBENXZ 10023980 f   physics_2009:dgCollisionSphere.obj
 0001:00022980       ?GetVolume@dgCollisionConvexPolygon@dgCollisionMesh@@UBENXZ 10023980 f   physics_2009:dgCollisionMesh.obj
 0001:00022980       ?GetVolume@dgCollisionMesh@@UBENXZ 10023980 f   physics_2009:dgCollisionMesh.obj
 0001:00022980       ?GetVolume@dgCollisionScene@@EBENXZ 10023980 f   physics_2009:dgCollisionScene.obj
 0001:00022980       ?GetVolume@dgCollisionNull@@MBENXZ 10023980 f   physics_2009:dgCollisionNull.obj
 0001:00022980       ?GetBoxMinRadius@dgCollisionScene@@EBENXZ 10023980 f   physics_2009:dgCollisionScene.obj
 0001:00022980       ?GetBoxMaxRadius@dgCollisionConvexPolygon@dgCollisionMesh@@UBENXZ 10023980 f   physics_2009:dgCollisionMesh.obj
 0001:00022980       ?GetBoxMinRadius@dgCollisionConvexPolygon@dgCollisionMesh@@UBENXZ 10023980 f   physics_2009:dgCollisionMesh.obj
 0001:00022980       ?GetBoxMaxRadius@dgCollisionScene@@EBENXZ 10023980 f   physics_2009:dgCollisionScene.obj
 0001:00022980       ?GetBoxMinRadius@dgCollisionMesh@@UBENXZ 10023980 f   physics_2009:dgCollisionMesh.obj
 0001:00022990       ?UpdateAABB@dgSceneNode@dgCollisionScene@@QAEXABVdgVector@@0@Z 10023990 f i physics_2009:dgCollisionScene.obj
 0001:00022a30       ?Serialize@dgCollisionScene@@EBEXP6AXPAXPBXI@Z0@Z 10023a30 f   physics_2009:dgCollisionScene.obj
 0001:00022bd0       ?SetProxyMatrix@dgCollisionScene@@QAEXPAXABVdgMatrix@@@Z 10023bd0 f   physics_2009:dgCollisionScene.obj
 0001:00022c30       ?SetCollisionCallback@dgCollisionScene@@QAEXP6AXPBVdgBody@@0HHPBNH@Z@Z 10023c30 f   physics_2009:dgCollisionScene.obj
 0001:00022c70       ?DebugCollision@dgCollisionScene@@EBEXABVdgMatrix@@P6AXPAXHPBNH@Z1@Z 10023c70 f   physics_2009:dgCollisionScene.obj
 0001:00022cf0       ?GetCollisionInfo@dgCollisionScene@@EBEXPAVdgCollisionInfo@@@Z 10023cf0 f   physics_2009:dgCollisionScene.obj
 0001:00022d30       ?RemoveAll@?$dgList@UdgProxy@dgCollisionScene@@@@QAEXXZ 10023d30 f i physics_2009:dgCollisionScene.obj
 0001:00022da0       ?GetProxyMatrix@dgCollisionScene@@QAE?AVdgMatrix@@PAX@Z 10023da0 f   physics_2009:dgCollisionScene.obj
 0001:00022ef0       ?CalcAABB@dgCollisionScene@@EBEXABVdgMatrix@@AAVdgVector@@1@Z 10023ef0 f   physics_2009:dgCollisionScene.obj
 0001:00022ef0       ?CalcAABB@dgCollisionMesh@@EBEXABVdgMatrix@@AAVdgVector@@1@Z 10023ef0 f   physics_2009:dgCollisionMesh.obj
 0001:000230e0       ?CalculateVolumeIntegral@dgCollisionScene@@EBE?AVdgVector@@ABVdgMatrix@@P6AIPAX10AAVdgPlane@@@Z1@Z 100240e0 f   physics_2009:dgCollisionScene.obj
 0001:000230e0       ?CalculateVolumeIntegral@dgCollisionNull@@MBE?AVdgVector@@ABVdgMatrix@@P6AIPAX10AAVdgPlane@@@Z1@Z 100240e0 f   physics_2009:dgCollisionNull.obj
 0001:000230e0       ?CalculateVolumeIntegral@dgCollisionMesh@@EBE?AVdgVector@@ABVdgMatrix@@P6AIPAX10AAVdgPlane@@@Z1@Z 100240e0 f   physics_2009:dgCollisionMesh.obj
 0001:00023100       ?GetAxis@dgCollisionScene@@ABEHQAPAVdgListNode@?$dgList@UdgProxy@dgCollisionScene@@@@H@Z 10024100 f   physics_2009:dgCollisionScene.obj
 0001:000234c0       ?RayCastSimd@dgCollisionScene@@EBENABVdgVector@@0AAVdgContactPoint@@P6AIPBVdgBody@@PBVdgCollision@@PAX@Z24@Z 100244c0 f   physics_2009:dgCollisionScene.obj
 0001:00023940       ?RayCast@dgCollisionScene@@EBENABVdgVector@@0AAVdgContactPoint@@P6AIPBVdgBody@@PBVdgCollision@@PAX@Z24@Z 10024940 f   physics_2009:dgCollisionScene.obj
 0001:00023dc0       ?CollidePairSimd@dgCollisionScene@@QBEXQAUdgPair@dgCollidingPairCollector@@AAVdgCollisionParamProxi@@@Z 10024dc0 f   physics_2009:dgCollisionScene.obj
 0001:00023f40       ?CollidePair@dgCollisionScene@@QBEXQAUdgPair@dgCollidingPairCollector@@AAVdgCollisionParamProxi@@@Z 10024f40 f   physics_2009:dgCollisionScene.obj
 0001:000243d0       ?SortAABBBoxes@dgCollisionScene@@ABEHQAPAVdgListNode@?$dgList@UdgProxy@dgCollisionScene@@@@H@Z 100253d0 f   physics_2009:dgCollisionScene.obj
 0001:00024540       ?SortAndSpliteSplite@dgCollisionScene@@ABEHQAPAVdgListNode@?$dgList@UdgProxy@dgCollisionScene@@@@H@Z 10025540 f   physics_2009:dgCollisionScene.obj
 0001:00024760       ?BuildTree@dgCollisionScene@@AAEPAUdgSceneNode@1@PAU21@QAPAVdgListNode@?$dgList@UdgProxy@dgCollisionScene@@@@HH@Z 10025760 f   physics_2009:dgCollisionScene.obj
 0001:00024880       ??0dgListNode@?$dgList@UdgProxy@dgCollisionScene@@@@AAE@PAV01@0@Z 10025880 f i physics_2009:dgCollisionScene.obj
 0001:000248d0       ??0dgCollisionScene@@QAE@PAVdgWorld@@@Z 100258d0 f   physics_2009:dgCollisionScene.obj
 0001:00024960       ??1dgCollisionScene@@UAE@XZ 10025960 f   physics_2009:dgCollisionScene.obj
 0001:000249e0       ?Append@?$dgList@UdgProxy@dgCollisionScene@@@@QAEPAVdgListNode@1@XZ 100259e0 f i physics_2009:dgCollisionScene.obj
 0001:00024a70       ??_GdgCollisionScene@@UAEPAXI@Z 10025a70 f i physics_2009:dgCollisionScene.obj
 0001:00024a70       ??_EdgCollisionScene@@UAEPAXI@Z 10025a70 f i physics_2009:dgCollisionScene.obj
 0001:00024a90       ?AddProxy@dgCollisionScene@@QAEPAXPAVdgCollision@@@Z 10025a90 f   physics_2009:dgCollisionScene.obj
 0001:00024ae0       ?BuildTree@dgCollisionScene@@QAEXXZ 10025ae0 f   physics_2009:dgCollisionScene.obj
 0001:00024c50       ??0dgCollisionScene@@QAE@PAVdgWorld@@P6AXPAX1I@Z1@Z 10025c50 f   physics_2009:dgCollisionScene.obj
 0001:00024f00       ?SetAparentMassMatrix@dgBody@@QAEXABVdgVector@@@Z 10025f00 f   physics_2009:dgBody.obj
 0001:00024f70       _NewtonMaterialSetContactNormalDirection 10025f70 f   Newton.obj
 0001:00024f70       ??1dgBody@@QAE@XZ          10025f70 f   physics_2009:dgBody.obj
 0001:00024f70       ??1dgCollidingPairCollector@@QAE@XZ 10025f70 f   physics_2009:dgContact.obj
 0001:00024f70       ?Init@dgBilateralConstraint@@MAEXXZ 10025f70 f   NewtonClass.obj
 0001:00024f70       ?BeginFace@dgPolyhedra@@QAEXXZ 10025f70 f   corelib_2009:dgPolyhedra.obj
 0001:00024f70       ?CalcInvInertiaMatrixSimD@dgBody@@QAEXXZ 10025f70 f   physics_2009:dgBody.obj
 0001:00024f70       ??3@YAXPAX@Z               10025f70 f   NewtonStdAfx.obj
 0001:00024f80       ??DdgQuaternion@@QBE?AV0@ABV0@@Z 10025f80 f i physics_2009:dgBody.obj
 0001:00025010       ?AddBuoyancyForce@dgBody@@QAEXNNNABVdgVector@@P6AIPAX1ABVdgMatrix@@AAVdgPlane@@@Z1@Z 10026010 f   physics_2009:dgBody.obj
 0001:000252b0       ?CalcInvInertiaMatrix@dgBody@@QAEXXZ 100262b0 f   physics_2009:dgBody.obj
 0001:00025380       ?CalculateInverseDynamicForce@dgBody@@QBE?AVdgVector@@ABV2@N@Z 10026380 f   physics_2009:dgBody.obj
 0001:000253f0       ?GetFirstJoint@dgBody@@QBEPAVdgConstraint@@XZ 100263f0 f   physics_2009:dgBody.obj
 0001:00025420       ?GetNextJoint@dgBody@@QBEPAVdgConstraint@@PAV2@@Z 10026420 f   physics_2009:dgBody.obj
 0001:00025460       ?GetFirstContact@dgBody@@QBEPAVdgConstraint@@XZ 10026460 f   physics_2009:dgBody.obj
 0001:00025490       ?GetNextContact@dgBody@@QBEPAVdgConstraint@@PAV2@@Z 10026490 f   physics_2009:dgBody.obj
 0001:000254d0       ?Freeze@dgBody@@QAEXXZ     100264d0 f   physics_2009:dgBody.obj
 0001:00025520       ?Unfreeze@dgBody@@QAEXXZ   10026520 f   physics_2009:dgBody.obj
 0001:00025570       ?RotateToEnd@?$dgList@VdgBodyMasterListRow@@@@QAEXPAVdgListNode@1@@Z 10026570 f i physics_2009:dgBody.obj
 0001:000255d0       ?InsertAfter@?$dgList@VdgSortArrayEntry@@@@QAEXPAVdgListNode@1@0@Z 100265d0 f i physics_2009:dgBroadPhaseCollision.obj
 0001:000255d0       ?InsertAfter@?$dgList@VdgBodyMasterListRow@@@@QAEXPAVdgListNode@1@0@Z 100265d0 f i physics_2009:dgBody.obj
 0001:00025640       ??0dgBody@@QAE@XZ          10026640 f   physics_2009:dgBody.obj
 0001:00025660       ?SetMassMatrix@dgBody@@QAEXNNNN@Z 10026660 f   physics_2009:dgBody.obj
 0001:00025770       ?UpdateCollisionMatrix@dgBody@@AAEXNH@Z 10026770 f   physics_2009:dgBody.obj
 0001:00025be0       ?UpdateMatrix@dgBody@@AAEXNH@Z 10026be0 f   physics_2009:dgBody.obj
 0001:00025c20       ?IntegrateVelocity@dgBody@@AAEXN@Z 10026c20 f   physics_2009:dgBody.obj
 0001:00025f10       ?CalculateContinueVelocity@dgBody@@ABEXNAAVdgVector@@0@Z 10026f10 f   physics_2009:dgBody.obj
 0001:00026060       ?SetFreeze@dgBody@@QAEX_N@Z 10027060 f   physics_2009:dgBody.obj
 0001:00026080       ?AddImpulse@dgBody@@AAEXABVdgVector@@0@Z 10027080 f   physics_2009:dgBody.obj
 0001:00026470       ?SetMatrix@dgBody@@QAEXABVdgMatrix@@@Z 10027470 f   physics_2009:dgBody.obj
 0001:00026560       ?SetMatrixIgnoreSleep@dgBody@@QAEXABVdgMatrix@@@Z 10027560 f   physics_2009:dgBody.obj
 0001:00026600       ?RayCast@dgBody@@QBENABUdgLineBox@@P6ANPBV1@ABVdgVector@@HPAXN@ZP6AI1PBVdgCollision@@3@Z3N@Z 10027600 f   physics_2009:dgBody.obj
 0001:00026830       ?AttachCollision@dgBody@@QAEXPAVdgCollision@@@Z 10027830 f   physics_2009:dgBody.obj
 0001:00026950       ?SetJointParameterCallBack@dgBallConstraint@@QAEXP6AIABV1@N@Z@Z 10027950 f   physics_2009:dgBallConstraint.obj
 0001:00026960       ?GetJointAngle@dgBallConstraint@@QBE?AVdgVector@@XZ 10027960 f   physics_2009:dgBallConstraint.obj
 0001:00026980       ?SetTwistLimitState@dgBallConstraint@@QAEX_N@Z 10027980 f   physics_2009:dgBallConstraint.obj
 0001:000269a0       ?SetConeLimitState@dgBallConstraint@@QAEX_N@Z 100279a0 f   physics_2009:dgBallConstraint.obj
 0001:000269c0       ?SetLatealLimitState@dgBallConstraint@@QAEX_N@Z 100279c0 f   physics_2009:dgBallConstraint.obj
 0001:000269e0       ??_GdgBallConstraint@@EAEPAXI@Z 100279e0 f i physics_2009:dgBallConstraint.obj
 0001:000269e0       ??_EdgBallConstraint@@EAEPAXI@Z 100279e0 f i physics_2009:dgBallConstraint.obj
 0001:00026a10       ??0dgBallConstraint@@AAE@XZ 10027a10 f   physics_2009:dgBallConstraint.obj
 0001:00026a70       ?GetJointOmega@dgBallConstraint@@QBE?AVdgVector@@XZ 10027a70 f   physics_2009:dgBallConstraint.obj
 0001:00026be0       ?GetJointForce@dgBallConstraint@@QBE?AVdgVector@@XZ 10027be0 f   physics_2009:dgBallConstraint.obj
 0001:00026c90       ?SetLimits@dgBallConstraint@@QAEXABVdgVector@@NNN0NN@Z 10027c90 f   physics_2009:dgBallConstraint.obj
 0001:00027380       ?SetPivotPoint@dgBallConstraint@@AAEXABVdgVector@@@Z 10028380 f   physics_2009:dgBallConstraint.obj
 0001:00027460       ?JacobianDerivative@dgBallConstraint@@EAEIAAVdgContraintDescritor@@@Z 10028460 f   physics_2009:dgBallConstraint.obj
 0001:00027b50       ??0dgHingeConstraint@@AAE@XZ 10028b50 f   physics_2009:dgHingeConstraint.obj
 0001:00027b90       ?SetJointParameterCallBack@dgSlidingConstraint@@QAEXP6AIABV1@PAVdgJointCallBackParam@@@Z@Z 10028b90 f   physics_2009:dgSlidingConstraint.obj
 0001:00027b90       ?SetJointParameterCallBack@dgHingeConstraint@@QAEXP6AIABV1@PAVdgJointCallBackParam@@@Z@Z 10028b90 f   physics_2009:dgHingeConstraint.obj
 0001:00027ba0       ??_EdgHingeConstraint@@EAEPAXI@Z 10028ba0 f i physics_2009:dgHingeConstraint.obj
 0001:00027ba0       ??_GdgHingeConstraint@@EAEPAXI@Z 10028ba0 f i physics_2009:dgHingeConstraint.obj
 0001:00027bd0       ?CalculateStopAlpha@dgHingeConstraint@@QBENNPBVdgJointCallBackParam@@@Z 10028bd0 f   physics_2009:dgHingeConstraint.obj
 0001:00027c80       ?GetJointForce@dgHingeConstraint@@QBE?AVdgVector@@XZ 10028c80 f   physics_2009:dgHingeConstraint.obj
 0001:00027de0       ?JacobianDerivative@dgHingeConstraint@@EAEIAAVdgContraintDescritor@@@Z 10028de0 f   physics_2009:dgHingeConstraint.obj
 0001:000280a0       ??0dgSlidingConstraint@@AAE@XZ 100290a0 f   physics_2009:dgSlidingConstraint.obj
 0001:000280e0       ??_GdgSlidingConstraint@@EAEPAXI@Z 100290e0 f i physics_2009:dgSlidingConstraint.obj
 0001:000280e0       ??_EdgSlidingConstraint@@EAEPAXI@Z 100290e0 f i physics_2009:dgSlidingConstraint.obj
 0001:00028110       ?GetJointVeloc@dgCorkscrewConstraint@@QBENXZ 10029110 f   physics_2009:dgCorkscrewConstraint.obj
 0001:00028110       ?GetJointVeloc@dgSlidingConstraint@@QBENXZ 10029110 f   physics_2009:dgSlidingConstraint.obj
 0001:00028190       ?CalculateStopAccel@dgSlidingConstraint@@QBENNPBVdgJointCallBackParam@@@Z 10029190 f   physics_2009:dgSlidingConstraint.obj
 0001:00028230       ?GetJointForce@dgSlidingConstraint@@QBE?AVdgVector@@XZ 10029230 f   physics_2009:dgSlidingConstraint.obj
 0001:00028360       ?JacobianDerivative@dgSlidingConstraint@@EAEIAAVdgContraintDescritor@@@Z 10029360 f   physics_2009:dgSlidingConstraint.obj
 0001:000288c0       ??0dgCorkscrewConstraint@@AAE@XZ 100298c0 f   physics_2009:dgCorkscrewConstraint.obj
 0001:00028900       ?GetJointAngle@dgHingeConstraint@@QBENXZ 10029900 f   physics_2009:dgHingeConstraint.obj
 0001:00028900       ?GetJointAngle@dgCorkscrewConstraint@@QBENXZ 10029900 f   physics_2009:dgCorkscrewConstraint.obj
 0001:00028900       ?GetJointPosit@dgSlidingConstraint@@QBENXZ 10029900 f   physics_2009:dgSlidingConstraint.obj
 0001:00028900       ?GetJointAngle0@dgUniversalConstraint@@QBENXZ 10029900 f   physics_2009:dgUniversalConstraint.obj
 0001:00028910       ?GetJointAngle1@dgUniversalConstraint@@QBENXZ 10029910 f   physics_2009:dgUniversalConstraint.obj
 0001:00028910       ?GetJointPosit@dgCorkscrewConstraint@@QBENXZ 10029910 f   physics_2009:dgCorkscrewConstraint.obj
 0001:00028920       ??_EdgCorkscrewConstraint@@EAEPAXI@Z 10029920 f i physics_2009:dgCorkscrewConstraint.obj
 0001:00028920       ??_GdgCorkscrewConstraint@@EAEPAXI@Z 10029920 f i physics_2009:dgCorkscrewConstraint.obj
 0001:00028950       ?CalculateStopAlpha@dgCorkscrewConstraint@@QBENNPBVdgJointCallBackParam@@@Z 10029950 f   physics_2009:dgCorkscrewConstraint.obj
 0001:00028950       ?CalculateStopAlpha0@dgUniversalConstraint@@QBENNPBVdgJointCallBackParam@@@Z 10029950 f   physics_2009:dgUniversalConstraint.obj
 0001:000289f0       ?CalculateStopAccel@dgCorkscrewConstraint@@QBENNPBVdgJointCallBackParam@@@Z 100299f0 f   physics_2009:dgCorkscrewConstraint.obj
 0001:00028a90       ?JacobianDerivative@dgCorkscrewConstraint@@EAEIAAVdgContraintDescritor@@@Z 10029a90 f   physics_2009:dgCorkscrewConstraint.obj
 0001:00028f80       ??0dgUniversalConstraint@@AAE@XZ 10029f80 f   physics_2009:dgUniversalConstraint.obj
 0001:00028fc0       ?SetJointParameterCallBack@dgUniversalConstraint@@QAEXP6AIABV1@PAVdgJointCallBackParam@@@Z@Z 10029fc0 f   physics_2009:dgUniversalConstraint.obj
 0001:00028fc0       ?SetJointParameterCallBack@dgCorkscrewConstraint@@QAEXP6AIABV1@PAVdgJointCallBackParam@@@Z@Z 10029fc0 f   physics_2009:dgCorkscrewConstraint.obj
 0001:00028fd0       ??_GdgUniversalConstraint@@EAEPAXI@Z 10029fd0 f i physics_2009:dgUniversalConstraint.obj
 0001:00028fd0       ??_EdgUniversalConstraint@@EAEPAXI@Z 10029fd0 f i physics_2009:dgUniversalConstraint.obj
 0001:00029000       ?GetJointOmega@dgHingeConstraint@@QBENXZ 1002a000 f   physics_2009:dgHingeConstraint.obj
 0001:00029000       ?GetJointOmega0@dgUniversalConstraint@@QBENXZ 1002a000 f   physics_2009:dgUniversalConstraint.obj
 0001:00029000       ?GetJointOmega@dgCorkscrewConstraint@@QBENXZ 1002a000 f   physics_2009:dgCorkscrewConstraint.obj
 0001:00029080       ?GetJointOmega1@dgUniversalConstraint@@QBENXZ 1002a080 f   physics_2009:dgUniversalConstraint.obj
 0001:00029120       ?CalculateStopAlpha1@dgUniversalConstraint@@QBENNPBVdgJointCallBackParam@@@Z 1002a120 f   physics_2009:dgUniversalConstraint.obj
 0001:000291c0       ?GetJointForce@dgUniversalConstraint@@QBE?AVdgVector@@XZ 1002a1c0 f   physics_2009:dgUniversalConstraint.obj
 0001:000291c0       ?GetJointForce@dgCorkscrewConstraint@@QBE?AVdgVector@@XZ 1002a1c0 f   physics_2009:dgCorkscrewConstraint.obj
 0001:000292c0       ?JacobianDerivative@dgUniversalConstraint@@EAEIAAVdgContraintDescritor@@@Z 1002a2c0 f   physics_2009:dgUniversalConstraint.obj
 0001:00029820       ??0dgUpVectorConstraint@@AAE@XZ 1002a820 f   physics_2009:dgUpVectorConstraint.obj
 0001:00029860       ?IsBilateral@dgUpVectorConstraint@@UBE_NXZ 1002a860 f   physics_2009:dgUpVectorConstraint.obj
 0001:00029860       ?IsTriggerVolume@dgCollision@@UBE_NXZ 1002a860 f   physics_2009:dgCollisionMesh.obj
 0001:00029860       ?IsBilateral@dgConstraint@@MBE_NXZ 1002a860 f   physics_2009:dgConstraint.obj
 0001:00029870       ?InitPinDir@dgUpVectorConstraint@@QAEXABVdgVector@@@Z 1002a870 f   physics_2009:dgUpVectorConstraint.obj
 0001:000298b0       ?GetPinDir@dgUpVectorConstraint@@QBE?AVdgVector@@XZ 1002a8b0 f   physics_2009:dgUpVectorConstraint.obj
 0001:000298d0       ??_EdgUpVectorConstraint@@EAEPAXI@Z 1002a8d0 f i physics_2009:dgUpVectorConstraint.obj
 0001:000298d0       ??_GdgUpVectorConstraint@@EAEPAXI@Z 1002a8d0 f i physics_2009:dgUpVectorConstraint.obj
 0001:00029900       ?SetPinDir@dgUpVectorConstraint@@QAEXABVdgVector@@@Z 1002a900 f   physics_2009:dgUpVectorConstraint.obj
 0001:00029a70       ?JacobianDerivative@dgUpVectorConstraint@@EAEIAAVdgContraintDescritor@@@Z 1002aa70 f   physics_2009:dgUpVectorConstraint.obj
 0001:00029c60       ?GetUserData@dgConstraint@@QBEPAXXZ 1002ac60 f   physics_2009:dgConstraint.obj
 0001:00029c70       ?SetUserData@dgConstraint@@QAEXPAX@Z 1002ac70 f   physics_2009:dgConstraint.obj
 0001:00029c80       ?InitInfo@dgConstraint@@IBEXPAVdgConstraintInfo@@@Z 1002ac80 f   physics_2009:dgConstraint.obj
 0001:00029d10       ?InitPointParam@dgConstraint@@IBEXAAVdgPointParam@1@NABVdgVector@@1@Z 1002ad10 f   physics_2009:dgConstraint.obj
 0001:00029f80       ?Realloc@dgBroadPhaseCalculateContactsWorkerThread@@QAEXHHH@Z 1002af80 f   physics_2009:dgBroadPhaseCollision.obj
 0001:0002a070       ?ThreadExecute@dgBroadPhaseCalculateContactsWorkerThread@@UAEXXZ 1002b070 f   physics_2009:dgBroadPhaseCollision.obj
 0001:0002a240       ?ThreadExecute@dgBroadPhaseMaterialCallbackWorkerThread@@UAEXXZ 1002b240 f   physics_2009:dgBroadPhaseCollision.obj
 0001:0002a350       ?RayCast@dgSortArray@@QBENNABUdgLineBox@@P6ANPBVdgBody@@ABVdgVector@@HPAXN@ZP6AI1PBVdgCollision@@3@Z3@Z 1002b350 f   physics_2009:dgBroadPhaseCollision.obj
 0001:0002a3b0       ?UpdateAutoPair@dgBroadPhaseCell@@AAEXPAVdgWorld@@H@Z 1002b3b0 f   physics_2009:dgBroadPhaseCollision.obj
 0001:0002a510       ?UpdatePairs@dgBroadPhaseCollision@@ABEXPAVdgBody@@PAVdgListNode@?$dgList@VdgSortArrayEntry@@@@HH@Z 1002b510 f   physics_2009:dgBroadPhaseCollision.obj
 0001:0002a600       ?UpdatePairs@dgBroadPhaseCollision@@ABEXAAVdgBroadPhaseCell@@0H@Z 1002b600 f   physics_2009:dgBroadPhaseCollision.obj
 0001:0002a680       ?ThreadExecute@dgBroadPhaseCellPairsWorkerThread@@UAEXXZ 1002b680 f   physics_2009:dgBroadPhaseCollision.obj
 0001:0002a740       ?UpdateContactsBroadPhaseEnd@dgBroadPhaseCollision@@AAEXN@Z 1002b740 f   physics_2009:dgBroadPhaseCollision.obj
 0001:0002a7e0       ?Append@?$dgList@VdgSortArrayEntry@@@@QAEPAVdgListNode@1@XZ 1002b7e0 f i physics_2009:dgBroadPhaseCollision.obj
 0001:0002a860       ?InsertBefore@?$dgList@VdgSortArrayEntry@@@@QAEXPAVdgListNode@1@0@Z 1002b860 f i physics_2009:dgBroadPhaseCollision.obj
 0001:0002a8d0       ?RemoveAll@?$dgList@VdgSortArrayEntry@@@@QAEXXZ 1002b8d0 f i physics_2009:dgBroadPhaseCollision.obj
 0001:0002a930       ?ApplyExtenalForces@dgBody@@AAEXNH@Z 1002b930 f i physics_2009:dgBroadPhaseCollision.obj
 0001:0002a9a0       ?IsInEquelibrium@dgBody@@QBE_NXZ 1002b9a0 f i physics_2009:dgBroadPhaseCollision.obj
 0001:0002ab20       ?Add@dgSortArray@@QAEXPAVdgBody@@@Z 1002bb20 f   physics_2009:dgBroadPhaseCollision.obj
 0001:0002abd0       ?UpdatePoisition@dgSortArray@@QAEXPAVdgBody@@@Z 1002bbd0 f   physics_2009:dgBroadPhaseCollision.obj
 0001:0002ad20       ?Add@dgBroadPhaseCell@@AAEXPAVdgBody@@@Z 1002bd20 f   physics_2009:dgBroadPhaseCollision.obj
 0001:0002ad60       ?UpdatePoisition@dgBroadPhaseCell@@AAEXPAVdgBody@@@Z 1002bd60 f   physics_2009:dgBroadPhaseCollision.obj
 0001:0002ad90       ?ForEachBodyInAABB@dgBroadPhaseCollision@@QBEXABVdgVector@@0P6AXPAVdgBody@@@Z@Z 1002bd90 f   physics_2009:dgBroadPhaseCollision.obj
 0001:0002b050       ?ConvexCast@dgBroadPhaseCollision@@QBEHPAVdgCollision@@ABVdgMatrix@@ABVdgVector@@AANP6AIPBVdgBody@@PBV2@PAX@Z6QAVdgConvexCastReturnInfo@@HH@Z 1002c050 f   physics_2009:dgBroadPhaseCollision.obj
 0001:0002b6e0       ?ThreadExecute@dgBroadPhaseApplyExternalForce@@UAEXXZ 1002c6e0 f   physics_2009:dgBroadPhaseCollision.obj
 0001:0002b920       ?RayCast@dgBroadPhaseCollision@@QBEXABVdgVector@@0P6ANPBVdgBody@@0HPAXN@ZP6AI1PBVdgCollision@@2@Z2@Z 1002c920 f   physics_2009:dgBroadPhaseCollision.obj
 0001:0002bff0       ?Remove@?$dgList@VdgSortArrayEntry@@@@QAEXPAVdgListNode@1@@Z 1002cff0 f i physics_2009:dgBroadPhaseCollision.obj
 0001:0002c040       ?Remove@dgBroadPhaseCell@@AAEXPAVdgBody@@@Z 1002d040 f   physics_2009:dgBroadPhaseCollision.obj
 0001:0002c0c0       ??0dgBroadPhaseCollision@@AAE@XZ 1002d0c0 f   physics_2009:dgBroadPhaseCollision.obj
 0001:0002c3d0       ??1dgBroadPhaseCollision@@AAE@XZ 1002d3d0 f   physics_2009:dgBroadPhaseCollision.obj
 0001:0002c4a0       ?Remove@dgBroadPhaseCollision@@AAEXPAVdgBody@@@Z 1002d4a0 f   physics_2009:dgBroadPhaseCollision.obj
 0001:0002c500       ?UpdateContactsBroadPhaseBegin@dgBroadPhaseCollision@@AAEXN_N@Z 1002d500 f   physics_2009:dgBroadPhaseCollision.obj
 0001:0002cc60       ?UpdateContacts@dgBroadPhaseCollision@@AAEXN_N@Z 1002dc60 f   physics_2009:dgBroadPhaseCollision.obj
 0001:0002ce90       ?Insert@?$dgTree@VdgBroadPhaseCell@@I@@QAEPAVdgTreeNode@1@ABVdgBroadPhaseCell@@IAA_N@Z 1002de90 f i physics_2009:dgBroadPhaseCollision.obj
[...]
 0002:00006f64       __IMPORT_DESCRIPTOR_KERNEL32 1007bf64     kernel32:KERNEL32.dll
 0002:00006f78       __NULL_IMPORT_DESCRIPTOR   1007bf78     kernel32:KERNEL32.dll
 0003:00000040       ?m_rayCastSimplex@dgConvexCollision@@1PAY03HA 1007f040     physics_2009:dgConvexCollision.obj
 0003:00000080       ?m_hullDirs@dgConvexCollision@@1PAVdgTriplex@@A 1007f080     physics_2009:dgConvexCollision.obj
 0003:000001d0       ?mult@dgConvexMassData@@2PANA 1007f1d0     physics_2009:dgConvexCollision.obj
 0003:00000230       ?m_negOne@dgConvexCollision@@1VdgVector@@A 1007f230     physics_2009:dgConvexCollision.obj
 0003:00000250       ?m_nrh0p5@dgConvexCollision@@1VdgVector@@A 1007f250     physics_2009:dgConvexCollision.obj
 0003:00000270       ?m_nrh3p0@dgConvexCollision@@1VdgVector@@A 1007f270     physics_2009:dgConvexCollision.obj
 0003:00000290       ?m_indexStep@dgConvexCollision@@1VdgVector@@A 1007f290     physics_2009:dgConvexCollision.obj
 0003:000002b0       ?m_index_0123@dgConvexCollision@@1VdgVector@@A 1007f2b0     physics_2009:dgConvexCollision.obj
 0003:000002d0       ?m_index_4567@dgConvexCollision@@1VdgVector@@A 1007f2d0     physics_2009:dgConvexCollision.obj
 0003:000002f0       ?m_huge@dgConvexCollision@@1VdgVector@@A 1007f2f0     physics_2009:dgConvexCollision.obj
 0003:00000310       ?m_negativeTiny@dgConvexCollision@@1VdgVector@@A 1007f310     physics_2009:dgConvexCollision.obj
 0003:00000330       ?m_aabb_padd@dgConvexCollision@@1VdgVector@@A 1007f330     physics_2009:dgConvexCollision.obj
 0003:00000350       ?m_faceIndex@dgContactSolver@@2PAY03HA 1007f350     physics_2009:dgMinkowskiConv.obj
 0003:00000390       ?m_edgeArray@dgCollisionBox@@1PAVdgConvexSimplexEdge@@A 1007f390     physics_2009:dgCollisionBox.obj
 0003:00000530       ?g_allocaror@dgInternalMemory@@3VdgMemoryAllocator@@A 1007f530     corelib_2009:dgMemory.obj
 0003:00000a54       __fltused                  1007fa54     LIBCMT:_fpinit_.obj
 0003:00000a58       __ldused                   1007fa58     LIBCMT:_fpinit_.obj
 0003:00000a60       __half                     1007fa60     LIBCMT:_pow_.obj
 0003:00000a90       __cfltcvt_tab              1007fa90     LIBCMT:cmiscdat.obj
 0003:00000be0       __amblksiz                 1007fbe0     LIBCMT:heapinit.obj
 0003:00000be4       __aexit_rtn                1007fbe4     LIBCMT:crt0dat.obj
 0003:00000e10       ___flsindex                1007fe10     LIBCMT:tidtable.obj
 0003:00000e14       ___getvalueindex           1007fe14     LIBCMT:tidtable.obj
 0003:00000e18       ___badioinfo               1007fe18     LIBCMT:ioinit.obj
 0003:00000e58       __First_FPE_Indx           1007fe58     LIBCMT:winxfltr.obj
 0003:00000e5c       __Num_FPE                  1007fe5c     LIBCMT:winxfltr.obj
 0003:00000e60       __XcptActTabSize           1007fe60     LIBCMT:winxfltr.obj
 0003:00000e64       __XcptActTabCount          1007fe64     LIBCMT:winxfltr.obj
 0003:00000e68       ___nullstring              1007fe68     LIBCMT:output.obj
 0003:00000e6c       ___wnullstring             1007fe6c     LIBCMT:output.obj
 0003:00000e8c       ___abort_behavior          1007fe8c     LIBCMT:abort.obj
 0003:00000e90       __infinity                 1007fe90     LIBCMT:_87tran_.obj
 0003:00000e9a       __minfinity                1007fe9a     LIBCMT:_87tran_.obj
 0003:00000ea4       __logemax                  1007fea4     LIBCMT:_87tran_.obj
 0003:00000eca       __OP_EXPjmptab             1007feca     LIBCMT:_87tran_.obj
 0003:00000ef0       __indefinite               1007fef0     LIBCMT:_87disp_.obj
 0003:00000efa       __piby2                    1007fefa     LIBCMT:_87disp_.obj
 0003:00000f20       ___initialmbcinfo          1007ff20     LIBCMT:mbctype.obj
 0003:00001140       __mbctype                  10080140     LIBCMT:mbctype.obj
 0003:00001248       __mbcasemap                10080248     LIBCMT:mbctype.obj
 0003:00001348       ___ptmbcinfo               10080348     LIBCMT:mbctype.obj
 0003:00001444       ___globallocalestatus      10080444     LIBCMT:glstatus.obj
 0003:00001448       ___clocalestr              10080448     LIBCMT:nlsdata2.obj
 0003:00001450       ___initiallocinfo          10080450     LIBCMT:nlsdata2.obj
 0003:00001528       ___ptlocinfo               10080528     LIBCMT:nlsdata2.obj
 0003:0000152c       ___lc_clike                1008052c     LIBCMT:nlsdata2.obj
 0003:00001530       ___initiallocalestructinfo 10080530     LIBCMT:nlsdata2.obj
 0003:00001540       ___security_cookie         10080540     LIBCMT:gs_cookie.obj
 0003:00001544       ___security_cookie_complement 10080544     LIBCMT:gs_cookie.obj
 0003:00001550       __matherr_flag             10080550     LIBCMT:_matherr_.obj
 0003:00001640       __d_inf                    10080640     LIBCMT:_util_.obj
 0003:00001648       __d_ind                    10080648     LIBCMT:_util_.obj
 0003:00001650       __d_max                    10080650     LIBCMT:_util_.obj
 0003:00001658       __d_min                    10080658     LIBCMT:_util_.obj
 0003:00001660       __d_mzero                  10080660     LIBCMT:_util_.obj
 0003:00001668       __iob                      10080668     LIBCMT:_file.obj
 0003:00001a50       __pctype                   10080a50     LIBCMT:ctype.obj
 0003:00001a54       __pwctype                  10080a54     LIBCMT:ctype.obj
 0003:00001a58       ___lc_time_c               10080a58     LIBCMT:strftime.obj
 0003:00001b10       ___lc_time_curr            10080b10     LIBCMT:strftime.obj
 0003:00001b14       ___lconv_static_decimal    10080b14     LIBCMT:lconv.obj
 0003:00001b18       ___lconv_c                 10080b18     LIBCMT:lconv.obj
 0003:00001b48       ___lconv                   10080b48     LIBCMT:lconv.obj
 0003:00001b4c       ___mb_cur_max              10080b4c     LIBCMT:nlsdata1.obj
 0003:00001b50       ___decimal_point           10080b50     LIBCMT:nlsdata1.obj
 0003:00001b54       ___decimal_point_length    10080b54     LIBCMT:nlsdata1.obj
 0003:00001b90       __NLG_Destination          10080b90     LIBCMT:exsup.obj
 0003:00001bb0       __timezone                 10080bb0     LIBCMT:timeset.obj
 0003:00001bb4       __daylight                 10080bb4     LIBCMT:timeset.obj
 0003:00001bb8       __dstbias                  10080bb8     LIBCMT:timeset.obj
 0003:00001c40       __tzname                   10080c40     LIBCMT:timeset.obj
 0003:00001c60       __pow10pos                 10080c60     LIBCMT:_constpow_.obj
 0003:00001dc0       __pow10neg                 10080dc0     LIBCMT:_constpow_.obj
 0003:00001f1c       __coninpfh                 10080f1c     LIBCMT:initcon.obj
 0003:00001f20       __confh                    10080f20     LIBCMT:initcon.obj
 0003:00001f24       __lpdays                   10080f24     LIBCMT:days.obj
 0003:00001f58       __days                     10080f58     LIBCMT:days.obj
 0003:00001fb0       ?m_edgeArray@dgCollisionSphere@@1PAVdgConvexSimplexEdge@@A 10080fb0     physics_2009:dgCollisionSphere.obj
 0003:000025b0       ?m_shapeRefCount@dgCollisionSphere@@1HA 100815b0     physics_2009:dgCollisionSphere.obj
 0003:000025c0       ?m_unitSphere@dgCollisionSphere@@1PAVdgVector@@A 100815c0     physics_2009:dgCollisionSphere.obj
 0003:00002800       ?m_iniliazised@dgConvexCollision@@1HA 10081800     physics_2009:dgConvexCollision.obj
 0003:00002810       ?m_zero@dgConvexCollision@@1VdgVector@@A 10081810     physics_2009:dgConvexCollision.obj
 0003:00002830       ?m_signMask@dgConvexCollision@@1VdgVector@@A 10081830     physics_2009:dgConvexCollision.obj
 0003:00002850       ?m_triplexMask@dgConvexCollision@@1VdgVector@@A 10081850     physics_2009:dgConvexCollision.obj
 0003:00002870       ?m_multiResDir@dgConvexCollision@@1PAVdgVector@@A 10081870     physics_2009:dgConvexCollision.obj
 0003:00002970       ?m_multiResDir_sse@dgConvexCollision@@1PAVdgVector@@A 10081970     physics_2009:dgConvexCollision.obj
 0003:00002a30       ?m_vertex@dgCollisionHeightField@@0PAPAVdgVector@@A 10081a30     physics_2009:dgCollisionHeightField.obj
 0003:00002a50       ?m_vertexCount@dgCollisionHeightField@@0PAHA 10081a50     physics_2009:dgCollisionHeightField.obj
 0003:00002a70       ?m_refCount@dgCollisionHeightField@@0HA 10081a70     physics_2009:dgCollisionHeightField.obj
 0003:00002a80       ?m_dir@dgContactSolver@@2PAVdgVector@@A 10081a80     physics_2009:dgMinkowskiConv.obj
 0003:00002c40       ?m_edgeArray@dgCollisionCapsule@@0PAVdgConvexSimplexEdge@@A 10081c40     physics_2009:dgCollisionCapsule.obj
 0003:00003780       ?m_shapeRefCount@dgCollisionCapsule@@0HA 10082780     physics_2009:dgCollisionCapsule.obj
 0003:00003788       ?m_edgeArray@dgCollisionCone@@0PAVdgConvexSimplexEdge@@A 10082788     physics_2009:dgCollisionCone.obj
 0003:00003988       ?m_shapeRefCount@dgCollisionCone@@0HA 10082988     physics_2009:dgCollisionCone.obj
 0003:00003990       ?m_edgeArray@dgCollisionCylinder@@0PAVdgConvexSimplexEdge@@A 10082990     physics_2009:dgCollisionCylinder.obj
 0003:00003c90       ?m_shapeRefCount@dgCollisionCylinder@@0HA 10082c90     physics_2009:dgCollisionCylinder.obj
 0003:00003ca0       ?m_edgeArray@dgCollisionChamferCylinder@@0PAVdgConvexSimplexEdge@@A 10082ca0     physics_2009:dgCollisionChamferCylinder.obj
 0003:000045a0       ?m_shapeRefCount@dgCollisionChamferCylinder@@0HA 100835a0     physics_2009:dgCollisionChamferCylinder.obj
 0003:000045b0       ?m_shapesDirs@dgCollisionChamferCylinder@@0PAVdgVector@@A 100835b0     physics_2009:dgCollisionChamferCylinder.obj
 0003:00004734       ___fastflag                10083734     LIBCMT:_fpinit_.obj
 0003:00004738       __adjust_fdiv              10083738     LIBCMT:_fpinit_.obj
 0003:00004740       __aenvptr                  10083740     LIBCMT:dllcrt0.obj
 0003:00004744       __wenvptr                  10083744     LIBCMT:dllcrt0.obj
 0003:00004748       ___error_mode              10083748     LIBCMT:dllcrt0.obj
 0003:0000474c       ___app_type                1008374c     LIBCMT:dllcrt0.obj
 0003:000048a8       ___sbh_pHeaderDefer        100838a8     LIBCMT:sbheap.obj
 0003:000048ac       __crtheap                  100838ac     LIBCMT:heapinit.obj
 0003:000048b0       __umaskval                 100838b0     LIBCMT:crt0dat.obj
 0003:000048b4       ___argc                    100838b4     LIBCMT:crt0dat.obj
 0003:000048b8       ___argv                    100838b8     LIBCMT:crt0dat.obj
 0003:000048bc       ___wargv                   100838bc     LIBCMT:crt0dat.obj
 0003:000048c0       __environ                  100838c0     LIBCMT:crt0dat.obj
 0003:000048c4       ___initenv                 100838c4     LIBCMT:crt0dat.obj
 0003:000048c8       __wenviron                 100838c8     LIBCMT:crt0dat.obj
 0003:000048cc       ___winitenv                100838cc     LIBCMT:crt0dat.obj
 0003:000048d0       __pgmptr                   100838d0     LIBCMT:crt0dat.obj
 0003:000048d4       __wpgmptr                  100838d4     LIBCMT:crt0dat.obj
 0003:000048d8       __exitflag                 100838d8     LIBCMT:crt0dat.obj
 0003:000048dc       __C_Termination_Done       100838dc     LIBCMT:crt0dat.obj
 0003:000048e0       __C_Exit_Done              100838e0     LIBCMT:crt0dat.obj
 0003:00004bfc       ?_pnhHeap@@3P6AHI@ZA       10083bfc     LIBCMT:handler.obj
 0003:00004c00       __newmode                  10083c00     LIBCMT:_newmode.obj
 0003:00004c04       _gpFlsAlloc                10083c04     LIBCMT:tidtable.obj
 0003:00004c08       _gpFlsGetValue             10083c08     LIBCMT:tidtable.obj
 0003:00004c0c       _gpFlsSetValue             10083c0c     LIBCMT:tidtable.obj
 0003:00004c10       _gpFlsFree                 10083c10     LIBCMT:tidtable.obj
 0003:00004c14       __maxwait                  10083c14     LIBCMT:crtheap.obj
 0003:00004d24       ___pInvalidArgHandler      10083d24     LIBCMT:invarg.obj
 0003:00004d44       ___pPurecall               10083d44     LIBCMT:inithelp.obj
 0003:00004d4c       ___mbulinfo                10083d4c     LIBCMT:mbctype.obj
 0003:00004d58       ___mbcodepage              10083d58     LIBCMT:mbctype.obj
 0003:00004d5c       ___ismbcodepage            10083d5c     LIBCMT:mbctype.obj
 0003:00004d60       ___mblcid                  10083d60     LIBCMT:mbctype.obj
 0003:00004d64       ___locale_changed          10083d64     LIBCMT:setlocal.obj
 0003:00004d68       ___lc_handle               10083d68     LIBCMT:nlsdata2.obj
 0003:00004d80       ___lc_codepage             10083d80     LIBCMT:nlsdata2.obj
 0003:00004d84       ___lc_collate_cp           10083d84     LIBCMT:nlsdata2.obj
 0003:00004d88       __outputformat             10083d88     LIBCMT:outputformat.obj
 0003:00004d90       ?__pInconsistency@@3P6AXXZA 10083d90     LIBCMT:hooks.obj
 0003:00004dac       __cflush                   10083dac     LIBCMT:_file.obj
 0003:00004dbc       ___lconv_static_null       10083dbc     LIBCMT:lconv.obj
 0003:000050e4       __stdbuf                   100840e4     LIBCMT:_sftbuf.obj
 0003:000051a8       __debugger_hook_dummy      100841a8     <common>
 0003:000051ac       ___piob                    100841ac     <common>
 0003:000051c0       __bufin                    100841c0     <common>
 0003:000061c0       __nstream                  100851c0     <common>
 0003:000061c4       __nhandle                  100851c4     <common>
 0003:000061e0       ___pioinfo                 100851e0     <common>
 0003:000062e0       ___env_initialized         100852e0     <common>
 0003:000062e4       ___onexitend               100852e4     <common>
 0003:000062e8       ___onexitbegin             100852e8     <common>
 0003:000062ec       ___mbctype_initialized     100852ec     <common>
 0003:000062f0       ___dyn_tls_init_callback   100852f0     <common>
 0003:000062f4       ___active_heap             100852f4     <common>
 0003:000062f8       __pDestructExceptionObject 100852f8     <common>
 0003:000062fc       ___sbh_cntHeaderList       100852fc     <common>
 0003:00006300       ___sbh_pHeaderList         10085300     <common>
 0003:00006304       ___sbh_threshold           10085304     <common>
 0003:00006308       ___sbh_pHeaderScan         10085308     <common>
 0003:0000630c       ___sbh_sizeHeaderList      1008530c     <common>
 0003:00006310       ___sbh_indGroupDefer       10085310     <common>
 0003:00006314       ___use_sse2_mathfcns       10085314     <common>
 0003:00006318       ___sse2_available          10085318     <common>
 0003:0000631c       __pmatherr                 1008531c     <common>
 0003:00006320       __acmdln                   10085320     <common>

 entry point at        0001:000641c6

 Static symbols

 0001:00055930       ?SortVertices@InternalGeoUtil@@YAHQANHHHHN@Z 10056930 f   corelib_2009:dgTypes.obj
 0001:000563a0       ?QuickSortVertices@InternalGeoUtil@@YAHQANHHHHN@Z 100573a0 f   corelib_2009:dgTypes.obj
 0001:00057700       ?NormalizeVertex@InternalPolyhedra@@YAXHQAVdgTriplex@@QBNH@Z 10058700 f   corelib_2009:dgPolyhedra.obj
 0001:00057850       ?EdgePlane@InternalPolyhedra@@YA?AVdgBigPlane@@HHHQBVdgTriplex@@@Z 10058850 f   corelib_2009:dgPolyhedra.obj
 0001:00057970       ?UnboundedLoopPlane@InternalPolyhedra@@YA?AVdgBigPlane@@HHHQBVdgTriplex@@@Z 10058970 f   corelib_2009:dgPolyhedra.obj
 0001:00057ac0       ?BigFaceNormal@InternalPolyhedra@@YA?AVdgBigVector@@PAVdgEdge@@QBNH@Z 10058ac0 f   corelib_2009:dgPolyhedra.obj
 0001:00057bd0       ?CalculateVertexMetrics@InternalPolyhedra@@YAXQAUVERTEX_METRIC_STRUCT@1@QBVdgTriplex@@PAVdgEdge@@@Z 10058bd0 f   corelib_2009:dgPolyhedra.obj
 0001:00057cb0       ?IsEssensialPointDiagonal@InternalPolyhedra@@YA_NPAVdgEdge@@ABVdgBigVector@@QBNH@Z 10058cb0 f   corelib_2009:dgPolyhedra.obj
 0001:000581b0       ?CalculateAllMetrics@InternalPolyhedra@@YAXPBVdgPolyhedra@@QAUVERTEX_METRIC_STRUCT@1@QBVdgTriplex@@@Z 100591b0 f   corelib_2009:dgPolyhedra.obj
 0001:00058440       ?EdgePenalty@InternalPolyhedra@@YANABVdgPolyhedra@@QBVdgTriplex@@PAVdgEdge@@@Z 10059440 f   corelib_2009:dgPolyhedra.obj
 0001:00058a80       ?GetInteriorDiagonals@InternalPolyhedra@@YAHAAVdgPolyhedra@@QAPAVdgEdge@@H@Z 10059a80 f   corelib_2009:dgPolyhedra.obj
 0001:00058d20       ?MatchTwins@InternalPolyhedra@@YA_NPAVdgPolyhedra@@@Z 10059d20 f   corelib_2009:dgPolyhedra.obj
 0001:00058dd0       ?FindEarTip@InternalPolyhedra@@YAPAVdgEdge@@ABVdgPolyhedra@@PAV2@QBNHAAV?$dgDownHeap@PAVdgEdge@@N@@ABVdgVector@@@Z 10059dd0 f   corelib_2009:dgPolyhedra.obj
 0001:00059af0       ?CloseOpenBounds@InternalPolyhedra@@YAXPAVdgPolyhedra@@@Z 1005aaf0 f   corelib_2009:dgPolyhedra.obj
 0001:0005abd0       ?MarkAdjacentCoplanarFaces@InternalPolyhedra@@YAXAAVdgPolyhedra@@0PAVdgEdge@@QBNH@Z 1005bbd0 f   corelib_2009:dgPolyhedra.obj
 0001:0005aec0       ?ConvexPartition@InternalPolyhedra@@YA_NAAVdgPolyhedra@@QBNH@Z 1005bec0 f   corelib_2009:dgPolyhedra.obj
 0001:0005b820       ?TriangulateFace@InternalPolyhedra@@YAPAVdgEdge@@AAVdgPolyhedra@@PAV2@QBNHAAV?$dgDownHeap@PAVdgEdge@@N@@PAVdgVector@@@Z 1005c820 f   corelib_2009:dgPolyhedra.obj
 0001:000640d0       ___DllMainCRTStartup       100650d0 f   LIBCMT:dllcrt0.obj
 0001:00064266       __hw_cw                    10065266 f   LIBCMT:_ieee87_.obj
 0001:000642f4       ___hw_cw_sse2              100652f4 f   LIBCMT:_ieee87_.obj
 0001:00064e7a       __onexit_nolock            10065e7a f   LIBCMT:onexit.obj
 0001:00064ff5       __callthreadstartex        10065ff5 f   LIBCMT:threadex.obj
 0001:00065036       __threadstartex@4          10066036 f   LIBCMT:threadex.obj
 0001:00065398       __shift                    10066398 f   LIBCMT:cvt.obj
 0001:000653dd       __cftoe2_l                 100663dd f   LIBCMT:cvt.obj
 0001:000659af       __cftof2_l                 100669af f   LIBCMT:cvt.obj
 0001:0006710e       __initterm                 1006810e f   LIBCMT:crt0dat.obj
 0001:000671d4       _doexit                    100681d4 f   LIBCMT:crt0dat.obj
 0001:00067619       _fastzero_I                10068619 f   LIBCMT:p4_memset.obj
 0001:000676ff       _fastcopy_I                100686ff f   LIBCMT:p4_memcpy.obj
 0001:00068310       _parse_cmdline             10069310 f   LIBCMT:stdargv.obj
 0001:00068a62       _write_char                10069a62 f   LIBCMT:output.obj
 0001:00068a95       _write_multi_char          10069a95 f   LIBCMT:output.obj
 0001:00068abb       _write_string              10069abb f   LIBCMT:output.obj
 0001:0006999b       _siglookup                 1006a99b f   LIBCMT:winsig.obj
 0001:0006b45d       ?CPtoLCID@@YAHH@Z          1006c45d f   LIBCMT:mbctype.obj
 0001:0006b48c       ?setSBCS@@YAXPAUthreadmbcinfostruct@@@Z 1006c48c f   LIBCMT:mbctype.obj
 0001:0006b4f0       ?setSBUpLow@@YAXPAUthreadmbcinfostruct@@@Z 1006c4f0 f   LIBCMT:mbctype.obj
 0001:0006b727       ?getSystemCP@@YAHH@Z       1006c727 f   LIBCMT:mbctype.obj
 0001:0006bdb1       __updatetlocinfoEx_nolock  1006cdb1 f   LIBCMT:setlocal.obj
 0001:0006c90b       _has_osfxsr_set            1006d90b f   LIBCMT:cpu_disp.obj
 0001:0006d324       __unwind_handler4          1006e324 f   LIBCMT:exsup4.obj
 0001:0006da56       ?x_ismbbtype_l@@YAHPAUlocaleinfo_struct@@IHH@Z 1006ea56 f   LIBCMT:ismbbyte.obj
 0001:0006f90e       ?__crtLCMapStringA_stat@@YAHPAUlocaleinfo_struct@@KKPBDHPADHHH@Z 1007090e f   LIBCMT:a_map.obj
 0001:0006fcf8       ?__crtGetStringTypeA_stat@@YAHPAUlocaleinfo_struct@@KPBDHPAGHHH@Z 10070cf8 f   LIBCMT:a_str.obj
 0001:00071f04       __unwind_handler           10072f04 f   LIBCMT:exsup.obj
 0001:00072524       _flsall                    10073524 f   LIBCMT:fflush.obj
 0001:00072607       ?strtoxl@@YAKPAUlocaleinfo_struct@@PBDPAPBDHH@Z 10073607 f   LIBCMT:strtol.obj
 0001:00073180       ??__Eg_allocaror@dgInternalMemory@@YAXXZ 10074180 f   corelib_2009:dgMemory.obj
 0001:00073190       ??__Fg_allocaror@dgInternalMemory@@YAXXZ 10074190 f   corelib_2009:dgMemory.obj
