 newton

 Timestamp is 497a1a21 (Fri Jan 23 11:27:29 2009)

 Preferred load address is 10000000

 Start         Length     Name                   Class
 0001:00000000 0008cf44H .text                   CODE
 0001:0008cf50 0000000cH .text$yc                CODE
 0001:0008cf60 00000001H .text$yd                CODE
 0002:00000000 0000014cH .idata$5                DATA
 0002:0000014c 00000004H .CRT$XCA                DATA
 0002:00000150 00000004H .CRT$XCU                DATA
 0002:00000154 00000004H .CRT$XCZ                DATA
 0002:00000158 00000004H .CRT$XIA                DATA
 0002:0000015c 00000014H .CRT$XIC                DATA
 0002:00000170 00000004H .CRT$XIZ                DATA
 0002:00000174 00000004H .CRT$XPA                DATA
 0002:00000178 00000004H .CRT$XPX                DATA
 0002:0000017c 00000004H .CRT$XPXA               DATA
 0002:00000180 00000004H .CRT$XPZ                DATA
 0002:00000184 00000004H .CRT$XTA                DATA
 0002:00000188 00000004H .CRT$XTZ                DATA
 0002:00000190 00006938H .rdata                  DATA
 0002:00006ac8 00000055H .rdata$debug            DATA
 0002:00006b20 00000010H .rdata$sxdata           DATA
 0002:00006b30 00000004H .rtc$IAA                DATA
 0002:00006b34 00000004H .rtc$IZZ                DATA
 0002:00006b38 00000004H .rtc$TAA                DATA
 0002:00006b3c 00000004H .rtc$TZZ                DATA
 0002:00006b40 00000404H .xdata$x                DATA
 0002:00006f44 00000014H .idata$2                DATA
 0002:00006f58 00000014H .idata$3                DATA
 0002:00006f6c 0000014cH .idata$4                DATA
 0002:000070b8 000005f0H .idata$6                DATA
 0002:000076b0 0000267dH .edata                  DATA
 0003:00000000 00001e10H .data                   DATA
 0003:00001e20 000040c4H .bss                    DATA

  Address         Publics by Value              Rva+Base       Lib:Object

 0000:00000000       __except_list              00000000     <absolute>
 0000:00000004       ___safe_se_handler_count   00000004     <absolute>
 0000:00000000       ___ImageBase               10000000     <linker-defined>
 0001:00000000       _DllMain@12                10001000 f   Newton.obj
 0001:00000010       _NewtonGetMemoryUsed       10001010 f   Newton.obj
 0001:00000020       _NewtonInvalidateCache     10001020 f   Newton.obj
 0001:00000030       _NewtonSetPlatformArchitecture 10001030 f   Newton.obj
 0001:00000040       _NewtonGetPlatformArchitecture 10001040 f   Newton.obj
 0001:00000050       _NewtonSetThreadsCount     10001050 f   Newton.obj
 0001:00000060       _NewtonGetThreadsCount     10001060 f   Newton.obj
 0001:00000070       _NewtonSetMultiThreadSolverOnSingleIsland 10001070 f   Newton.obj
 0001:00000080       _NewtonSetSolverModel      10001080 f   Newton.obj
 0001:00000090       _NewtonSetFrictionModel    10001090 f   Newton.obj
 0001:000000a0       _NewtonSetPerformanceClock 100010a0 f   Newton.obj
 0001:000000b0       _NewtonReadPerformanceTicks 100010b0 f   Newton.obj
 0001:000000d0       _NewtonCollisionUpdate     100010d0 f   Newton.obj
 0001:00000100       _NewtonSetIslandUpdateEvent 10001100 f   Newton.obj
 0001:00000110       _NewtonSetBodyLeaveWorldEvent 10001110 f   Newton.obj
 0001:00000120       _NewtonWorldGetVersion     10001120 f   Newton.obj
 0001:00000130       _NewtonWorldSetUserData    10001130 f   Newton.obj
 0001:00000140       _NewtonWorldGetUserData    10001140 f   Newton.obj
 0001:00000150       _NewtonWorldGetBodyCount   10001150 f   Newton.obj
 0001:00000160       _NewtonWorldGetConstraintCount 10001160 f   Newton.obj
 0001:00000170       _NewtonIslandGetBody       10001170 f   Newton.obj
 0001:00000190       _NewtonMaterialGetDefaultGroupID 10001190 f   Newton.obj
 0001:000001a0       _NewtonMaterialCreateGroupID 100011a0 f   Newton.obj
 0001:000001b0       _NewtonMaterialDestroyAllGroupID 100011b0 f   Newton.obj
 0001:000001c0       _NewtonMaterialSetDefaultCollidable 100011c0 f   Newton.obj
 0001:000001f0       _NewtonMaterialSetContinuousCollisionMode 100011f0 f   Newton.obj
 0001:00000220       _NewtonWorldGetFirstMaterial 10001220 f   Newton.obj
 0001:00000230       _NewtonWorldGetNextMaterial 10001230 f   Newton.obj
 0001:00000240       _NewtonMaterialGetContactFaceAttribute 10001240 f   Newton.obj
 0001:00000250       _NewtonMaterialGetContactPositionAndNormal 10001250 f   Newton.obj
 0001:00000280       _NewtonMaterialGetContactTangentDirections 10001280 f   Newton.obj
 0001:000002b0       _NewtonMaterialSetContactFrictionState 100012b0 f   Newton.obj
 0001:00000300       _NewtonMaterialSetContactNormalAcceleration 10001300 f   Newton.obj
 0001:00000320       _NewtonMaterialSetContactTangentAcceleration 10001320 f   Newton.obj
 0001:00000350       _NewtonCreateNull          10001350 f   Newton.obj
 0001:00000360       _NewtonCreateBox           10001360 f   Newton.obj
 0001:000003c0       _NewtonCreateSphere        100013c0 f   Newton.obj
 0001:000004b0       _NewtonCreateCone          100014b0 f   Newton.obj
 0001:00000510       _NewtonCreateCapsule       10001510 f   Newton.obj
 0001:00000570       _NewtonCreateCylinder      10001570 f   Newton.obj
 0001:000005d0       _NewtonCreateChamferCylinder 100015d0 f   Newton.obj
 0001:00000630       _NewtonCreateConvexHullFromMesh 10001630 f   Newton.obj
 0001:00000650       _NewtonCreateConvexHullModifier 10001650 f   Newton.obj
 0001:00000660       _NewtonConvexHullModifierGetMatrix 10001660 f   Newton.obj
 0001:00000690       _NewtonConvexHullModifierSetMatrix 10001690 f   Newton.obj
 0001:000006b0       _NewtonCreateCompoundCollision 100016b0 f   Newton.obj
 0001:000006d0       _NewtonCreateCompoundCollisionFromMesh 100016d0 f   Newton.obj
 0001:000006f0       _NewtonCollisionIsTriggerVolume 100016f0 f   Newton.obj
 0001:00000710       _NewtonCollisionSetAsTriggerVolume 10001710 f   Newton.obj
 0001:00000730       _NewtonConvexCollisionCalculateVolume 10001730 f   Newton.obj
 0001:00000740       _NewtonCreateTreeCollision 10001740 f   Newton.obj
 0001:00000750       _NewtonTreeCollisionSetUserRayCastCallback 10001750 f   Newton.obj
 0001:00000760       _NewtonTreeCollisionBeginBuild 10001760 f   Newton.obj
 0001:00000770       _NewtonTreeCollisionAddFace 10001770 f   Newton.obj
 0001:00000790       _NewtonTreeCollisionEndBuild 10001790 f   Newton.obj
 0001:000007a0       _NewtonCreateHeightFieldCollision 100017a0 f   Newton.obj
 0001:000007e0       _NewtonCreateSceneCollision 100017e0 f   Newton.obj
 0001:000007f0       _NewtonSceneCollisionCreateProxy 100017f0 f   Newton.obj
 0001:00000800       _NewtonSceneCollisionOptimize 10001800 f   Newton.obj
 0001:00000810       _NewtonCollisionPointDistance 10001810 f   Newton.obj
 0001:00000840       _NewtonCollisionClosestPoint 10001840 f   Newton.obj
 0001:00000880       _NewtonCollisionCollide    10001880 f   Newton.obj
 0001:000008c0       _NewtonCollisionCollideContinue 100018c0 f   Newton.obj
 0001:00000920       _NewtonCollisionForEachPolygonDo 10001920 f   Newton.obj
 0001:00000960       _NewtonCollisionMakeUnique 10001960 f   Newton.obj
 0001:00000970       _NewtonReleaseCollision    10001970 f   Newton.obj
 0001:00000980       _NewtonCollisionSerialize  10001980 f   Newton.obj
 0001:000009a0       _NewtonCreateCollisionFromSerialization 100019a0 f   Newton.obj
 0001:000009c0       _NewtonCollisionGetInfo    100019c0 f   Newton.obj
 0001:000009e0       _NewtonGetEulerAngle       100019e0 f   Newton.obj
 0001:00000a10       _NewtonCalculateSpringDamperAcceleration 10001a10 f   Newton.obj
 0001:00000a80       _NewtonCreateBody          10001a80 f   Newton.obj
 0001:00000a90       _NewtonDestroyBody         10001a90 f   Newton.obj
 0001:00000aa0       _NewtonBodySetMatrix       10001aa0 f   Newton.obj
 0001:00000ae0       _NewtonBodyGetFirstJoint   10001ae0 f   Newton.obj
 0001:00000af0       _NewtonBodyGetNextJoint    10001af0 f   Newton.obj
 0001:00000b00       _NewtonBodyGetFirstContactJoint 10001b00 f   Newton.obj
 0001:00000b10       _NewtonBodyGetNextContactJoint 10001b10 f   Newton.obj
 0001:00000b20       _NewtonBodySetCollision    10001b20 f   Newton.obj
 0001:00000b30       _NewtonBodySetFreezeState  10001b30 f   Newton.obj
 0001:00000b50       _NewtonBallSetUserCallback 10001b50 f   Newton.obj
 0001:00000b60       _NewtonBallGetJointAngle   10001b60 f   Newton.obj
 0001:00000b90       _NewtonBallGetJointOmega   10001b90 f   Newton.obj
 0001:00000bc0       _NewtonBallGetJointForce   10001bc0 f   Newton.obj
 0001:00000bf0       _NewtonSliderGetJointPosit 10001bf0 f   Newton.obj
 0001:00000bf0       _NewtonUniversalGetJointAngle0 10001bf0 f   Newton.obj
 0001:00000bf0       _NewtonHingeGetJointAngle  10001bf0 f   Newton.obj
 0001:00000bf0       _NewtonCorkscrewGetJointAngle 10001bf0 f   Newton.obj
 0001:00000c00       _NewtonHingeCalculateStopAlpha 10001c00 f   Newton.obj
 0001:00000c20       _NewtonHingeGetJointForce  10001c20 f   Newton.obj
 0001:00000c50       _NewtonHingeSetUserCallback 10001c50 f   Newton.obj
 0001:00000c50       _NewtonSliderSetUserCallback 10001c50 f   Newton.obj
 0001:00000c60       _NewtonCorkscrewGetJointVeloc 10001c60 f   Newton.obj
 0001:00000c60       _NewtonSliderGetJointVeloc 10001c60 f   Newton.obj
 0001:00000c70       _NewtonSliderCalculateStopAccel 10001c70 f   Newton.obj
 0001:00000c90       _NewtonSliderGetJointForce 10001c90 f   Newton.obj
 0001:00000cc0       _NewtonCorkscrewSetUserCallback 10001cc0 f   Newton.obj
 0001:00000cc0       _NewtonUniversalSetUserCallback 10001cc0 f   Newton.obj
 0001:00000cd0       _NewtonCorkscrewCalculateStopAccel 10001cd0 f   Newton.obj
 0001:00000cf0       _NewtonUniversalGetJointForce 10001cf0 f   Newton.obj
 0001:00000cf0       _NewtonCorkscrewGetJointForce 10001cf0 f   Newton.obj
 0001:00000d20       _NewtonUniversalGetJointAngle1 10001d20 f   Newton.obj
 0001:00000d20       _NewtonCorkscrewGetJointPosit 10001d20 f   Newton.obj
 0001:00000d30       _NewtonHingeGetJointOmega  10001d30 f   Newton.obj
 0001:00000d30       _NewtonCorkscrewGetJointOmega 10001d30 f   Newton.obj
 0001:00000d30       _NewtonUniversalGetJointOmega0 10001d30 f   Newton.obj
 0001:00000d40       _NewtonUniversalGetJointOmega1 10001d40 f   Newton.obj
 0001:00000d50       _NewtonCorkscrewCalculateStopAlpha 10001d50 f   Newton.obj
 0001:00000d50       _NewtonUniversalCalculateStopAlpha0 10001d50 f   Newton.obj
 0001:00000d70       _NewtonUniversalCalculateStopAlpha1 10001d70 f   Newton.obj
 0001:00000d90       _NewtonUpVectorGetPin      10001d90 f   Newton.obj
 0001:00000dc0       _NewtonUserJointAddGeneralRow 10001dc0 f   Newton.obj
 0001:00000de0       _NewtonUserJointSetRowMaximumFriction 10001de0 f   Newton.obj
 0001:00000e00       _NewtonUserJointSetRowMinimumFriction 10001e00 f   Newton.obj
 0001:00000e20       _NewtonUserJointSetRowAcceleration 10001e20 f   Newton.obj
 0001:00000e40       _NewtonUserJointSetRowSpringDamperAcceleration 10001e40 f   Newton.obj
 0001:00000e60       _NewtonUserJointSetRowStiffness 10001e60 f   Newton.obj
 0001:00000e80       _NewtonUserJointGetRowForce 10001e80 f   Newton.obj
 0001:00000e90       _NewtonUserJointSetFeedbackCollectorCallback 10001e90 f   Newton.obj
 0001:00000ea0       _NewtonJointSetUserData    10001ea0 f   Newton.obj
 0001:00000eb0       _NewtonJointGetUserData    10001eb0 f   Newton.obj
 0001:00000ec0       _NewtonJointGetInfo        10001ec0 f   Newton.obj
 0001:00000ee0       _NewtonJointSetStiffness   10001ee0 f   Newton.obj
 0001:00000f00       _NewtonJointGetStiffness   10001f00 f   Newton.obj
 0001:00000f10       _NewtonJointSetDestructor  10001f10 f   Newton.obj
 0001:00000f20       _NewtonDestroyJoint        10001f20 f   Newton.obj
 0001:00000f30       _NewtonMeshDestroy         10001f30 f   Newton.obj
 0001:00000f50       _NewtonMeshCalculateVertexNormals 10001f50 f   Newton.obj
 0001:00000f70       _NewtonMeshApplySphericalMapping 10001f70 f   Newton.obj
 0001:00000f80       _NewtonMeshApplyBoxMapping 10001f80 f   Newton.obj
 0001:00000fa0       _NewtonMeshApplyCylindricalMapping 10001fa0 f   Newton.obj
 0001:00000fc0       _NewtonMeshBeginFace       10001fc0 f   Newton.obj
 0001:00000fd0       _NewtonMeshAddFace         10001fd0 f   Newton.obj
 0001:00000ff0       _NewtonMeshEndFace         10001ff0 f   Newton.obj
 0001:00001000       _NewtonMeshGetVertexCount  10002000 f   Newton.obj
 0001:00001010       _NewtonMeshGetVertexStreams 10002010 f   Newton.obj
 0001:00001040       _NewtonMeshGetIndirectVertexStreams 10002040 f   Newton.obj
 0001:00001090       _NewtonMeshFirstMaterial   10002090 f   Newton.obj
 0001:000010a0       _NewtonMeshNextMaterial    100020a0 f   Newton.obj
 0001:000010b0       _NewtonMeshMaterialGetMaterial 100020b0 f   Newton.obj
 0001:000010c0       _NewtonMeshMaterialGetIndexCount 100020c0 f   Newton.obj
 0001:000010e0       _NewtonMeshMaterialGetIndexStream 100020e0 f   Newton.obj
 0001:00001100       _NewtonMeshMaterialGetIndexStreamShort 10002100 f   Newton.obj
 0001:00001120       ?dgGetUserLock@dgWorld@@QAEXXZ 10002120 f i Newton.obj
 0001:00001140       ?dgReleasedUserLock@dgWorld@@QAEXXZ 10002140 f i Newton.obj
 0001:00001160       ?Scale@?$dgTemplateVector@M@@QBE?AV1@M@Z 10002160 f i Newton.obj
 0001:00001190       ??H?$dgTemplateVector@M@@QBE?AV0@ABV0@@Z 10002190 f i Newton.obj
 0001:000011c0       ??G?$dgTemplateVector@M@@QBE?AV0@ABV0@@Z 100021c0 f i Newton.obj
 0001:000011f0       ??L?$dgTemplateVector@M@@QBEMABV0@@Z 100021f0 f i Newton.obj
 0001:00001220       ??D?$dgTemplateVector@M@@QBE?AV0@ABV0@@Z 10002220 f i Newton.obj
 0001:00001260       _NewtonDestroy             10002260 f   Newton.obj
 0001:000012a0       _NewtonWorldCriticalSectionLock 100022a0 f   Newton.obj
 0001:000012c0       _NewtonWorldCriticalSectionUnlock 100022c0 f   Newton.obj
 0001:000012e0       _NewtonUpdate              100022e0 f   Newton.obj
 0001:000013b0       _NewtonSetMinimumFrameRate 100023b0 f   Newton.obj
 0001:00001410       _NewtonWorldGetFirstBody   10002410 f   Newton.obj
 0001:00001430       _NewtonWorldGetNextBody    10002430 f   Newton.obj
 0001:00001450       _NewtonIslandGetBodyAABB   10002450 f   Newton.obj
 0001:000014b0       _NewtonMaterialSetSurfaceThickness 100024b0 f   Newton.obj
 0001:00001510       _NewtonMaterialSetDefaultFriction 10002510 f   Newton.obj
 0001:000015f0       _NewtonMaterialSetDefaultElasticity 100025f0 f   Newton.obj
 0001:00001650       _NewtonMaterialSetDefaultSoftness 10002650 f   Newton.obj
 0001:000016b0       _NewtonMaterialSetCollisionCallback 100026b0 f   Newton.obj
 0001:000016f0       _NewtonMaterialGetUserData 100026f0 f   Newton.obj
 0001:00001710       _NewtonMaterialGetMaterialPairUserData 10002710 f   Newton.obj
 0001:00001720       _NewtonMaterialGetContactNormalSpeed 10002720 f   Newton.obj
 0001:000018c0       _NewtonMaterialGetContactForce 100028c0 f   Newton.obj
 0001:000019b0       _NewtonMaterialGetBodyCollisionID 100029b0 f   Newton.obj
 0001:000019d0       _NewtonMaterialSetContactSoftness 100029d0 f   Newton.obj
 0001:00001a30       _NewtonMaterialSetContactElasticity 10002a30 f   Newton.obj
 0001:00001a90       _NewtonMaterialSetContactFrictionCoef 10002a90 f   Newton.obj
 0001:00001ba0       _NewtonCreateConvexHull    10002ba0 f   Newton.obj
 0001:00001c20       _NewtonCollisionSetUserID  10002c20 f   Newton.obj
 0001:00001c30       _NewtonCollisionGetUserID  10002c30 f   Newton.obj
 0001:00001c40       _NewtonStaticCollisionSetDebugCallback 10002c40 f   Newton.obj
 0001:00001c70       _NewtonTreeCollisionGetFaceAtribute 10002c70 f   Newton.obj
 0001:00001c80       _NewtonTreeCollisionSetFaceAtribute 10002c80 f   Newton.obj
 0001:00001c90       _NewtonSceneProxySetMatrix 10002c90 f   Newton.obj
 0001:00001cb0       _NewtonSceneProxyGetMatrix 10002cb0 f   Newton.obj
 0001:00001ce0       _NewtonAddCollisionReference 10002ce0 f   Newton.obj
 0001:00001cf0       _NewtonBodySetUserData     10002cf0 f   Newton.obj
 0001:00001d00       _NewtonBodyGetUserData     10002d00 f   Newton.obj
 0001:00001d10       _NewtonBodyGetWorld        10002d10 f   Newton.obj
 0001:00001d20       _NewtonBodySetTransformCallback 10002d20 f   Newton.obj
 0001:00001d30       _NewtonBodySetForceAndTorqueCallback 10002d30 f   Newton.obj
 0001:00001d40       _NewtonBodyGetForceAndTorqueCallback 10002d40 f   Newton.obj
 0001:00001d50       _NewtonBodySetDestructorCallback 10002d50 f   Newton.obj
 0001:00001d60       _NewtonBodyGetMassMatrix   10002d60 f   Newton.obj
 0001:00001de0       _NewtonBodyGetInvMass      10002de0 f   Newton.obj
 0001:00001e60       _NewtonBodySetMatrixRecursive 10002e60 f   Newton.obj
 0001:00001ea0       _NewtonBodyGetMatrix       10002ea0 f   Newton.obj
 0001:00001ec0       _NewtonBodyGetRotation     10002ec0 f   Newton.obj
 0001:00001ef0       _NewtonBodyGetForceAcc     10002ef0 f   Newton.obj
 0001:00001f40       _NewtonBodyGetForce        10002f40 f   Newton.obj
 0001:00001f90       _NewtonBodyGetTorque       10002f90 f   Newton.obj
 0001:00001fe0       _NewtonBodyGetTorqueAcc    10002fe0 f   Newton.obj
 0001:00002030       _NewtonBodyGetCentreOfMass 10003030 f   Newton.obj
 0001:00002080       _NewtonContactJointGetContactCount 10003080 f   Newton.obj
 0001:000020a0       _NewtonContactJointGetFirstContact 100030a0 f   Newton.obj
 0001:000020d0       _NewtonContactJointGetNextContact 100030d0 f   Newton.obj
 0001:00002100       _NewtonContactGetMaterial  10003100 f   Newton.obj
 0001:00002110       _NewtonBodyGetCollision    10003110 f   Newton.obj
 0001:00002120       _NewtonBodySetMaterialGroupID 10003120 f   Newton.obj
 0001:00002130       _NewtonBodyGetMaterialGroupID 10003130 f   Newton.obj
 0001:00002140       _NewtonBodySetContinuousCollisionMode 10003140 f   Newton.obj
 0001:00002160       _NewtonBodyGetContinuousCollisionMode 10003160 f   Newton.obj
 0001:00002180       _NewtonBodySetJointRecursiveCollision 10003180 f   Newton.obj
 0001:000021b0       _NewtonBodyGetJointRecursiveCollision 100031b0 f   Newton.obj
 0001:000021d0       _NewtonBodyGetFreezeState  100031d0 f   Newton.obj
 0001:000021e0       _NewtonBodySetAutoSleep    100031e0 f   Newton.obj
 0001:00002210       _NewtonBodyGetAutoSleep    10003210 f   Newton.obj
 0001:00002230       _NewtonBodyGetSleepState   10003230 f   Newton.obj
 0001:00002240       _NewtonBodyGetVelocity     10003240 f   Newton.obj
 0001:00002290       _NewtonBodyGetOmega        10003290 f   Newton.obj
 0001:000022e0       _NewtonBodyGetLinearDamping 100032e0 f   Newton.obj
 0001:00002300       _NewtonConstraintCreateUserJoint 10003300 f   Newton.obj
 0001:00002340       _NewtonJointGetBody0       10003340 f   Newton.obj
 0001:00002350       _NewtonJointGetBody1       10003350 f   Newton.obj
 0001:00002370       _NewtonJointSetCollisionState 10003370 f   Newton.obj
 0001:00002390       _NewtonJointGetCollisionState 10003390 f   Newton.obj
 0001:000023a0       _NewtonMeshCreate          100033a0 f   Newton.obj
 0001:000023c0       _NewtonMeshCreateFromCollision 100033c0 f   Newton.obj
 0001:000023e0       ?Unlink@?$dgList@VdgContactMaterial@@@@QAEXPAVdgListNode@1@@Z 100033e0 f i Newton.obj
 0001:00002450       ?SetCentreOfMass@dgBody@@QAEXABVdgVector@@@Z 10003450 f i Newton.obj
 0001:00002530       ?SetAngularDamping@dgBody@@QAEXABVdgVector@@@Z 10003530 f i Newton.obj
 0001:00002620       ?SetForce@dgBody@@QAEXABVdgVector@@@Z 10003620 f i Newton.obj
 0001:000026e0       ?SetTorque@dgBody@@QAEXABVdgVector@@@Z 100036e0 f i Newton.obj
 0001:000027a0       _NewtonSetWorldSize        100037a0 f   Newton.obj
 0001:00002800       _NewtonWorldForEachBodyInAABBDo 10003800 f   Newton.obj
 0001:00002860       _NewtonWorldRayCast        10003860 f   Newton.obj
 0001:000028d0       _NewtonWorldConvexCast     100038d0 f   Newton.obj
 0001:00002930       _NewtonMaterialGetContactTangentSpeed 10003930 f   Newton.obj
 0001:00002b10       _NewtonMaterialContactRotateTangentDirections 10003b10 f   Newton.obj
 0001:00002c80       _NewtonConvexCollisionCalculateInertialMatrix 10003c80 f   Newton.obj
 0001:00002cd0       _NewtonCreateUserMeshCollision 10003cd0 f   Newton.obj
 0001:00002d60       _NewtonTreeCollisionGetVertexListIndexListInAABB 10003d60 f   Newton.obj
 0001:00002e20       _NewtonCollisionSupportVertex 10003e20 f   Newton.obj
 0001:00002fb0       _NewtonCollisionCalculateAABB 10003fb0 f   Newton.obj
 0001:00003010       _NewtonSetEulerAngle       10004010 f   Newton.obj
 0001:00003410       _NewtonBodySetMassMatrix   10004410 f   Newton.obj
 0001:00003590       _NewtonBodySetForce        10004590 f   Newton.obj
 0001:000035d0       _NewtonBodyCalculateInverseDynamicsForce 100045d0 f   Newton.obj
 0001:00003630       _NewtonBodySetTorque       10004630 f   Newton.obj
 0001:00003670       _NewtonBodySetCentreOfMass 10004670 f   Newton.obj
 0001:000036b0       _NewtonBodyAddBuoyancyForce 100046b0 f   Newton.obj
 0001:00003710       _NewtonBodyGetAABB         10004710 f   Newton.obj
 0001:00003790       _NewtonBodySetVelocity     10004790 f   Newton.obj
 0001:000037f0       _NewtonBodySetOmega        100047f0 f   Newton.obj
 0001:00003850       _NewtonBodySetLinearDamping 10004850 f   Newton.obj
 0001:000038a0       _NewtonBodySetAngularDamping 100048a0 f   Newton.obj
 0001:000038e0       _NewtonBodyGetAngularDamping 100048e0 f   Newton.obj
 0001:00003940       _NewtonBodyAddImpulse      10004940 f   Newton.obj
 0001:000039a0       _NewtonConstraintCreateBall 100049a0 f   Newton.obj
 0001:000039e0       _NewtonBallSetConeLimits   100049e0 f   Newton.obj
 0001:00003d40       _NewtonConstraintCreateHinge 10004d40 f   Newton.obj
 0001:00003da0       _NewtonConstraintCreateSlider 10004da0 f   Newton.obj
 0001:00003e00       _NewtonConstraintCreateCorkscrew 10004e00 f   Newton.obj
 0001:00003e60       _NewtonConstraintCreateUniversal 10004e60 f   Newton.obj
 0001:00003ee0       _NewtonConstraintCreateUpVector 10004ee0 f   Newton.obj
 0001:00003f20       _NewtonUpVectorSetPin      10004f20 f   Newton.obj
 0001:00003f60       _NewtonUserJointAddLinearRow 10004f60 f   Newton.obj
 0001:00004060       _NewtonUserJointAddAngularRow 10005060 f   Newton.obj
 0001:00004120       _NewtonMeshPlaneClip       10005120 f   Newton.obj
 0001:00004170       ?AddForce@dgBody@@QAEXABVdgVector@@@Z 10005170 f i Newton.obj
 0001:000041e0       ?AddTorque@dgBody@@QAEXABVdgVector@@@Z 100051e0 f i Newton.obj
 0001:00004250       _NewtonCreate              10005250 f   Newton.obj
 0001:00004320       _NewtonDestroyAllBodies    10005320 f   Newton.obj
 0001:00004370       _NewtonCollisionRayCast    10005370 f   Newton.obj
 0001:00004570       _NewtonBodyAddForce        10005570 f   Newton.obj
 0001:000045b0       _NewtonBodyAddTorque       100055b0 f   Newton.obj
 0001:000045f0       _NewtonContactJointRemoveContact 100055f0 f   Newton.obj
 0001:00004630       _NewtonWorldForEachJointDo 10005630 f   Newton.obj
 0001:000046e0       ?Append@?$dgList@UNewtonMeshPartition@@@@QAEPAVdgListNode@1@XZ 100056e0 f i NewtonAproximateConvexPartition.obj
 0001:00004770       ?CalculateHulls@NewtonAproximateConvexPartition@@QAEXPBVdgVector@@H@Z 10005770 f   NewtonAproximateConvexPartition.obj
 0001:00004880       ?RemoveAll@?$dgList@UNewtonMeshPartition@@@@QAEXXZ 10005880 f i NewtonAproximateConvexPartition.obj
 0001:000048f0       ??0NewtonAproximateConvexPartition@@QAE@ABVNewtonMeshEffect@@MH@Z 100058f0 f   NewtonAproximateConvexPartition.obj
 0001:00004970       ??1NewtonAproximateConvexPartition@@QAE@XZ 10005970 f   NewtonAproximateConvexPartition.obj
 0001:00004980       ?DefaultFreeMemory@Newton@@SAXPAXH@Z 10005980 f   NewtonClass.obj
 0001:00004980       ?__free__@dgMemoryAllocator@@CAXPAXI@Z 10005980 f   corelib_2009:dgMemory.obj
 0001:00004990       ?JacobianDerivative@NewtonUserJoint@@UAEIAAVdgContraintDescritor@@@Z 10005990 f   NewtonClass.obj
 0001:000049d0       ?SetAcceleration@NewtonUserJoint@@QAEXM@Z 100059d0 f   NewtonClass.obj
 0001:00004a00       ?SetSpringDamperAcceleration@NewtonUserJoint@@QAEXMM@Z 10005a00 f   NewtonClass.obj
 0001:00004a80       ?GetRowForce@NewtonUserJoint@@QBEMH@Z 10005a80 f   NewtonClass.obj
 0001:00004ab0       ?GetInfo@NewtonUserJoint@@UBEXPAVdgConstraintInfo@@@Z 10005ab0 f   NewtonClass.obj
 0001:00004af0       ??_GNewtonUserJoint@@UAEPAXI@Z 10005af0 f i NewtonClass.obj
 0001:00004af0       ??_ENewtonUserJoint@@UAEPAXI@Z 10005af0 f i NewtonClass.obj
 0001:00004b30       ?SetHighFriction@NewtonUserJoint@@QAEXM@Z 10005b30 f   NewtonClass.obj
 0001:00004ba0       ?SetLowerFriction@NewtonUserJoint@@QAEXM@Z 10005ba0 f   NewtonClass.obj
 0001:00004c20       ?SetRowStiffness@NewtonUserJoint@@QAEXM@Z 10005c20 f   NewtonClass.obj
 0001:00004c90       ?SetUpdateFeedbackFunction@NewtonUserJoint@@QAEXP6AXPBUNewtonJoint@@MH@Z@Z 10005c90 f   NewtonClass.obj
 0001:00004ca0       ?DestroyJoints@NewtonDeadJoints@@QAEXAAVNewton@@@Z 10005ca0 f   NewtonClass.obj
 0001:00004d00       ??1Newton@@QAE@XZ          10005d00 f   NewtonClass.obj
 0001:00004d50       ??0NewtonUserJoint@@QAE@PAVdgWorld@@HP6AXPBUNewtonJoint@@MH@ZP6AX1PAUNewtonJointRecord@@@ZPAVdgBody@@5@Z 10005d50 f   NewtonClass.obj
 0001:00004e00       ?AddAngularRowJacobian@NewtonUserJoint@@QAEXABVdgVector@@M@Z 10005e00 f   NewtonClass.obj
 0001:00004ed0       ?AddGeneralRowJacobian@NewtonUserJoint@@QAEXPBM0@Z 10005ed0 f   NewtonClass.obj
 0001:00004f90       ?AddLinearRowJacobian@NewtonUserJoint@@QAEXABVdgVector@@00@Z 10005f90 f   NewtonClass.obj
 0001:00005050       ??0Newton@@QAE@M@Z         10006050 f   NewtonClass.obj
 0001:000050c0       ?DestroyJoint@Newton@@QAEXPAVdgConstraint@@@Z 100060c0 f   NewtonClass.obj
 0001:000050f0       ?DestroyBody@Newton@@QAEXPAVdgBody@@@Z 100060f0 f   NewtonClass.obj
 0001:00005120       ?DestroyBodies@NewtonDeadBodies@@QAEXAAVNewton@@@Z 10006120 f   NewtonClass.obj
 0001:000051a0       ?UpdatePhysics@Newton@@QAEXM@Z 100061a0 f   NewtonClass.obj
 0001:000051e0       ?GetShapeFromCollision@NewtonMeshEffectBuilder@@SAXPAXHPBMH@Z 100061e0 f i NewtonMeshEffect.obj
 0001:000052c0       ?BeginPolygon@NewtonMeshEffect@@QAEXXZ 100062c0 f   NewtonMeshEffect.obj
 0001:000052d0       ?AddVertex@NewtonMeshEffect@@AAEXPBMH@Z 100062d0 f   NewtonMeshEffect.obj
 0001:00005430       ?AddPolygon@NewtonMeshEffect@@QAEXHPBMHH@Z 10006430 f   NewtonMeshEffect.obj
 0001:000054a0       ?GetVertexStreams@NewtonMeshEffect@@QAEXHPAMH0H0@Z 100064a0 f   NewtonMeshEffect.obj
 0001:00005560       ?GetIndirectVertexStreams@NewtonMeshEffect@@QAEXHPAMPAH1H011H011@Z 10006560 f   NewtonMeshEffect.obj
 0001:00005730       ?GetNextMaterial@NewtonMeshEffect@@QAEHH@Z 10006730 f   NewtonMeshEffect.obj
 0001:00005760       ?GetMaterialGetIndexStream@NewtonMeshEffect@@QAEXHPAH@Z 10006760 f   NewtonMeshEffect.obj
 0001:000057d0       ?GetMaterialGetIndexStreamShort@NewtonMeshEffect@@QAEXHPAF@Z 100067d0 f   NewtonMeshEffect.obj
 0001:00005840       ?CreateConvexAproximationCollision@NewtonMeshEffect@@QBEPAVdgCollision@@MH@Z 10006840 f   NewtonMeshEffect.obj
 0001:00005870       ??Y?$dgTemplateVector@M@@QAEAAV0@ABV0@@Z 10006870 f i NewtonMeshEffect.obj
 0001:000058a0       ??0NewtonMeshEffect@@QAE@_N@Z 100068a0 f   NewtonMeshEffect.obj
 0001:00005900       ??_ENewtonMeshEffect@@UAEPAXI@Z 10006900 f i NewtonMeshEffect.obj
 0001:00005900       ??_GNewtonMeshEffect@@UAEPAXI@Z 10006900 f i NewtonMeshEffect.obj
 0001:00005950       ?EndPolygon@NewtonMeshEffect@@QAEXXZ 10006950 f   NewtonMeshEffect.obj
 0001:00005b40       ?CreateConvexCollision@NewtonMeshEffect@@QBEPAVdgCollision@@M@Z 10006b40 f   NewtonMeshEffect.obj
 0001:00005ba0       ??0NewtonMeshEffect@@QAE@PAVdgCollision@@@Z 10006ba0 f   NewtonMeshEffect.obj
 0001:00005de0       ?GetAttriubeArray@NewtonMeshEffect@@AAEXPAUdgVertexAtribute@1@@Z 10006de0 f   NewtonMeshEffect.obj
 0001:00005e70       ?ApplyAttriubeArray@NewtonMeshEffect@@AAEXPAUdgVertexAtribute@1@@Z 10006e70 f   NewtonMeshEffect.obj
 0001:00005f30       ?GetOrigin@NewtonMeshEffect@@ABE?AVdgVector@@XZ 10006f30 f   NewtonMeshEffect.obj
 0001:000060a0       ?FixCylindricalMapping@NewtonMeshEffect@@ABEXPAUdgVertexAtribute@1@@Z 100070a0 f   NewtonMeshEffect.obj
 0001:000061f0       ?SphericalMapping@NewtonMeshEffect@@QAEXH@Z 100071f0 f   NewtonMeshEffect.obj
 0001:00006410       ?CylindricalMapping@NewtonMeshEffect@@QAEXHH@Z 10007410 f   NewtonMeshEffect.obj
 0001:000068a0       ?BoxMapping@NewtonMeshEffect@@QAEXHHH@Z 100078a0 f   NewtonMeshEffect.obj
 0001:00006c40       ?CalcualetNormals@NewtonMeshEffect@@QAEXM@Z 10007c40 f   NewtonMeshEffect.obj
 0001:000070f0       ?GetFirstMaterial@NewtonMeshEffect@@QAEHXZ 100080f0 f   NewtonMeshEffect.obj
 0001:000072f0       ?CapClipFace@NewtonMeshEffect@@AAE_NABVdgPlane@@ABVdgMatrix@@HH@Z 100082f0 f   NewtonMeshEffect.obj
 0001:00007540       ?PlaneClip@NewtonMeshEffect@@QAEHABVdgPlane@@ABVdgMatrix@@PAPAV1@HH@Z 10008540 f   NewtonMeshEffect.obj
 0001:00008120       ?ModifierGetMatrix@dgCollision@@UBE?AVdgMatrix@@XZ 10009120 f i physics_2009:dgWorld.obj
 0001:00008140       ?Release@dgCollision@@UAEHXZ 10009140 f i physics_2009:dgWorld.obj
 0001:00008160       ?CalculateSignature@dgCollisionScene@@EBEHXZ 10009160 f   physics_2009:dgCollisionScene.obj
 0001:00008160       ?CalculateSignature@dgCollisionConvexModifier@@EBEHXZ 10009160 f   physics_2009:dgCollisionConvexModifier.obj
 0001:00008160       ?CalculateSignature@dgCollisionMesh@@EBEHXZ 10009160 f   physics_2009:dgCollisionMesh.obj
 0001:00008160       ?GetUserData@dgCollision@@UBEPAXXZ 10009160 f   physics_2009:dgCollision.obj
 0001:00008160       ?GetPerformanceCount@dgWorld@@CAIXZ 10009160 f   physics_2009:dgWorld.obj
 0001:00008160       ?CalculateSignature@dgCompoundCollision@@EBEHXZ 10009160 f   physics_2009:dgCompoundCollision.obj
 0001:00008160       ?GetUserData@dgCollisionMesh@@UBEPAXXZ 10009160 f   physics_2009:dgCollisionMesh.obj
 0001:00008170       ?GetSentinelBody@dgWorld@@QBEPAVdgBody@@XZ 10009170 f   physics_2009:dgWorld.obj
 0001:00008180       ?SetFrictionMode@dgWorld@@QAEXH@Z 10009180 f   physics_2009:dgWorld.obj
 0001:00008190       ?SetHardwareMode@dgWorld@@QAEXH@Z 10009190 f   physics_2009:dgWorld.obj
 0001:000081d0       ?GetHardwareMode@dgWorld@@QAEHPAD@Z 100091d0 f   physics_2009:dgWorld.obj
 0001:00008230       ?ThreadExecute@dgSetTrreadRoundMode@dgWorld@@UAEXXZ 10009230 f   physics_2009:dgWorld.obj
 0001:00008250       ?SetThreadsCount@dgWorld@@QAEXH@Z 10009250 f   physics_2009:dgWorld.obj
 0001:000082b0       ?GetThreadsCount@dgWorld@@QBEHXZ 100092b0 f   physics_2009:dgWorld.obj
 0001:000082c0       ?EnableThreadOnSingleIsland@dgWorld@@QAEXH@Z 100092c0 f   physics_2009:dgWorld.obj
 0001:000082e0       ?DestroyConstraint@dgWorld@@QAEXPAVdgConstraint@@@Z 100092e0 f   physics_2009:dgWorld.obj
 0001:00008300       ?UpdateCollision@dgWorld@@QAEXXZ 10009300 f   physics_2009:dgWorld.obj
 0001:00008420       ?Update@dgWorld@@QAEXM@Z   10009420 f   physics_2009:dgWorld.obj
 0001:00008580       ?SetPerfomanceCounter@dgWorld@@QAEXP6AIXZ@Z 10009580 f   physics_2009:dgWorld.obj
 0001:000085b0       ?SetUserData@dgWorld@@QAEXPAX@Z 100095b0 f   physics_2009:dgWorld.obj
 0001:000085c0       ?GetUserData@dgWorld@@QBEPAXXZ 100095c0 f   physics_2009:dgWorld.obj
 0001:000085d0       ?SetIslandUpdateCallback@dgWorld@@QAEXP6AIPAXH@Z@Z 100095d0 f   physics_2009:dgWorld.obj
 0001:000085e0       ?SetLeavingWorldCallback@dgWorld@@QAEXP6AXPAVdgBody@@H@Z@Z 100095e0 f   physics_2009:dgWorld.obj
 0001:000085f0       ?CreateBallConstraint@dgWorld@@QAEPAVdgBallConstraint@@ABVdgVector@@PAVdgBody@@1@Z 100095f0 f   physics_2009:dgWorld.obj
 0001:00008640       ?CreateHingeConstraint@dgWorld@@QAEPAVdgHingeConstraint@@ABVdgVector@@0PAVdgBody@@1@Z 10009640 f   physics_2009:dgWorld.obj
 0001:00008690       ?CreateUpVectorConstraint@dgWorld@@QAEPAVdgUpVectorConstraint@@ABVdgVector@@PAVdgBody@@@Z 10009690 f   physics_2009:dgWorld.obj
 0001:000086e0       ?CreateSlidingConstraint@dgWorld@@QAEPAVdgSlidingConstraint@@ABVdgVector@@0PAVdgBody@@1@Z 100096e0 f   physics_2009:dgWorld.obj
 0001:00008730       ?CreateCorkscrewConstraint@dgWorld@@QAEPAVdgCorkscrewConstraint@@ABVdgVector@@0PAVdgBody@@1@Z 10009730 f   physics_2009:dgWorld.obj
 0001:00008780       ?CreateUniversalConstraint@dgWorld@@QAEPAVdgUniversalConstraint@@ABVdgVector@@00PAVdgBody@@1@Z 10009780 f   physics_2009:dgWorld.obj
 0001:000087e0       ?GetConstraintsCount@dgWorld@@QBEHXZ 100097e0 f   physics_2009:dgWorld.obj
 0001:000087f0       ?AddBodyImpulse@dgWorld@@QAEXPAVdgBody@@ABVdgVector@@1@Z 100097f0 f   physics_2009:dgWorld.obj
 0001:00008820       ??_EdgCollisionPoint@@UAEPAXI@Z 10009820 f i physics_2009:dgWorld.obj
 0001:00008820       ??_GdgCollisionPoint@@UAEPAXI@Z 10009820 f i physics_2009:dgWorld.obj
 0001:00008840       ??_EdgSolverWorlkerThreads@@UAEPAXI@Z 10009840 f i physics_2009:dgWorld.obj
 0001:00008840       ??_GdgParallelSolverBuildJacobianRows@@UAEPAXI@Z 10009840 f i physics_2009:dgWorld.obj
 0001:00008840       ??_GdgWorkerThread@@UAEPAXI@Z 10009840 f i physics_2009:dgWorld.obj
 0001:00008840       ??_EdgParallelSolverCalculateForces@@UAEPAXI@Z 10009840 f i physics_2009:dgWorld.obj
 0001:00008840       ??_GdgParallelSolverUpdateVeloc@@UAEPAXI@Z 10009840 f i physics_2009:dgWorld.obj
 0001:00008840       ??_EdgParallelSolverInitFeedbackUpdate@@UAEPAXI@Z 10009840 f i physics_2009:dgWorld.obj
 0001:00008840       ??_GdgBroadPhaseCalculateContactsWorkerThread@@UAEPAXI@Z 10009840 f i physics_2009:dgBroadPhaseCollision.obj
 0001:00008840       ??_GdgSetTrreadRoundMode@dgWorld@@UAEPAXI@Z 10009840 f i physics_2009:dgWorld.obj
 0001:00008840       ??_EdgParallelSolverJointAcceleration@@UAEPAXI@Z 10009840 f i physics_2009:dgWorld.obj
 0001:00008840       ??_GdgParallelSolverJointAcceleration@@UAEPAXI@Z 10009840 f i physics_2009:dgWorld.obj
 0001:00008840       ??_EdgParallelSolverBuildJacobianRows@@UAEPAXI@Z 10009840 f i physics_2009:dgWorld.obj
 0001:00008840       ??_EdgParallelSolverBuildJacobianMatrix@@UAEPAXI@Z 10009840 f i physics_2009:dgWorld.obj
 0001:00008840       ??_EdgBroadPhaseMaterialCallbackWorkerThread@@UAEPAXI@Z 10009840 f i physics_2009:dgBroadPhaseCollision.obj
 0001:00008840       ??_EdgParallelSolverClear@@UAEPAXI@Z 10009840 f i physics_2009:dgWorld.obj
 0001:00008840       ??_GdgParallelSolverUpdateForce@@UAEPAXI@Z 10009840 f i physics_2009:dgWorld.obj
 0001:00008840       ??_EdgParallelSolverBodyInertia@@UAEPAXI@Z 10009840 f i physics_2009:dgWorld.obj
 0001:00008840       ??_EdgParallelSolverUpdateVeloc@@UAEPAXI@Z 10009840 f i physics_2009:dgWorld.obj
 0001:00008840       ??_EdgBroadPhaseApplyExternalForce@@UAEPAXI@Z 10009840 f i physics_2009:dgBroadPhaseCollision.obj
 0001:00008840       ??_GdgBroadPhaseMaterialCallbackWorkerThread@@UAEPAXI@Z 10009840 f i physics_2009:dgBroadPhaseCollision.obj
 0001:00008840       ??_GdgParallelSolverInitFeedbackUpdate@@UAEPAXI@Z 10009840 f i physics_2009:dgWorld.obj
 0001:00008840       ??_EdgSetTrreadRoundMode@dgWorld@@UAEPAXI@Z 10009840 f i physics_2009:dgWorld.obj
 0001:00008840       ??_GdgBroadPhaseApplyExternalForce@@UAEPAXI@Z 10009840 f i physics_2009:dgBroadPhaseCollision.obj
 0001:00008840       ??_EdgParallelSolverUpdateForce@@UAEPAXI@Z 10009840 f i physics_2009:dgWorld.obj
 0001:00008840       ??_GdgParallelSolverBodyInertia@@UAEPAXI@Z 10009840 f i physics_2009:dgWorld.obj
 0001:00008840       ??_GdgBroadPhaseCellPairsWorkerThread@@UAEPAXI@Z 10009840 f i physics_2009:dgBroadPhaseCollision.obj
 0001:00008840       ??_EdgParallelSolverInitInternalForces@@UAEPAXI@Z 10009840 f i physics_2009:dgWorld.obj
 0001:00008840       ??_EdgBroadPhaseCalculateContactsWorkerThread@@UAEPAXI@Z 10009840 f i physics_2009:dgBroadPhaseCollision.obj
 0001:00008840       ??_GdgParallelSolverInitInternalForces@@UAEPAXI@Z 10009840 f i physics_2009:dgWorld.obj
 0001:00008840       ??_GdgSolverWorlkerThreads@@UAEPAXI@Z 10009840 f i physics_2009:dgWorld.obj
 0001:00008840       ??_EdgBroadPhaseCellPairsWorkerThread@@UAEPAXI@Z 10009840 f i physics_2009:dgBroadPhaseCollision.obj
 0001:00008840       ??_EdgWorkerThread@@UAEPAXI@Z 10009840 f i physics_2009:dgWorld.obj
 0001:00008840       ??_GdgParallelSolverClear@@UAEPAXI@Z 10009840 f i physics_2009:dgWorld.obj
 0001:00008840       ??_GdgParallelSolverCalculateForces@@UAEPAXI@Z 10009840 f i physics_2009:dgWorld.obj
 0001:00008840       ??_GdgParallelSolverBuildJacobianMatrix@@UAEPAXI@Z 10009840 f i physics_2009:dgWorld.obj
 0001:00008860       ?SetSolverMode@dgWorld@@QAEXH@Z 10009860 f   physics_2009:dgWorld.obj
 0001:00008880       ?RemoveAllGroupID@dgWorld@@QAEXXZ 10009880 f   physics_2009:dgWorld.obj
 0001:000088d0       ?DestroyBody@dgWorld@@QAEXPAVdgBody@@@Z 100098d0 f   physics_2009:dgWorld.obj
 0001:00008920       ?GetPerfomanceTicks@dgWorld@@QBEIHI@Z 10009920 f   physics_2009:dgWorld.obj
 0001:00008960       ?GetBodiesCount@dgWorld@@QBEHXZ 10009960 f   physics_2009:dgWorld.obj
 0001:00008970       ?AreBodyConnectedByJoints@dgWorld@@AAE_NPAVdgBody@@0@Z 10009970 f   physics_2009:dgWorld.obj
 0001:00008a50       ?FlushCache@dgWorld@@QAEXXZ 10009a50 f   physics_2009:dgWorld.obj
 0001:00008aa0       ??0dgWorldDynamicUpdate@@QAE@XZ 10009aa0 f i physics_2009:dgWorld.obj
 0001:00008f00       ??1dgWorldDynamicUpdate@@QAE@XZ 10009f00 f i physics_2009:dgWorld.obj
 0001:00009060       ?DestroyAllBodies@dgWorld@@QAEXXZ 1000a060 f   physics_2009:dgWorld.obj
 0001:000090c0       ?CreateBody@dgWorld@@QAEPAVdgBody@@PAVdgCollision@@@Z 1000a0c0 f   physics_2009:dgWorld.obj
 0001:00009210       ?BodySetMatrix@dgWorld@@QAEXPAVdgBody@@ABVdgMatrix@@@Z 1000a210 f   physics_2009:dgWorld.obj
 0001:000094e0       ?RemoveAll@?$dgList@PAVdgContact@@@@QAEXXZ 1000a4e0 f i physics_2009:dgWorld.obj
 0001:000094e0       ?RemoveAll@?$dgList@PAVdgEdge@@@@QAEXXZ 1000a4e0 f i corelib_2009:dgPolyhedra.obj
 0001:00009540       ??1dgWorld@@QAE@XZ         1000a540 f   physics_2009:dgWorld.obj
 0001:00009690       ??0dgWorld@@QAE@XZ         1000a690 f   physics_2009:dgWorld.obj
 0001:000099f0       ?GetIslandBody@dgWorld@@QBEPAVdgBody@@PBXH@Z 1000a9f0 f   physics_2009:dgWorldDynamicUpdate.obj
 0001:00009a20       ?SortIslands@dgWorldDynamicUpdate@@AAEXXZ 1000aa20 f   physics_2009:dgWorldDynamicUpdate.obj
 0001:00009c90       ?ReallocBodyMemory@dgWorldDynamicUpdate@@AAEXH@Z 1000ac90 f   physics_2009:dgWorldDynamicUpdate.obj
 0001:00009d50       ?ReallocIslandMemory@dgWorldDynamicUpdate@@AAEXH@Z 1000ad50 f   physics_2009:dgWorldDynamicUpdate.obj
 0001:00009e10       ?ReallocJointsMemory@dgWorldDynamicUpdate@@AAEXH@Z 1000ae10 f   physics_2009:dgWorldDynamicUpdate.obj
 0001:00009f10       ?ReallocJacobiansMemory@dgWorldDynamicUpdate@@AAEXHH@Z 1000af10 f   physics_2009:dgWorldDynamicUpdate.obj
 0001:0000a1b0       ?ReallocIntenalForcesMemory@dgWorldDynamicUpdate@@AAEXHH@Z 1000b1b0 f   physics_2009:dgWorldDynamicUpdate.obj
 0001:0000a2c0       ?GetJacobialDerivativesParallel@dgWorldDynamicUpdate@@AAEHABVdgIsland@@_NHM@Z 1000b2c0 f   physics_2009:dgWorldDynamicUpdate.obj
 0001:0000a3c0       ?ThreadExecute@dgParallelSolverJointAcceleration@@UAEXXZ 1000b3c0 f   physics_2009:dgWorldDynamicUpdate.obj
 0001:0000a570       ?ThreadExecute@dgParallelSolverInitFeedbackUpdate@@UAEXXZ 1000b570 f   physics_2009:dgWorldDynamicUpdate.obj
 0001:0000a6c0       ?SpanningTree@dgWorldDynamicUpdate@@AAEXPAVdgBody@@@Z 1000b6c0 f   physics_2009:dgWorldDynamicUpdate.obj
 0001:0000aa80       ?SortJointsArray@dgJacobianMemory@@QBEHXZ 1000ba80 f   physics_2009:dgWorldDynamicUpdate.obj
 0001:0000ae30       ?ApplyExternalForcesAndAccelerationSimD@dgJacobianMemory@@QBEXM@Z 1000be30 f   physics_2009:dgWorldDynamicUpdate.obj
 0001:0000b1b0       ?SwapRowsSimd@dgJacobianMemory@@QBEXHH@Z 1000c1b0 f   physics_2009:dgWorldDynamicUpdate.obj
 0001:0000b3b0       ?SwapRows@dgJacobianMemory@@QBEXHH@Z 1000c3b0 f   physics_2009:dgWorldDynamicUpdate.obj
 0001:0000b540       ?CalculateJointForcesSimD@dgJacobianMemory@@QBEMHPAMM@Z 1000c540 f   physics_2009:dgWorldDynamicUpdate.obj
 0001:0000c090       ?AddDamingAcceleration@dgBody@@AAEXXZ 1000d090 f i physics_2009:dgWorldDynamicUpdate.obj
 0001:0000c250       ?IntegrateArray@dgWorldDynamicUpdate@@ABEXPBVdgBodyInfo@@HMMH_N@Z 1000d250 f   physics_2009:dgWorldDynamicUpdate.obj
 0001:0000c890       ?ApplyExternalForcesAndAcceleration@dgJacobianMemory@@QBEXM@Z 1000d890 f   physics_2009:dgWorldDynamicUpdate.obj
 0001:0000d020       ?CalculateSimpleBodyReactionsForcesSimD@dgJacobianMemory@@QBEXM@Z 1000e020 f   physics_2009:dgWorldDynamicUpdate.obj
 0001:0000dcd0       ?CalculateSimpleBodyReactionsForces@dgJacobianMemory@@QBEXM@Z 1000ecd0 f   physics_2009:dgWorldDynamicUpdate.obj
 0001:0000ee90       ?CalculateForcesSimulationModeSimd@dgJacobianMemory@@QBEXM@Z 1000fe90 f   physics_2009:dgWorldDynamicUpdate.obj
 0001:00010320       ?CalculateJointForces@dgJacobianMemory@@QBEMHPAMM@Z 10011320 f   physics_2009:dgWorldDynamicUpdate.obj
 0001:00011120       ?CalculateForcesGameModeSimD@dgJacobianMemory@@QBEXHM@Z 10012120 f   physics_2009:dgWorldDynamicUpdate.obj
 0001:00011c20       ?CalculateForcesGameMode@dgJacobianMemory@@QBEXHM@Z 10012c20 f   physics_2009:dgWorldDynamicUpdate.obj
 0001:00013380       ?ThreadExecute@dgParallelSolverBodyInertia@@UAEXXZ 10014380 f   physics_2009:dgWorldDynamicUpdate.obj
 0001:00013430       ?ThreadExecute@dgParallelSolverBuildJacobianRows@@UAEXXZ 10014430 f   physics_2009:dgWorldDynamicUpdate.obj
 0001:00013e50       ?BuildJacobianMatrixParallel@dgWorldDynamicUpdate@@AAEXABVdgIsland@@MH@Z 10014e50 f   physics_2009:dgWorldDynamicUpdate.obj
 0001:00014180       ?ThreadExecute@dgParallelSolverClear@@UAEXXZ 10015180 f   physics_2009:dgWorldDynamicUpdate.obj
 0001:00014360       ?ThreadExecute@dgParallelSolverInitInternalForces@@UAEXXZ 10015360 f   physics_2009:dgWorldDynamicUpdate.obj
 0001:000148a0       ?ThreadExecute@dgParallelSolverUpdateVeloc@@UAEXXZ 100158a0 f   physics_2009:dgWorldDynamicUpdate.obj
 0001:00014c10       ?ThreadExecute@dgParallelSolverUpdateForce@@UAEXXZ 10015c10 f   physics_2009:dgWorldDynamicUpdate.obj
 0001:00015350       ?ThreadExecute@dgParallelSolverCalculateForces@@UAEXXZ 10016350 f   physics_2009:dgWorldDynamicUpdate.obj
 0001:00015d30       ?CalculateForcesGameModeParallel@dgJacobianMemory@@QBEXHMH@Z 10016d30 f   physics_2009:dgWorldDynamicUpdate.obj
 0001:00016560       ?CalculateForcesSimulationMode@dgJacobianMemory@@QBEXM@Z 10017560 f   physics_2009:dgWorldDynamicUpdate.obj
 0001:00018fc0       ?UpdateDynamics@dgWorldDynamicUpdate@@AAEXPAVdgWorld@@HM@Z 10019fc0 f   physics_2009:dgWorldDynamicUpdate.obj
 0001:00019400       ?ThreadExecute@dgParallelSolverBuildJacobianMatrix@@UAEXXZ 1001a400 f   physics_2009:dgWorldDynamicUpdate.obj
 0001:00019a60       ?GetJacobialDerivatives@dgWorldDynamicUpdate@@AAEHABVdgIsland@@H_NHM@Z 1001aa60 f   physics_2009:dgWorldDynamicUpdate.obj
 0001:0001a020       ?BuildJacobianMatrixSimD@dgWorldDynamicUpdate@@AAEXABVdgIsland@@HM@Z 1001b020 f   physics_2009:dgWorldDynamicUpdate.obj
 0001:0001a5d0       ?BuildJacobianMatrix@dgWorldDynamicUpdate@@AAEXABVdgIsland@@HM@Z 1001b5d0 f   physics_2009:dgWorldDynamicUpdate.obj
 0001:0001ae40       ?ThreadExecute@dgSolverWorlkerThreads@@UAEXXZ 1001be40 f   physics_2009:dgWorldDynamicUpdate.obj
 0001:0001b870       ?CreateConvexModifier@dgWorld@@QAEPAVdgCollision@@PAV2@@Z 1001c870 f   physics_2009:dgNarrowPhaseCollision.obj
 0001:0001b8b0       ?CreateCompoundCollision@dgWorld@@QAEPAVdgCollision@@HQBQAV2@@Z 1001c8b0 f   physics_2009:dgNarrowPhaseCollision.obj
 0001:0001b8e0       ?CreateBVH@dgWorld@@QAEPAVdgCollision@@XZ 1001c8e0 f   physics_2009:dgNarrowPhaseCollision.obj
 0001:0001b900       ?CreateStaticUserMesh@dgWorld@@QAEPAVdgCollision@@ABVdgVector@@0ABVdgUserMeshCreation@@@Z 1001c900 f   physics_2009:dgNarrowPhaseCollision.obj
 0001:0001b920       ?CreateBVHFieldCollision@dgWorld@@QAEPAVdgCollision@@HHHPAGPADMM@Z 1001c920 f   physics_2009:dgNarrowPhaseCollision.obj
 0001:0001b980       ?CreateScene@dgWorld@@QAEPAVdgCollision@@XZ 1001c980 f   physics_2009:dgNarrowPhaseCollision.obj
 0001:0001b9b0       ?Serialize@dgWorld@@QBEXPAVdgCollision@@P6AXPAXPBXI@Z1@Z 1001c9b0 f   physics_2009:dgNarrowPhaseCollision.obj
 0001:0001ba10       ?GetDefualtBodyGroupID@dgWorld@@QBEIXZ 1001ca10 f   physics_2009:dgNarrowPhaseCollision.obj
 0001:0001ba20       ?GetFirstMaterial@dgWorld@@QBEPAVdgContactMaterial@@XZ 1001ca20 f   physics_2009:dgNarrowPhaseCollision.obj
 0001:0001ba40       ?SortContacts@dgWorld@@ABEXQAVdgContactPoint@@H@Z 1001ca40 f   physics_2009:dgNarrowPhaseCollision.obj
 0001:0001bc30       ?ReduceContacts@dgWorld@@ABEHHQAVdgContactPoint@@HMH@Z 1001cc30 f   physics_2009:dgNarrowPhaseCollision.obj
 0001:0001be00       ?PruneContacts@dgWorld@@ABEHHQAVdgContactPoint@@H@Z 1001ce00 f   physics_2009:dgNarrowPhaseCollision.obj
 0001:0001bfb0       ?ProcessCachedContacts@dgWorld@@ABEXPAVdgContact@@PBVdgContactMaterial@@MH@Z 1001cfb0 f   physics_2009:dgNarrowPhaseCollision.obj
 0001:0001c090       ?ProcessTriggers@dgWorld@@AAEXAAUdgPair@dgCollidingPairCollector@@MH@Z 1001d090 f   physics_2009:dgNarrowPhaseCollision.obj
 0001:0001c170       ?SceneContactsSimd@dgWorld@@ABEXABUdgProxy@dgCollisionScene@@QAUdgPair@dgCollidingPairCollector@@AAVdgCollisionParamProxi@@@Z 1001d170 f   physics_2009:dgNarrowPhaseCollision.obj
 0001:0001c230       ?SceneContacts@dgWorld@@ABEXABUdgProxy@dgCollisionScene@@QAUdgPair@dgCollidingPairCollector@@AAVdgCollisionParamProxi@@@Z 1001d230 f   physics_2009:dgNarrowPhaseCollision.obj
 0001:0001c2f0       ?Append@?$dgList@VdgContactMaterial@@@@QAEPAVdgListNode@1@XZ 1001d2f0 f i physics_2009:dgNarrowPhaseCollision.obj
 0001:0001c3a0       ?Find@?$dgTree@VdgContactMaterial@@I@@QBEPAVdgTreeNode@1@I@Z 1001d3a0 f i physics_2009:dgNarrowPhaseCollision.obj
 0001:0001c3d0       ?GetMaterial@dgWorld@@QBEPAVdgContactMaterial@@II@Z 1001d3d0 f   physics_2009:dgNarrowPhaseCollision.obj
 0001:0001c420       ?GetNextMaterial@dgWorld@@QBEPAVdgContactMaterial@@PAV2@@Z 1001d420 f   physics_2009:dgNarrowPhaseCollision.obj
 0001:0001c450       ?RemoveFromCache@dgWorld@@QAEXPAVdgCollision@@@Z 1001d450 f   physics_2009:dgNarrowPhaseCollision.obj
 0001:0001c4b0       ?ReleaseCollision@dgWorld@@QAEXPAVdgCollision@@@Z 1001d4b0 f   physics_2009:dgNarrowPhaseCollision.obj
 0001:0001c520       ?ClosestCompoundPoint@dgWorld@@ABEHPAVdgBody@@0AAVdgTriplex@@11H@Z 1001d520 f   physics_2009:dgNarrowPhaseCollision.obj
 0001:0001c9c0       ?ValidateContactCache@dgWorld@@ABEHPAVdgBody@@0PAVdgContact@@@Z 1001d9c0 f   physics_2009:dgNarrowPhaseCollision.obj
 0001:0001d020       ?CompoundContactsSimd@dgWorld@@ABEXQAUdgPair@dgCollidingPairCollector@@AAVdgCollisionParamProxi@@@Z 1001e020 f   physics_2009:dgNarrowPhaseCollision.obj
 0001:0001e140       ?CompoundContacts@dgWorld@@ABEXQAUdgPair@dgCollidingPairCollector@@AAVdgCollisionParamProxi@@@Z 1001f140 f   physics_2009:dgNarrowPhaseCollision.obj
 0001:0001f330       ?ConvexContactsSimd@dgWorld@@ABEXQAUdgPair@dgCollidingPairCollector@@AAVdgCollisionParamProxi@@@Z 10020330 f   physics_2009:dgNarrowPhaseCollision.obj
 0001:0001f440       ?ConvexContacts@dgWorld@@ABEXQAUdgPair@dgCollidingPairCollector@@AAVdgCollisionParamProxi@@@Z 10020440 f   physics_2009:dgNarrowPhaseCollision.obj
 0001:0001f550       ?SceneContacts@dgWorld@@ABEXQAUdgPair@dgCollidingPairCollector@@AAVdgCollisionParamProxi@@@Z 10020550 f   physics_2009:dgNarrowPhaseCollision.obj
 0001:0001f5f0       ?SceneContactsSimd@dgWorld@@ABEXQAUdgPair@dgCollidingPairCollector@@AAVdgCollisionParamProxi@@@Z 100205f0 f   physics_2009:dgNarrowPhaseCollision.obj
 0001:0001f690       ?CalculateContactsSimd@dgWorld@@AAEXQAUdgPair@dgCollidingPairCollector@@MH@Z 10020690 f   physics_2009:dgNarrowPhaseCollision.obj
 0001:0001f830       ?CalculateContacts@dgWorld@@AAEXQAUdgPair@dgCollidingPairCollector@@MH@Z 10020830 f   physics_2009:dgNarrowPhaseCollision.obj
 0001:0001f9f0       ?CollideContinueSimd@dgWorld@@QAEHPAVdgCollision@@ABVdgMatrix@@ABVdgVector@@20122AAMPAVdgTriplex@@4PAMHH@Z 100209f0 f   physics_2009:dgNarrowPhaseCollision.obj
 0001:00020110       ?CollideContinue@dgWorld@@QAEHPAVdgCollision@@ABVdgMatrix@@ABVdgVector@@20122AAMPAVdgTriplex@@4PAMHH@Z 10021110 f   physics_2009:dgNarrowPhaseCollision.obj
 0001:00020830       ?Collide@dgWorld@@QAEHPAVdgCollision@@ABVdgMatrix@@01PAVdgTriplex@@2PAMHH@Z 10021830 f   physics_2009:dgNarrowPhaseCollision.obj
 0001:00020c90       ?ClosestPoint@dgWorld@@QBEHPAVdgCollision@@ABVdgMatrix@@01AAVdgTriplex@@22H@Z 10021c90 f   physics_2009:dgNarrowPhaseCollision.obj
 0001:00020f60       ?ProcessContacts@dgWorld@@AAEXAAUdgPair@dgCollidingPairCollector@@MH@Z 10021f60 f   physics_2009:dgNarrowPhaseCollision.obj
 0001:000220f0       ?ClosestPoint@dgWorld@@QBEHAAVdgTriplex@@PAVdgCollision@@ABVdgMatrix@@00H@Z 100230f0 f   physics_2009:dgNarrowPhaseCollision.obj
 0001:00022160       ?Insert@?$dgTree@PAVdgConstraint@@PAX@@QAEPAVdgTreeNode@1@ABQAVdgConstraint@@PAXAA_N@Z 10023160 f i NewtonClass.obj
 0001:00022160       ?Insert@?$dgTree@PAVdgEdge@@PAX@@QAEPAVdgTreeNode@1@ABQAVdgEdge@@PAXAA_N@Z 10023160 f i physics_2009:dgCollisionConvexHull.obj
 0001:00022160       ?Insert@?$dgTree@PAVdgCollision@@I@@QAEPAVdgTreeNode@1@ABQAVdgCollision@@IAA_N@Z 10023160 f i physics_2009:dgNarrowPhaseCollision.obj
 0001:00022160       ?Insert@?$dgTree@PAVdgConstraint@@PAV1@@@QAEPAVdgTreeNode@1@ABQAVdgConstraint@@PAV3@AA_N@Z 10023160 f i Newton.obj
 0001:00022160       ?Insert@?$dgTree@PAVdgBody@@PAX@@QAEPAVdgTreeNode@1@ABQAVdgBody@@PAXAA_N@Z 10023160 f i NewtonClass.obj
 0001:00022230       ?Insert@?$dgTree@VdgContactMaterial@@I@@QAEPAVdgTreeNode@1@ABVdgContactMaterial@@IAA_N@Z 10023230 f i physics_2009:dgNarrowPhaseCollision.obj
 0001:00022310       ?Insert@?$dgTree@PAVdgCollision@@I@@QAEPAVdgTreeNode@1@ABQAVdgCollision@@I@Z 10023310 f i physics_2009:dgNarrowPhaseCollision.obj
 0001:00022330       ?CreateNull@dgWorld@@QAEPAVdgCollision@@XZ 10023330 f   physics_2009:dgNarrowPhaseCollision.obj
 0001:000223b0       ?CreateBox@dgWorld@@QAEPAVdgCollision@@MMMABVdgMatrix@@@Z 100233b0 f   physics_2009:dgNarrowPhaseCollision.obj
 0001:00022550       ?CreateSphere@dgWorld@@QAEPAVdgCollision@@MABVdgMatrix@@@Z 10023550 f   physics_2009:dgNarrowPhaseCollision.obj
 0001:00022660       ?CreateEllipse@dgWorld@@QAEPAVdgCollision@@MMMABVdgMatrix@@@Z 10023660 f   physics_2009:dgNarrowPhaseCollision.obj
 0001:000227e0       ?CreateCapsule@dgWorld@@QAEPAVdgCollision@@MMABVdgMatrix@@@Z 100237e0 f   physics_2009:dgNarrowPhaseCollision.obj
 0001:00022930       ?CreateCone@dgWorld@@QAEPAVdgCollision@@MMABVdgMatrix@@@Z 10023930 f   physics_2009:dgNarrowPhaseCollision.obj
 0001:00022a80       ?CreateCylinder@dgWorld@@QAEPAVdgCollision@@MMABVdgMatrix@@@Z 10023a80 f   physics_2009:dgNarrowPhaseCollision.obj
 0001:00022bd0       ?CreateChamferCylinder@dgWorld@@QAEPAVdgCollision@@MMABVdgMatrix@@@Z 10023bd0 f   physics_2009:dgNarrowPhaseCollision.obj
 0001:00022d20       ?CreateConvexHull@dgWorld@@QAEPAVdgCollision@@HPBMHMABVdgMatrix@@@Z 10023d20 f   physics_2009:dgNarrowPhaseCollision.obj
 0001:00022ee0       ?CreateFromSerialization@dgWorld@@QAEPAVdgCollision@@P6AXPAX0I@Z0@Z 10023ee0 f   physics_2009:dgNarrowPhaseCollision.obj
 0001:00023210       ?CreateBodyGroupID@dgWorld@@QAEIXZ 10024210 f   physics_2009:dgNarrowPhaseCollision.obj
 0001:00023290       ?CalculateSignature@dgCollisionConvexPolygon@dgCollisionMesh@@UBEHXZ 10024290 f   physics_2009:dgCollisionMesh.obj
 0001:000232a0       ?RayCastSimd@dgCollision@@UBEMABVdgVector@@0AAVdgContactPoint@@P6AIPBVdgBody@@PBV1@PAX@Z24@Z 100242a0 f   physics_2009:dgCollision.obj
 0001:000232a0       ?RayCast@dgCollisionConvexPolygon@dgCollisionMesh@@UBEMABVdgVector@@0AAVdgContactPoint@@P6AIPBVdgBody@@PBVdgCollision@@PAX@Z24@Z 100242a0 f   physics_2009:dgCollisionMesh.obj
 0001:000232b0       ?SupportVertexSimd@dgCollisionConvexPolygon@dgCollisionMesh@@UBE?AVdgVector@@ABV3@@Z 100242b0 f   physics_2009:dgCollisionMesh.obj
 0001:00023400       ??1dgCollisionMesh@@UAE@XZ 10024400 f   physics_2009:dgCollisionMesh.obj
 0001:00023440       ?IsBilateral@dgConstraint@@MBE_NXZ 10024440 f i physics_2009:dgConstraint.obj
 0001:00023440       ?IsBilateral@dgUpVectorConstraint@@UBE_NXZ 10024440 f i physics_2009:dgUpVectorConstraint.obj
 0001:00023440       ?IsTriggerVolume@dgCollision@@UBE_NXZ 10024440 f i physics_2009:dgCollisionMesh.obj
 0001:00023450       ?SetCollisionCallback@dgCollisionMesh@@QAEXP6AXPBVdgBody@@0HHPBMH@Z@Z 10024450 f   physics_2009:dgCollisionMesh.obj
 0001:00023460       ?SetCollisionRayCastCallback@dgCollisionMesh@@QAEXP6AMMPAMHPAX@Z@Z 10024460 f   physics_2009:dgCollisionMesh.obj
 0001:00023470       ?DebugCollision@dgCollisionMesh@@EBEXABVdgMatrix@@P6AXPAXHPBMH@Z1@Z 10024470 f   physics_2009:dgCollisionMesh.obj
 0001:00023470       ?ForAllSectorsRayHit@dgPolygonSoupDatabase@@MBEXABVFastRayTest@@P6AMPAXQBMHQBHH@ZQAX@Z 10024470 f   corelib_2009:dgAABBPolygonSoup.obj
 0001:00023470       ?DebugCollision@dgCollisionUserMesh@@EBEXABVdgMatrix@@P6AXPAXHPBMH@Z1@Z 10024470 f   physics_2009:dgCollisionUserMesh.obj
 0001:00023470       ?DebugCollision@dgCollisionNull@@MBEXABVdgMatrix@@P6AXPAXHPBMH@Z1@Z 10024470 f   physics_2009:dgCollisionNull.obj
 0001:00023470       ?ForAllSectorsRayHitSimd@dgPolygonSoupDatabase@@MBEXABVFastRayTest@@P6AMPAXQBMHQBHH@ZQAX@Z 10024470 f   corelib_2009:dgAABBPolygonSoup.obj
 0001:00023470       ?SpliteAcrossPlane@dgConvexCollision@@IBEXABVdgPlane@@PAPAVdgCollisionConvexHull@@1@Z 10024470 f   physics_2009:dgConvexCollision.obj
 0001:00023480       ?SupportVertex@dgCollisionConvexPolygon@dgCollisionMesh@@UBE?AVdgVector@@ABV3@@Z 10024480 f   physics_2009:dgCollisionMesh.obj
 0001:00023630       ??_GdgCollisionMesh@@UAEPAXI@Z 10024630 f i physics_2009:dgCollisionMesh.obj
 0001:00023630       ??_EdgCollisionMesh@@UAEPAXI@Z 10024630 f i physics_2009:dgCollisionMesh.obj
 0001:00023650       ??0dgCollisionConvexPolygon@dgCollisionMesh@@QAE@XZ 10024650 f   physics_2009:dgCollisionMesh.obj
 0001:00023700       ??_EdgCollisionConvexPolygon@dgCollisionMesh@@UAEPAXI@Z 10024700 f i physics_2009:dgCollisionMesh.obj
 0001:00023700       ??_GdgCollisionConvexPolygon@dgCollisionMesh@@UAEPAXI@Z 10024700 f i physics_2009:dgCollisionMesh.obj
 0001:00023720       ?CalculateNormalSimd@dgCollisionConvexPolygon@dgCollisionMesh@@QAEXXZ 10024720 f   physics_2009:dgCollisionMesh.obj
 0001:00023830       ?CalculateNormal@dgCollisionConvexPolygon@dgCollisionMesh@@QAEXXZ 10024830 f   physics_2009:dgCollisionMesh.obj
 0001:00023a00       ?ClipContacts@dgCollisionConvexPolygon@dgCollisionMesh@@QBEHHQAVdgContactPoint@@ABVdgMatrix@@@Z 10024a00 f   physics_2009:dgCollisionMesh.obj
 0001:00024010       ?ClosestDistanceToTriangle@dgCollisionConvexPolygon@dgCollisionMesh@@QBE?AVdgVector@@ABV3@000@Z 10025010 f   physics_2009:dgCollisionMesh.obj
 0001:00024570       ?PointToPolygonDistance@dgCollisionConvexPolygon@dgCollisionMesh@@QAE_NABVdgVector@@MAAV3@@Z 10025570 f   physics_2009:dgCollisionMesh.obj
 0001:000247f0       ?MovingPointToPolygonContact@dgCollisionConvexPolygon@dgCollisionMesh@@QAEMABVdgVector@@0MAAVdgContactPoint@@@Z 100257f0 f   physics_2009:dgCollisionMesh.obj
 0001:000251a0       ?CalculatePlaneIntersection@dgCollisionConvexPolygon@dgCollisionMesh@@UBEHABVdgVector@@0QAV3@@Z 100261a0 f   physics_2009:dgCollisionMesh.obj
 0001:00025de0       ?CalculatePlaneIntersectionSimd@dgCollisionConvexPolygon@dgCollisionMesh@@UBEHABVdgVector@@0QAV3@@Z 10026de0 f   physics_2009:dgCollisionMesh.obj
 0001:00026500       ?SetCollisionBBox@dgCollisionMesh@@MAEXABVdgVector@@0@Z 10027500 f   physics_2009:dgCollisionMesh.obj
 0001:00026500       ?SetCollisionBBox@dgCollisionScene@@EAEXABVdgVector@@0@Z 10027500 f   physics_2009:dgCollisionScene.obj
 0001:00026600       ?QuickTestContinueSimd@dgCollisionConvexPolygon@dgCollisionMesh@@QAEHPBVdgConvexCollision@@ABVdgMatrix@@@Z 10027600 f   physics_2009:dgCollisionMesh.obj
 0001:00026a00       ?QuickTestContinue@dgCollisionConvexPolygon@dgCollisionMesh@@QAEHPBVdgConvexCollision@@ABVdgMatrix@@@Z 10027a00 f   physics_2009:dgCollisionMesh.obj
 0001:00026d00       ?QuickTest@dgCollisionConvexPolygon@dgCollisionMesh@@QAEHPBVdgConvexCollision@@ABVdgMatrix@@@Z 10027d00 f   physics_2009:dgCollisionMesh.obj
 0001:00027170       ?QuickTestSimd@dgCollisionConvexPolygon@dgCollisionMesh@@QAEHPBVdgConvexCollision@@ABVdgMatrix@@@Z 10028170 f   physics_2009:dgCollisionMesh.obj
 0001:00027690       ??0dgCollisionMesh@@QAE@W4dgCollisionID@@@Z 10028690 f   physics_2009:dgCollisionMesh.obj
 0001:00027750       ??0dgCollisionMesh@@QAE@PAVdgWorld@@P6AXPAX1I@Z1@Z 10028750 f   physics_2009:dgCollisionMesh.obj
 0001:00027810       ??0dgCollisionBVH@@QAE@XZ  10028810 f   physics_2009:dgCollisionBVH.obj
 0001:00027850       ?Serialize@dgCollisionBVH@@EBEXP6AXPAXPBXI@Z0@Z 10028850 f   physics_2009:dgCollisionBVH.obj
 0001:00027880       ?AddFace@dgCollisionBVH@@QAEXHQBMHH@Z 10028880 f   physics_2009:dgCollisionBVH.obj
 0001:000278f0       ?CollectVertexListIndexList@dgCollisionBVH@@CA?AW4dgIntersectStatus@@PAXQBMHQBHH@Z 100288f0 f   physics_2009:dgCollisionBVH.obj
 0001:00027990       ?GetVertexListIndexList@dgCollisionBVH@@QBEXABVdgVector@@0AAVdgGetVertexListIndexList@1@@Z 10028990 f   physics_2009:dgCollisionBVH.obj
 0001:000279c0       ?SupportVertex@dgCollisionBVH@@EBE?AVdgVector@@ABV2@@Z 100289c0 f   physics_2009:dgCollisionBVH.obj
 0001:000279f0       ??_EdgCollisionBVH@@WMA@AEPAXI@Z 100289f0 f i physics_2009:dgCollisionBVH.obj
 0001:00027a00       ?Serialize@dgCollisionBVH@@GMA@BEXP6AXPAXPBXI@Z0@Z 10028a00 f i physics_2009:dgCollisionBVH.obj
 0001:00027a10       ??_EdgCollisionBVH@@UAEPAXI@Z 10028a10 f i physics_2009:dgCollisionBVH.obj
 0001:00027a10       ??_GdgCollisionBVH@@UAEPAXI@Z 10028a10 f i physics_2009:dgCollisionBVH.obj
 0001:00027a50       ?BeginBuild@dgCollisionBVH@@QAEXXZ 10028a50 f   physics_2009:dgCollisionBVH.obj
 0001:00027a90       ??0dgCollisionBVH@@QAE@PAVdgWorld@@P6AXPAX1I@Z1@Z 10028a90 f   physics_2009:dgCollisionBVH.obj
 0001:00027b20       ?EndBuild@dgCollisionBVH@@QAEXH@Z 10028b20 f   physics_2009:dgCollisionBVH.obj
 0001:00027bb0       ?RayHitSimd@dgCollisionBVH@@CAMPAXQBMHQBHH@Z 10028bb0 f   physics_2009:dgCollisionBVH.obj
 0001:00027c70       ?RayHit@dgCollisionBVH@@CAMPAXQBMHQBHH@Z 10028c70 f   physics_2009:dgCollisionBVH.obj
 0001:00027d30       ?RayHitUserSimd@dgCollisionBVH@@CAMPAXQBMHQBHH@Z 10028d30 f   physics_2009:dgCollisionBVH.obj
 0001:00027e60       ?RayHitUser@dgCollisionBVH@@CAMPAXQBMHQBHH@Z 10028e60 f   physics_2009:dgCollisionBVH.obj
 0001:00027ff0       ?RayCastSimd@dgCollisionBVH@@EBEMABVdgVector@@0AAVdgContactPoint@@P6AIPBVdgBody@@PBVdgCollision@@PAX@Z24@Z 10028ff0 f   physics_2009:dgCollisionBVH.obj
 0001:00028200       ?RayCast@dgCollisionBVH@@EBEMABVdgVector@@0AAVdgContactPoint@@P6AIPBVdgBody@@PBVdgCollision@@PAX@Z24@Z 10029200 f   physics_2009:dgCollisionBVH.obj
 0001:00028410       ?GetPolygon@dgCollisionBVH@@CA?AW4dgIntersectStatus@@PAXQBMHQBHH@Z 10029410 f   physics_2009:dgCollisionBVH.obj
 0001:00028840       ?GetCollidingFacesSimd@dgCollisionBVH@@EBEXQAVdgPolygonMeshDesc@@@Z 10029840 f   physics_2009:dgCollisionBVH.obj
 0001:000288b0       ?GetCollidingFaces@dgCollisionBVH@@EBEXQAVdgPolygonMeshDesc@@@Z 100298b0 f   physics_2009:dgCollisionBVH.obj
 0001:00028920       ?ShowDebugPolygon@dgCollisionBVH@@CA?AW4dgIntersectStatus@@PAXQBMHQBHH@Z 10029920 f   physics_2009:dgCollisionBVH.obj
 0001:00028cc0       ?DebugCollision@dgCollisionBVH@@EBEXABVdgMatrix@@P6AXPAXHPBMH@Z1@Z 10029cc0 f   physics_2009:dgCollisionBVH.obj
 0001:00028d40       ??_GdgSceneNode@dgCollisionScene@@QAEPAXI@Z 10029d40 f i physics_2009:dgCollisionScene.obj
 0001:00028d90       ?CalcAABBSimD@dgCollisionMesh@@EBEXABVdgMatrix@@AAVdgVector@@1@Z 10029d90 f   physics_2009:dgCollisionMesh.obj
 0001:00028d90       ?CalcAABBSimD@dgCollisionNull@@MBEXABVdgMatrix@@AAVdgVector@@1@Z 10029d90 f   physics_2009:dgCollisionNull.obj
 0001:00028d90       ?CalcAABBSimD@dgCollisionScene@@EBEXABVdgMatrix@@AAVdgVector@@1@Z 10029d90 f   physics_2009:dgCollisionScene.obj
 0001:00028da0       ?GetBoxMaxRadius@dgCollisionScene@@EBEMXZ 10029da0 f   physics_2009:dgCollisionScene.obj
 0001:00028da0       ?GetVolume@dgCollisionConvexPolygon@dgCollisionMesh@@UBEMXZ 10029da0 f   physics_2009:dgCollisionMesh.obj
 0001:00028da0       ?GetVolume@dgCollisionMesh@@UBEMXZ 10029da0 f   physics_2009:dgCollisionMesh.obj
 0001:00028da0       ?GetBoxMaxRadius@dgCollisionConvexPolygon@dgCollisionMesh@@UBEMXZ 10029da0 f   physics_2009:dgCollisionMesh.obj
 0001:00028da0       ?GetBoxMinRadius@dgCollisionMesh@@UBEMXZ 10029da0 f   physics_2009:dgCollisionMesh.obj
 0001:00028da0       ?GetVolume@dgCollisionPoint@@UBEMXZ 10029da0 f   physics_2009:dgCollisionSphere.obj
 0001:00028da0       ?GetBoxMinRadius@dgCollisionScene@@EBEMXZ 10029da0 f   physics_2009:dgCollisionScene.obj
 0001:00028da0       ?GetBoxMaxRadius@dgCollisionMesh@@UBEMXZ 10029da0 f   physics_2009:dgCollisionMesh.obj
 0001:00028da0       ?GetVolume@dgCollisionNull@@MBEMXZ 10029da0 f   physics_2009:dgCollisionNull.obj
 0001:00028da0       ?GetVolume@dgCollisionScene@@EBEMXZ 10029da0 f   physics_2009:dgCollisionScene.obj
 0001:00028da0       ?GetBoxMinRadius@dgCollisionConvexPolygon@dgCollisionMesh@@UBEMXZ 10029da0 f   physics_2009:dgCollisionMesh.obj
 0001:00028db0       ?CalculateInertia@dgCollisionScene@@EBEXAAVdgVector@@0@Z 10029db0 f   physics_2009:dgCollisionScene.obj
 0001:00028db0       ?CalculateInertia@dgCollisionMesh@@UBEXAAVdgVector@@0@Z 10029db0 f   physics_2009:dgCollisionMesh.obj
 0001:00028db0       ?CalculateInertia@dgCollisionNull@@MBEXAAVdgVector@@0@Z 10029db0 f   physics_2009:dgCollisionNull.obj
 0001:00028db0       ?CalculateInertia@dgCollisionPoint@@UBEXAAVdgVector@@0@Z 10029db0 f   physics_2009:dgCollisionSphere.obj
 0001:00028db0       ?CalculateInertia@dgCollisionConvexPolygon@dgCollisionMesh@@UBEXAAVdgVector@@0@Z 10029db0 f   physics_2009:dgCollisionMesh.obj
 0001:00028dd0       ?UpdateAABB@dgSceneNode@dgCollisionScene@@QAEXABVdgVector@@0@Z 10029dd0 f i physics_2009:dgCollisionScene.obj
 0001:00028ef0       ?Serialize@dgCollisionScene@@EBEXP6AXPAXPBXI@Z0@Z 10029ef0 f   physics_2009:dgCollisionScene.obj
 0001:00029070       ?SetProxyMatrix@dgCollisionScene@@QAEXPAXABVdgMatrix@@@Z 1002a070 f   physics_2009:dgCollisionScene.obj
 0001:000290c0       ?SetCollisionCallback@dgCollisionScene@@QAEXP6AXPBVdgBody@@0HHPBMH@Z@Z 1002a0c0 f   physics_2009:dgCollisionScene.obj
 0001:000290f0       ?DebugCollision@dgCollisionScene@@EBEXABVdgMatrix@@P6AXPAXHPBMH@Z1@Z 1002a0f0 f   physics_2009:dgCollisionScene.obj
 0001:00029160       ?GetCollisionInfo@dgCollisionScene@@EBEXPAVdgCollisionInfo@@@Z 1002a160 f   physics_2009:dgCollisionScene.obj
 0001:00029190       ?RemoveAll@?$dgList@UdgProxy@dgCollisionScene@@@@QAEXXZ 1002a190 f i physics_2009:dgCollisionScene.obj
 0001:000291f0       ?Reset@FastRayTest@@QAEXM@Z 1002a1f0 f i physics_2009:dgCollisionScene.obj
 0001:00029250       ?GetProxyMatrix@dgCollisionScene@@QAE?AVdgMatrix@@PAX@Z 1002a250 f   physics_2009:dgCollisionScene.obj
 0001:000293d0       ?CalcAABB@dgCollisionScene@@EBEXABVdgMatrix@@AAVdgVector@@1@Z 1002a3d0 f   physics_2009:dgCollisionScene.obj
 0001:000293d0       ?CalcAABB@dgCollisionMesh@@EBEXABVdgMatrix@@AAVdgVector@@1@Z 1002a3d0 f   physics_2009:dgCollisionMesh.obj
 0001:000295e0       ?CalculateVolumeIntegral@dgCollisionScene@@EBE?AVdgVector@@ABVdgMatrix@@P6AIPAX10AAVdgPlane@@@Z1@Z 1002a5e0 f   physics_2009:dgCollisionScene.obj
 0001:000295e0       ?CalculateVolumeIntegral@dgCollisionNull@@MBE?AVdgVector@@ABVdgMatrix@@P6AIPAX10AAVdgPlane@@@Z1@Z 1002a5e0 f   physics_2009:dgCollisionNull.obj
 0001:000295e0       ?CalculateVolumeIntegral@dgCollisionMesh@@EBE?AVdgVector@@ABVdgMatrix@@P6AIPAX10AAVdgPlane@@@Z1@Z 1002a5e0 f   physics_2009:dgCollisionMesh.obj
 0001:00029600       ?GetAxis@dgCollisionScene@@ABEHQAPAVdgListNode@?$dgList@UdgProxy@dgCollisionScene@@@@H@Z 1002a600 f   physics_2009:dgCollisionScene.obj
 0001:000297a0       ?RayCast@dgCollisionScene@@EBEMABVdgVector@@0AAVdgContactPoint@@P6AIPBVdgBody@@PBVdgCollision@@PAX@Z24@Z 1002a7a0 f   physics_2009:dgCollisionScene.obj
 0001:00029cd0       ?CollidePairSimd@dgCollisionScene@@QBEXQAUdgPair@dgCollidingPairCollector@@AAVdgCollisionParamProxi@@@Z 1002acd0 f   physics_2009:dgCollisionScene.obj
 0001:0002a090       ?CollidePair@dgCollisionScene@@QBEXQAUdgPair@dgCollidingPairCollector@@AAVdgCollisionParamProxi@@@Z 1002b090 f   physics_2009:dgCollisionScene.obj
 0001:0002a550       ?SortAABBBoxes@dgCollisionScene@@ABEHQAPAVdgListNode@?$dgList@UdgProxy@dgCollisionScene@@@@H@Z 1002b550 f   physics_2009:dgCollisionScene.obj
 0001:0002a6c0       ?SortAndSpliteSplite@dgCollisionScene@@ABEHQAPAVdgListNode@?$dgList@UdgProxy@dgCollisionScene@@@@H@Z 1002b6c0 f   physics_2009:dgCollisionScene.obj
 0001:0002a8f0       ?BuildTree@dgCollisionScene@@AAEPAUdgSceneNode@1@PAU21@QAPAVdgListNode@?$dgList@UdgProxy@dgCollisionScene@@@@HH@Z 1002b8f0 f   physics_2009:dgCollisionScene.obj
 0001:0002aa20       ??0dgCollisionScene@@QAE@PAVdgWorld@@@Z 1002ba20 f   physics_2009:dgCollisionScene.obj
 0001:0002aab0       ??1dgCollisionScene@@UAE@XZ 1002bab0 f   physics_2009:dgCollisionScene.obj
 0001:0002ab30       ?RayCastSimd@dgCollisionScene@@EBEMABVdgVector@@0AAVdgContactPoint@@P6AIPBVdgBody@@PBVdgCollision@@PAX@Z24@Z 1002bb30 f   physics_2009:dgCollisionScene.obj
 0001:0002b060       ??_EdgCollisionScene@@UAEPAXI@Z 1002c060 f i physics_2009:dgCollisionScene.obj
 0001:0002b060       ??_GdgCollisionScene@@UAEPAXI@Z 1002c060 f i physics_2009:dgCollisionScene.obj
 0001:0002b080       ?Append@?$dgList@UdgProxy@dgCollisionScene@@@@QAEPAVdgListNode@1@XZ 1002c080 f i physics_2009:dgCollisionScene.obj
 0001:0002b120       ?AddProxy@dgCollisionScene@@QAEPAXPAVdgCollision@@@Z 1002c120 f   physics_2009:dgCollisionScene.obj
 0001:0002b170       ?BuildTree@dgCollisionScene@@QAEXXZ 1002c170 f   physics_2009:dgCollisionScene.obj
 0001:0002b2c0       ??0dgCollisionScene@@QAE@PAVdgWorld@@P6AXPAX1I@Z1@Z 1002c2c0 f   physics_2009:dgCollisionScene.obj
 0001:0002b570       ?SetAparentMassMatrix@dgBody@@QAEXABVdgVector@@@Z 1002c570 f   physics_2009:dgBody.obj
 0001:0002b5f0       ??DdgQuaternion@@QBE?AV0@ABV0@@Z 1002c5f0 f i physics_2009:dgBody.obj
 0001:0002b680       ?AddBuoyancyForce@dgBody@@QAEXMMMABVdgVector@@P6AIPAX1ABVdgMatrix@@AAVdgPlane@@@Z1@Z 1002c680 f   physics_2009:dgBody.obj
 0001:0002b9f0       ?CalcInvInertiaMatrix@dgBody@@QAEXXZ 1002c9f0 f   physics_2009:dgBody.obj
 0001:0002bac0       ?CalcInvInertiaMatrixSimD@dgBody@@QAEXXZ 1002cac0 f   physics_2009:dgBody.obj
 0001:0002bbb0       ?CalculateInverseDynamicForce@dgBody@@QBE?AVdgVector@@ABV2@M@Z 1002cbb0 f   physics_2009:dgBody.obj
 0001:0002bc70       ?GetFirstJoint@dgBody@@QBEPAVdgConstraint@@XZ 1002cc70 f   physics_2009:dgBody.obj
 0001:0002bca0       ?GetNextJoint@dgBody@@QBEPAVdgConstraint@@PAV2@@Z 1002cca0 f   physics_2009:dgBody.obj
 0001:0002bce0       ?GetFirstContact@dgBody@@QBEPAVdgConstraint@@XZ 1002cce0 f   physics_2009:dgBody.obj
 0001:0002bd10       ?GetNextContact@dgBody@@QBEPAVdgConstraint@@PAV2@@Z 1002cd10 f   physics_2009:dgBody.obj
 0001:0002bd50       ?Freeze@dgBody@@QAEXXZ     1002cd50 f   physics_2009:dgBody.obj
 0001:0002bda0       ?Unfreeze@dgBody@@QAEXXZ   1002cda0 f   physics_2009:dgBody.obj
 0001:0002bdf0       ?RotateToEnd@?$dgList@VdgBodyMasterListRow@@@@QAEXPAVdgListNode@1@@Z 1002cdf0 f i physics_2009:dgBody.obj
 0001:0002be50       ?InsertAfter@?$dgList@VdgBodyMasterListRow@@@@QAEXPAVdgListNode@1@0@Z 1002ce50 f i physics_2009:dgBody.obj
 0001:0002bec0       ??0dgBody@@QAE@XZ          1002cec0 f   physics_2009:dgBody.obj
 0001:0002bee0       ?SetMassMatrix@dgBody@@QAEXMMMM@Z 1002cee0 f   physics_2009:dgBody.obj
 0001:0002bfe0       ?UpdateCollisionMatrixSimD@dgBody@@AAEXMH@Z 1002cfe0 f   physics_2009:dgBody.obj
 0001:0002c760       ?UpdateCollisionMatrix@dgBody@@AAEXMH@Z 1002d760 f   physics_2009:dgBody.obj
 0001:0002cd40       ?UpdateMatrix@dgBody@@AAEXMH@Z 1002dd40 f   physics_2009:dgBody.obj
 0001:0002cd70       ?IntegrateVelocity@dgBody@@AAEXM@Z 1002dd70 f   physics_2009:dgBody.obj
 0001:0002d110       ?CalculateContinueVelocity@dgBody@@ABEXMAAVdgVector@@0@Z 1002e110 f   physics_2009:dgBody.obj
 0001:0002d300       ?CalculateContinueVelocitySimD@dgBody@@ABEXMAAVdgVector@@0@Z 1002e300 f   physics_2009:dgBody.obj
 0001:0002d4c0       ?SetFreeze@dgBody@@QAEX_N@Z 1002e4c0 f   physics_2009:dgBody.obj
 0001:0002d4e0       ?AddImpulse@dgBody@@AAEXABVdgVector@@0@Z 1002e4e0 f   physics_2009:dgBody.obj
 0001:0002d940       ?SetMatrix@dgBody@@QAEXABVdgMatrix@@@Z 1002e940 f   physics_2009:dgBody.obj
 0001:0002da70       ?SetMatrixIgnoreSleep@dgBody@@QAEXABVdgMatrix@@@Z 1002ea70 f   physics_2009:dgBody.obj
 0001:0002db10       ?RayCast@dgBody@@QBEMABUdgLineBox@@P6AMPBV1@ABVdgVector@@HPAXM@ZP6AI1PBVdgCollision@@3@Z3M@Z 1002eb10 f   physics_2009:dgBody.obj
 0001:0002df90       ?AttachCollision@dgBody@@QAEXPAVdgCollision@@@Z 1002ef90 f   physics_2009:dgBody.obj
 0001:0002e0a0       ?SetJointParameterCallBack@dgBallConstraint@@QAEXP6AIABV1@M@Z@Z 1002f0a0 f   physics_2009:dgBallConstraint.obj
 0001:0002e0b0       ?GetJointAngle@dgBallConstraint@@QBE?AVdgVector@@XZ 1002f0b0 f   physics_2009:dgBallConstraint.obj
 0001:0002e0e0       ?SetTwistLimitState@dgBallConstraint@@QAEX_N@Z 1002f0e0 f   physics_2009:dgBallConstraint.obj
 0001:0002e100       ?SetConeLimitState@dgBallConstraint@@QAEX_N@Z 1002f100 f   physics_2009:dgBallConstraint.obj
 0001:0002e120       ?SetLatealLimitState@dgBallConstraint@@QAEX_N@Z 1002f120 f   physics_2009:dgBallConstraint.obj
 0001:0002e140       ??_EdgBallConstraint@@EAEPAXI@Z 1002f140 f i physics_2009:dgBallConstraint.obj
 0001:0002e140       ??_GdgBallConstraint@@EAEPAXI@Z 1002f140 f i physics_2009:dgBallConstraint.obj
 0001:0002e170       ??0dgBallConstraint@@AAE@XZ 1002f170 f   physics_2009:dgBallConstraint.obj
 0001:0002e1f0       ?GetJointOmega@dgBallConstraint@@QBE?AVdgVector@@XZ 1002f1f0 f   physics_2009:dgBallConstraint.obj
 0001:0002e380       ?GetJointForce@dgBallConstraint@@QBE?AVdgVector@@XZ 1002f380 f   physics_2009:dgBallConstraint.obj
 0001:0002e4b0       ?SetLimits@dgBallConstraint@@QAEXABVdgVector@@MMM0MM@Z 1002f4b0 f   physics_2009:dgBallConstraint.obj
 0001:0002ee60       ?SetPivotPoint@dgBallConstraint@@AAEXABVdgVector@@@Z 1002fe60 f   physics_2009:dgBallConstraint.obj
 0001:0002ef70       ?JacobianDerivative@dgBallConstraint@@EAEIAAVdgContraintDescritor@@@Z 1002ff70 f   physics_2009:dgBallConstraint.obj
 0001:0002f820       ??0dgHingeConstraint@@AAE@XZ 10030820 f   physics_2009:dgHingeConstraint.obj
 0001:0002f860       ?SetJointParameterCallBack@dgHingeConstraint@@QAEXP6AIABV1@PAVdgJointCallBackParam@@@Z@Z 10030860 f   physics_2009:dgHingeConstraint.obj
 0001:0002f860       ?SetJointParameterCallBack@dgSlidingConstraint@@QAEXP6AIABV1@PAVdgJointCallBackParam@@@Z@Z 10030860 f   physics_2009:dgSlidingConstraint.obj
 0001:0002f870       ??_GdgHingeConstraint@@EAEPAXI@Z 10030870 f i physics_2009:dgHingeConstraint.obj
 0001:0002f870       ??_EdgHingeConstraint@@EAEPAXI@Z 10030870 f i physics_2009:dgHingeConstraint.obj
 0001:0002f8a0       ?GetJointOmega@dgHingeConstraint@@QBEMXZ 100308a0 f   physics_2009:dgHingeConstraint.obj
 0001:0002f8a0       ?GetJointOmega0@dgUniversalConstraint@@QBEMXZ 100308a0 f   physics_2009:dgUniversalConstraint.obj
 0001:0002f8a0       ?GetJointOmega@dgCorkscrewConstraint@@QBEMXZ 100308a0 f   physics_2009:dgCorkscrewConstraint.obj
 0001:0002f950       ?CalculateStopAlpha@dgHingeConstraint@@QBEMMPBVdgJointCallBackParam@@@Z 10030950 f   physics_2009:dgHingeConstraint.obj
 0001:0002fa30       ?GetJointForce@dgHingeConstraint@@QBE?AVdgVector@@XZ 10030a30 f   physics_2009:dgHingeConstraint.obj
 0001:0002fc20       ?JacobianDerivative@dgHingeConstraint@@EAEIAAVdgContraintDescritor@@@Z 10030c20 f   physics_2009:dgHingeConstraint.obj
 0001:0002ff20       ??0dgSlidingConstraint@@AAE@XZ 10030f20 f   physics_2009:dgSlidingConstraint.obj
 0001:0002ff60       ??_GdgSlidingConstraint@@EAEPAXI@Z 10030f60 f i physics_2009:dgSlidingConstraint.obj
 0001:0002ff60       ??_EdgSlidingConstraint@@EAEPAXI@Z 10030f60 f i physics_2009:dgSlidingConstraint.obj
 0001:0002ff90       ?GetJointVeloc@dgSlidingConstraint@@QBEMXZ 10030f90 f   physics_2009:dgSlidingConstraint.obj
 0001:0002ff90       ?GetJointVeloc@dgCorkscrewConstraint@@QBEMXZ 10030f90 f   physics_2009:dgCorkscrewConstraint.obj
 0001:00030040       ?CalculateStopAccel@dgSlidingConstraint@@QBEMMPBVdgJointCallBackParam@@@Z 10031040 f   physics_2009:dgSlidingConstraint.obj
 0001:00030110       ?GetJointForce@dgSlidingConstraint@@QBE?AVdgVector@@XZ 10031110 f   physics_2009:dgSlidingConstraint.obj
 0001:00030300       ?JacobianDerivative@dgSlidingConstraint@@EAEIAAVdgContraintDescritor@@@Z 10031300 f   physics_2009:dgSlidingConstraint.obj
 0001:000308b0       ??0dgCorkscrewConstraint@@AAE@XZ 100318b0 f   physics_2009:dgCorkscrewConstraint.obj
 0001:000308f0       ?GetJointAngle@dgHingeConstraint@@QBEMXZ 100318f0 f   physics_2009:dgHingeConstraint.obj
 0001:000308f0       ?GetJointAngle0@dgUniversalConstraint@@QBEMXZ 100318f0 f   physics_2009:dgUniversalConstraint.obj
 0001:000308f0       ?GetJointAngle@dgCorkscrewConstraint@@QBEMXZ 100318f0 f   physics_2009:dgCorkscrewConstraint.obj
 0001:000308f0       ?GetJointPosit@dgSlidingConstraint@@QBEMXZ 100318f0 f   physics_2009:dgSlidingConstraint.obj
 0001:00030900       ?GetJointAngle1@dgUniversalConstraint@@QBEMXZ 10031900 f   physics_2009:dgUniversalConstraint.obj
 0001:00030900       ?GetJointPosit@dgCorkscrewConstraint@@QBEMXZ 10031900 f   physics_2009:dgCorkscrewConstraint.obj
 0001:00030910       ??_EdgCorkscrewConstraint@@EAEPAXI@Z 10031910 f i physics_2009:dgCorkscrewConstraint.obj
 0001:00030910       ??_GdgCorkscrewConstraint@@EAEPAXI@Z 10031910 f i physics_2009:dgCorkscrewConstraint.obj
 0001:00030940       ?CalculateStopAccel@dgCorkscrewConstraint@@QBEMMPBVdgJointCallBackParam@@@Z 10031940 f   physics_2009:dgCorkscrewConstraint.obj
 0001:00030a10       ?GetJointForce@dgCorkscrewConstraint@@QBE?AVdgVector@@XZ 10031a10 f   physics_2009:dgCorkscrewConstraint.obj
 0001:00030a10       ?GetJointForce@dgUniversalConstraint@@QBE?AVdgVector@@XZ 10031a10 f   physics_2009:dgUniversalConstraint.obj
 0001:00030ba0       ?JacobianDerivative@dgCorkscrewConstraint@@EAEIAAVdgContraintDescritor@@@Z 10031ba0 f   physics_2009:dgCorkscrewConstraint.obj
 0001:000310e0       ??0dgUniversalConstraint@@AAE@XZ 100320e0 f   physics_2009:dgUniversalConstraint.obj
 0001:00031120       ?SetJointParameterCallBack@dgCorkscrewConstraint@@QAEXP6AIABV1@PAVdgJointCallBackParam@@@Z@Z 10032120 f   physics_2009:dgCorkscrewConstraint.obj
 0001:00031120       ?SetJointParameterCallBack@dgUniversalConstraint@@QAEXP6AIABV1@PAVdgJointCallBackParam@@@Z@Z 10032120 f   physics_2009:dgUniversalConstraint.obj
 0001:00031130       ??_EdgUniversalConstraint@@EAEPAXI@Z 10032130 f i physics_2009:dgUniversalConstraint.obj
 0001:00031130       ??_GdgUniversalConstraint@@EAEPAXI@Z 10032130 f i physics_2009:dgUniversalConstraint.obj
 0001:00031160       ?GetJointOmega1@dgUniversalConstraint@@QBEMXZ 10032160 f   physics_2009:dgUniversalConstraint.obj
 0001:00031230       ?CalculateStopAlpha@dgCorkscrewConstraint@@QBEMMPBVdgJointCallBackParam@@@Z 10032230 f   physics_2009:dgCorkscrewConstraint.obj
 0001:00031230       ?CalculateStopAlpha0@dgUniversalConstraint@@QBEMMPBVdgJointCallBackParam@@@Z 10032230 f   physics_2009:dgUniversalConstraint.obj
 0001:00031300       ?CalculateStopAlpha1@dgUniversalConstraint@@QBEMMPBVdgJointCallBackParam@@@Z 10032300 f   physics_2009:dgUniversalConstraint.obj
 0001:000313d0       ?JacobianDerivative@dgUniversalConstraint@@EAEIAAVdgContraintDescritor@@@Z 100323d0 f   physics_2009:dgUniversalConstraint.obj
 0001:000319f0       ??0dgUpVectorConstraint@@AAE@XZ 100329f0 f   physics_2009:dgUpVectorConstraint.obj
 0001:00031a30       ?InitPinDir@dgUpVectorConstraint@@QAEXABVdgVector@@@Z 10032a30 f   physics_2009:dgUpVectorConstraint.obj
 0001:00031a70       ?GetPinDir@dgUpVectorConstraint@@QBE?AVdgVector@@XZ 10032a70 f   physics_2009:dgUpVectorConstraint.obj
 0001:00031a90       ??_GdgUpVectorConstraint@@EAEPAXI@Z 10032a90 f i physics_2009:dgUpVectorConstraint.obj
 0001:00031a90       ??_EdgUpVectorConstraint@@EAEPAXI@Z 10032a90 f i physics_2009:dgUpVectorConstraint.obj
 0001:00031ac0       ?SetPinDir@dgUpVectorConstraint@@QAEXABVdgVector@@@Z 10032ac0 f   physics_2009:dgUpVectorConstraint.obj
 0001:00031d40       ?JacobianDerivative@dgUpVectorConstraint@@EAEIAAVdgContraintDescritor@@@Z 10032d40 f   physics_2009:dgUpVectorConstraint.obj
 0001:00031fc0       ?GetUserData@dgConstraint@@QBEPAXXZ 10032fc0 f   physics_2009:dgConstraint.obj
 0001:00031fd0       ?SetUserData@dgConstraint@@QAEXPAX@Z 10032fd0 f   physics_2009:dgConstraint.obj
 0001:00031fe0       ?InitInfo@dgConstraint@@IBEXPAVdgConstraintInfo@@@Z 10032fe0 f   physics_2009:dgConstraint.obj
 0001:00032070       ?SetAsTriggerVolume@dgCollision@@UAEX_N@Z 10033070 f   physics_2009:dgCollisionMesh.obj
 0001:00032070       ?Remove@dgBilateralConstraint@@MAEXPAVdgWorld@@@Z 10033070 f   NewtonClass.obj
 0001:00032070       ?SetUserData@dgCollision@@UAEXPAX@Z 10033070 f   physics_2009:dgCollision.obj
 0001:00032070       ?JointVelocityCorrection@dgBilateralConstraint@@MAEXABVdgJointAccelerationDecriptor@@@Z 10033070 f   physics_2009:dgBilateralConstraint.obj
 0001:00032070       ?GetInfo@dgConstraint@@UBEXPAVdgConstraintInfo@@@Z 10033070 f   physics_2009:dgConstraint.obj
 0001:00032070       ?GetCollisionInfo@dgCollisionMesh@@EBEXPAVdgCollisionInfo@@@Z 10033070 f   physics_2009:dgCollisionMesh.obj
 0001:00032070       ?SetStiffness@dgConstraint@@UAEXM@Z 10033070 f   physics_2009:dgBilateralConstraint.obj
 0001:00032070       ?JointVelocityCorrection@dgContact@@EAEXABVdgJointAccelerationDecriptor@@@Z 10033070 f   physics_2009:dgContact.obj
 0001:00032070       ?SetDestructorCallback@dgContact@@EAEXP6AXAAVdgConstraint@@@Z@Z 10033070 f   physics_2009:dgContact.obj
 0001:00032070       ?ModifierSetMatrix@dgCollision@@UAEXABVdgMatrix@@@Z 10033070 f   physics_2009:dgWorld.obj
 0001:00032070       ?UpdateDynamicsCuda@dgWorldDynamicUpdate@@AAEXPAVdgWorld@@@Z 10033070 f   physics_2009:dgWorldDynamicUpdate.obj
 0001:00032080       ?InitPointParam@dgConstraint@@IBEXAAVdgPointParam@1@MABVdgVector@@1@Z 10033080 f   physics_2009:dgConstraint.obj
 0001:00032340       ?Realloc@dgBroadPhaseCalculateContactsWorkerThread@@QAEXHHH@Z 10033340 f   physics_2009:dgBroadPhaseCollision.obj
 0001:00032420       ?ThreadExecute@dgBroadPhaseCalculateContactsWorkerThread@@UAEXXZ 10033420 f   physics_2009:dgBroadPhaseCollision.obj
 0001:000325c0       ?ThreadExecute@dgBroadPhaseMaterialCallbackWorkerThread@@UAEXXZ 100335c0 f   physics_2009:dgBroadPhaseCollision.obj
 0001:000326c0       ?RayCast@dgSortArray@@QBEMMABUdgLineBox@@P6AMPBVdgBody@@ABVdgVector@@HPAXM@ZP6AI1PBVdgCollision@@3@Z3@Z 100336c0 f   physics_2009:dgBroadPhaseCollision.obj
 0001:00032730       ?UpdateAutoPair@dgBroadPhaseCell@@AAEXPAVdgWorld@@H@Z 10033730 f   physics_2009:dgBroadPhaseCollision.obj
[...]
 0003:000001a0       ?m_huge@dgConvexCollision@@1VdgVector@@A 100981a0     physics_2009:dgConvexCollision.obj
 0003:000001b0       ?m_negativeTiny@dgConvexCollision@@1VdgVector@@A 100981b0     physics_2009:dgConvexCollision.obj
 0003:000001c0       ?m_aabb_padd@dgConvexCollision@@1VdgVector@@A 100981c0     physics_2009:dgConvexCollision.obj
 0003:000001d0       ?m_faceIndex@dgContactSolver@@2PAY03HA 100981d0     physics_2009:dgMinkowskiConv.obj
 0003:00000210       ?m_edgeArray@dgCollisionBox@@1PAVdgConvexSimplexEdge@@A 10098210     physics_2009:dgCollisionBox.obj
 0003:000003a0       ?g_allocaror@dgInternalMemory@@3VdgMemoryAllocator@@A 100983a0     corelib_2009:dgMemory.obj
 0003:000008d0       __fltused                  100988d0     LIBCMT:_fpinit_.obj
 0003:000008d4       __ldused                   100988d4     LIBCMT:_fpinit_.obj
 0003:000008f0       __half                     100988f0     LIBCMT:_pow_.obj
 0003:00000914       __cfltcvt_tab              10098914     LIBCMT:cmiscdat.obj
 0003:00000a60       __amblksiz                 10098a60     LIBCMT:heapinit.obj
 0003:00000a64       __aexit_rtn                10098a64     LIBCMT:crt0dat.obj
 0003:00000c90       ___flsindex                10098c90     LIBCMT:tidtable.obj
 0003:00000c94       ___getvalueindex           10098c94     LIBCMT:tidtable.obj
 0003:00000c98       ___badioinfo               10098c98     LIBCMT:ioinit.obj
 0003:00000cd8       __First_FPE_Indx           10098cd8     LIBCMT:winxfltr.obj
 0003:00000cdc       __Num_FPE                  10098cdc     LIBCMT:winxfltr.obj
 0003:00000ce0       __XcptActTabSize           10098ce0     LIBCMT:winxfltr.obj
 0003:00000ce4       __XcptActTabCount          10098ce4     LIBCMT:winxfltr.obj
 0003:00000ce8       ___nullstring              10098ce8     LIBCMT:output.obj
 0003:00000cec       ___wnullstring             10098cec     LIBCMT:output.obj
 0003:00000d0c       ___abort_behavior          10098d0c     LIBCMT:abort.obj
 0003:00000d10       __infinity                 10098d10     LIBCMT:_87tran_.obj
 0003:00000d1a       __minfinity                10098d1a     LIBCMT:_87tran_.obj
 0003:00000d24       __logemax                  10098d24     LIBCMT:_87tran_.obj
 0003:00000d4a       __OP_EXPjmptab             10098d4a     LIBCMT:_87tran_.obj
 0003:00000d70       __indefinite               10098d70     LIBCMT:_87disp_.obj
 0003:00000d7a       __piby2                    10098d7a     LIBCMT:_87disp_.obj
 0003:00000da0       __NLG_Destination          10098da0     LIBCMT:exsup.obj
 0003:00000db0       __matherr_flag             10098db0     LIBCMT:_matherr_.obj
 0003:00000ea0       __d_inf                    10098ea0     LIBCMT:_util_.obj
 0003:00000ea8       __d_ind                    10098ea8     LIBCMT:_util_.obj
 0003:00000eb0       __d_max                    10098eb0     LIBCMT:_util_.obj
 0003:00000eb8       __d_min                    10098eb8     LIBCMT:_util_.obj
 0003:00000ec0       __d_mzero                  10098ec0     LIBCMT:_util_.obj
 0003:00000ed0       ___initialmbcinfo          10098ed0     LIBCMT:mbctype.obj
 0003:000010f0       __mbctype                  100990f0     LIBCMT:mbctype.obj
 0003:000011f8       __mbcasemap                100991f8     LIBCMT:mbctype.obj
 0003:000012f8       ___ptmbcinfo               100992f8     LIBCMT:mbctype.obj
 0003:000013f4       ___globallocalestatus      100993f4     LIBCMT:glstatus.obj
 0003:000013f8       ___clocalestr              100993f8     LIBCMT:nlsdata2.obj
 0003:00001400       ___initiallocinfo          10099400     LIBCMT:nlsdata2.obj
 0003:000014d8       ___ptlocinfo               100994d8     LIBCMT:nlsdata2.obj
 0003:000014dc       ___lc_clike                100994dc     LIBCMT:nlsdata2.obj
 0003:000014e0       ___initiallocalestructinfo 100994e0     LIBCMT:nlsdata2.obj
 0003:000014f0       ___security_cookie         100994f0     LIBCMT:gs_cookie.obj
 0003:000014f4       ___security_cookie_complement 100994f4     LIBCMT:gs_cookie.obj
 0003:00001500       __iob                      10099500     LIBCMT:_file.obj
 0003:000018e0       __pctype                   100998e0     LIBCMT:ctype.obj
 0003:000018e4       __pwctype                  100998e4     LIBCMT:ctype.obj
 0003:000018e8       ___lc_time_c               100998e8     LIBCMT:strftime.obj
 0003:000019a0       ___lc_time_curr            100999a0     LIBCMT:strftime.obj
 0003:000019a4       ___lconv_static_decimal    100999a4     LIBCMT:lconv.obj
 0003:000019a8       ___lconv_c                 100999a8     LIBCMT:lconv.obj
 0003:000019d8       ___lconv                   100999d8     LIBCMT:lconv.obj
 0003:000019dc       ___mb_cur_max              100999dc     LIBCMT:nlsdata1.obj
 0003:000019e0       ___decimal_point           100999e0     LIBCMT:nlsdata1.obj
 0003:000019e4       ___decimal_point_length    100999e4     LIBCMT:nlsdata1.obj
 0003:00001a30       __timezone                 10099a30     LIBCMT:timeset.obj
 0003:00001a34       __daylight                 10099a34     LIBCMT:timeset.obj
 0003:00001a38       __dstbias                  10099a38     LIBCMT:timeset.obj
 0003:00001ac0       __tzname                   10099ac0     LIBCMT:timeset.obj
 0003:00001ae0       __pow10pos                 10099ae0     LIBCMT:_constpow_.obj
 0003:00001c40       __pow10neg                 10099c40     LIBCMT:_constpow_.obj
 0003:00001d9c       __coninpfh                 10099d9c     LIBCMT:initcon.obj
 0003:00001da0       __confh                    10099da0     LIBCMT:initcon.obj
 0003:00001da4       __lpdays                   10099da4     LIBCMT:days.obj
 0003:00001dd8       __days                     10099dd8     LIBCMT:days.obj
 0003:00001e30       ?m_edgeArray@dgCollisionSphere@@1PAVdgConvexSimplexEdge@@A 10099e30     physics_2009:dgCollisionSphere.obj
 0003:00002430       ?m_shapeRefCount@dgCollisionSphere@@1HA 1009a430     physics_2009:dgCollisionSphere.obj
 0003:00002440       ?m_unitSphere@dgCollisionSphere@@1PAVdgVector@@A 1009a440     physics_2009:dgCollisionSphere.obj
 0003:00002560       ?m_iniliazised@dgConvexCollision@@1HA 1009a560     physics_2009:dgConvexCollision.obj
 0003:00002570       ?m_zero@dgConvexCollision@@1VdgVector@@A 1009a570     physics_2009:dgConvexCollision.obj
 0003:00002580       ?m_signMask@dgConvexCollision@@1VdgVector@@A 1009a580     physics_2009:dgConvexCollision.obj
 0003:00002590       ?m_triplexMask@dgConvexCollision@@1VdgVector@@A 1009a590     physics_2009:dgConvexCollision.obj
 0003:000025a0       ?m_multiResDir@dgConvexCollision@@1PAVdgVector@@A 1009a5a0     physics_2009:dgConvexCollision.obj
 0003:00002620       ?m_multiResDir_sse@dgConvexCollision@@1PAVdgVector@@A 1009a620     physics_2009:dgConvexCollision.obj
 0003:00002680       ?m_vertex@dgCollisionHeightField@@0PAPAVdgVector@@A 1009a680     physics_2009:dgCollisionHeightField.obj
 0003:000026a0       ?m_vertexCount@dgCollisionHeightField@@0PAHA 1009a6a0     physics_2009:dgCollisionHeightField.obj
 0003:000026c0       ?m_refCount@dgCollisionHeightField@@0HA 1009a6c0     physics_2009:dgCollisionHeightField.obj
 0003:000026d0       ?m_negIndex@dgContactSolver@@2T__m128@@A 1009a6d0     physics_2009:dgMinkowskiConv.obj
 0003:000026e0       ?m_zero@dgContactSolver@@2T__m128@@A 1009a6e0     physics_2009:dgMinkowskiConv.obj
 0003:000026f0       ?m_index_yx@dgContactSolver@@2T__m128@@A 1009a6f0     physics_2009:dgMinkowskiConv.obj
 0003:00002700       ?m_index_wz@dgContactSolver@@2T__m128@@A 1009a700     physics_2009:dgMinkowskiConv.obj
 0003:00002710       ?m_zeroTolerenace@dgContactSolver@@2T__m128@@A 1009a710     physics_2009:dgMinkowskiConv.obj
 0003:00002720       ?m_nrh0p5@dgContactSolver@@2T__m128@@A 1009a720     physics_2009:dgMinkowskiConv.obj
 0003:00002730       ?m_nrh3p0@dgContactSolver@@2T__m128@@A 1009a730     physics_2009:dgMinkowskiConv.obj
 0003:00002740       ?m_negativeOne@dgContactSolver@@2T__m128@@A 1009a740     physics_2009:dgMinkowskiConv.obj
 0003:00002750       ?m_dir@dgContactSolver@@2PAVdgVector@@A 1009a750     physics_2009:dgMinkowskiConv.obj
 0003:00002830       ?m_edgeArray@dgCollisionCapsule@@0PAVdgConvexSimplexEdge@@A 1009a830     physics_2009:dgCollisionCapsule.obj
 0003:00003370       ?m_shapeRefCount@dgCollisionCapsule@@0HA 1009b370     physics_2009:dgCollisionCapsule.obj
 0003:00003378       ?m_edgeArray@dgCollisionCone@@0PAVdgConvexSimplexEdge@@A 1009b378     physics_2009:dgCollisionCone.obj
 0003:00003578       ?m_shapeRefCount@dgCollisionCone@@0HA 1009b578     physics_2009:dgCollisionCone.obj
 0003:00003580       ?m_edgeArray@dgCollisionCylinder@@0PAVdgConvexSimplexEdge@@A 1009b580     physics_2009:dgCollisionCylinder.obj
 0003:00003880       ?m_shapeRefCount@dgCollisionCylinder@@0HA 1009b880     physics_2009:dgCollisionCylinder.obj
 0003:00003890       ?m_edgeArray@dgCollisionChamferCylinder@@0PAVdgConvexSimplexEdge@@A 1009b890     physics_2009:dgCollisionChamferCylinder.obj
 0003:00004190       ?m_shapeRefCount@dgCollisionChamferCylinder@@0HA 1009c190     physics_2009:dgCollisionChamferCylinder.obj
 0003:000041a0       ?m_shapesDirs@dgCollisionChamferCylinder@@0PAVdgVector@@A 1009c1a0     physics_2009:dgCollisionChamferCylinder.obj
 0003:00004264       ___fastflag                1009c264     LIBCMT:_fpinit_.obj
 0003:00004268       __adjust_fdiv              1009c268     LIBCMT:_fpinit_.obj
 0003:00004270       __aenvptr                  1009c270     LIBCMT:dllcrt0.obj
 0003:00004274       __wenvptr                  1009c274     LIBCMT:dllcrt0.obj
 0003:00004278       ___error_mode              1009c278     LIBCMT:dllcrt0.obj
 0003:0000427c       ___app_type                1009c27c     LIBCMT:dllcrt0.obj
 0003:000043d8       ___sbh_pHeaderDefer        1009c3d8     LIBCMT:sbheap.obj
 0003:000043dc       __crtheap                  1009c3dc     LIBCMT:heapinit.obj
 0003:000043e0       __umaskval                 1009c3e0     LIBCMT:crt0dat.obj
 0003:000043e4       ___argc                    1009c3e4     LIBCMT:crt0dat.obj
 0003:000043e8       ___argv                    1009c3e8     LIBCMT:crt0dat.obj
 0003:000043ec       ___wargv                   1009c3ec     LIBCMT:crt0dat.obj
 0003:000043f0       __environ                  1009c3f0     LIBCMT:crt0dat.obj
 0003:000043f4       ___initenv                 1009c3f4     LIBCMT:crt0dat.obj
 0003:000043f8       __wenviron                 1009c3f8     LIBCMT:crt0dat.obj
 0003:000043fc       ___winitenv                1009c3fc     LIBCMT:crt0dat.obj
 0003:00004400       __pgmptr                   1009c400     LIBCMT:crt0dat.obj
 0003:00004404       __wpgmptr                  1009c404     LIBCMT:crt0dat.obj
 0003:00004408       __exitflag                 1009c408     LIBCMT:crt0dat.obj
 0003:0000440c       __C_Termination_Done       1009c40c     LIBCMT:crt0dat.obj
 0003:00004410       __C_Exit_Done              1009c410     LIBCMT:crt0dat.obj
 0003:0000472c       ?_pnhHeap@@3P6AHI@ZA       1009c72c     LIBCMT:handler.obj
 0003:00004730       __newmode                  1009c730     LIBCMT:_newmode.obj
 0003:00004734       _gpFlsAlloc                1009c734     LIBCMT:tidtable.obj
 0003:00004738       _gpFlsGetValue             1009c738     LIBCMT:tidtable.obj
 0003:0000473c       _gpFlsSetValue             1009c73c     LIBCMT:tidtable.obj
 0003:00004740       _gpFlsFree                 1009c740     LIBCMT:tidtable.obj
 0003:00004744       __maxwait                  1009c744     LIBCMT:crtheap.obj
 0003:00004854       ___pInvalidArgHandler      1009c854     LIBCMT:invarg.obj
 0003:00004874       ___pPurecall               1009c874     LIBCMT:inithelp.obj
 0003:00004904       ___mbulinfo                1009c904     LIBCMT:mbctype.obj
 0003:00004910       ___mbcodepage              1009c910     LIBCMT:mbctype.obj
 0003:00004914       ___ismbcodepage            1009c914     LIBCMT:mbctype.obj
 0003:00004918       ___mblcid                  1009c918     LIBCMT:mbctype.obj
 0003:0000491c       ___locale_changed          1009c91c     LIBCMT:setlocal.obj
 0003:00004920       ___lc_handle               1009c920     LIBCMT:nlsdata2.obj
 0003:00004938       ___lc_codepage             1009c938     LIBCMT:nlsdata2.obj
 0003:0000493c       ___lc_collate_cp           1009c93c     LIBCMT:nlsdata2.obj
 0003:00004940       __outputformat             1009c940     LIBCMT:outputformat.obj
 0003:00004948       ?__pInconsistency@@3P6AXXZA 1009c948     LIBCMT:hooks.obj
 0003:00004964       __cflush                   1009c964     LIBCMT:_file.obj
 0003:00004974       ___lconv_static_null       1009c974     LIBCMT:lconv.obj
 0003:00004c9c       __stdbuf                   1009cc9c     LIBCMT:_sftbuf.obj
 0003:00004d60       __debugger_hook_dummy      1009cd60     <common>
 0003:00004d64       ___piob                    1009cd64     <common>
 0003:00004d80       __bufin                    1009cd80     <common>
 0003:00005d80       __nstream                  1009dd80     <common>
 0003:00005d84       __nhandle                  1009dd84     <common>
 0003:00005da0       ___pioinfo                 1009dda0     <common>
 0003:00005ea0       ___env_initialized         1009dea0     <common>
 0003:00005ea4       ___onexitend               1009dea4     <common>
 0003:00005ea8       ___onexitbegin             1009dea8     <common>
 0003:00005eac       ___mbctype_initialized     1009deac     <common>
 0003:00005eb0       ___dyn_tls_init_callback   1009deb0     <common>
 0003:00005eb4       ___active_heap             1009deb4     <common>
 0003:00005eb8       __pDestructExceptionObject 1009deb8     <common>
 0003:00005ebc       ___sbh_cntHeaderList       1009debc     <common>
 0003:00005ec0       ___sbh_pHeaderList         1009dec0     <common>
 0003:00005ec4       ___sbh_threshold           1009dec4     <common>
 0003:00005ec8       ___sbh_pHeaderScan         1009dec8     <common>
 0003:00005ecc       ___sbh_sizeHeaderList      1009decc     <common>
 0003:00005ed0       ___sbh_indGroupDefer       1009ded0     <common>
 0003:00005ed4       ___use_sse2_mathfcns       1009ded4     <common>
 0003:00005ed8       ___sse2_available          1009ded8     <common>
 0003:00005edc       __pmatherr                 1009dedc     <common>
 0003:00005ee0       __acmdln                   1009dee0     <common>

 entry point at        0001:0007da46

 Static symbols

 0001:0006c9c0       ?DetectSSE@@YA_NXZ         1006d9c0 f   corelib_2009:dgTypes.obj
 0001:0006c9c0       ?DetectSSE_3@@YA_NXZ       1006d9c0 f   corelib_2009:dgTypes.obj
 0001:0006d0a0       ?SortVertices@InternalGeoUtil@@YAHQAMHHHHM@Z 1006e0a0 f   corelib_2009:dgTypes.obj
 0001:0006dae0       ?QuickSortVertices@InternalGeoUtil@@YAHQAMHHHHM@Z 1006eae0 f   corelib_2009:dgTypes.obj
 0001:0006f000       ?NormalizeVertex@InternalPolyhedra@@YAXHQAVdgTriplex@@QBMH@Z 10070000 f   corelib_2009:dgPolyhedra.obj
 0001:0006f150       ?EdgePlane@InternalPolyhedra@@YA?AVdgBigPlane@@HHHQBVdgTriplex@@@Z 10070150 f   corelib_2009:dgPolyhedra.obj
 0001:0006f270       ?UnboundedLoopPlane@InternalPolyhedra@@YA?AVdgBigPlane@@HHHQBVdgTriplex@@@Z 10070270 f   corelib_2009:dgPolyhedra.obj
 0001:0006f3c0       ?BigFaceNormal@InternalPolyhedra@@YA?AVdgBigVector@@PAVdgEdge@@QBMH@Z 100703c0 f   corelib_2009:dgPolyhedra.obj
 0001:0006f4d0       ?CalculateVertexMetrics@InternalPolyhedra@@YAXQAUVERTEX_METRIC_STRUCT@1@QBVdgTriplex@@PAVdgEdge@@@Z 100704d0 f   corelib_2009:dgPolyhedra.obj
 0001:0006f5b0       ?IsEssensialPointDiagonal@InternalPolyhedra@@YA_NPAVdgEdge@@ABVdgBigVector@@QBMH@Z 100705b0 f   corelib_2009:dgPolyhedra.obj
 0001:0006fa20       ?CalculateAllMetrics@InternalPolyhedra@@YAXPBVdgPolyhedra@@QAUVERTEX_METRIC_STRUCT@1@QBVdgTriplex@@@Z 10070a20 f   corelib_2009:dgPolyhedra.obj
 0001:0006fcb0       ?EdgePenalty@InternalPolyhedra@@YAMABVdgPolyhedra@@QBVdgTriplex@@PAVdgEdge@@@Z 10070cb0 f   corelib_2009:dgPolyhedra.obj
 0001:000703a0       ?GetInteriorDiagonals@InternalPolyhedra@@YAHAAVdgPolyhedra@@QAPAVdgEdge@@H@Z 100713a0 f   corelib_2009:dgPolyhedra.obj
 0001:00070640       ?MatchTwins@InternalPolyhedra@@YA_NPAVdgPolyhedra@@@Z 10071640 f   corelib_2009:dgPolyhedra.obj
 0001:000706f0       ?FindEarTip@InternalPolyhedra@@YAPAVdgEdge@@ABVdgPolyhedra@@PAV2@QBMHAAV?$dgDownHeap@PAVdgEdge@@M@@ABVdgVector@@@Z 100716f0 f   corelib_2009:dgPolyhedra.obj
 0001:00071570       ?CloseOpenBounds@InternalPolyhedra@@YAXPAVdgPolyhedra@@@Z 10072570 f   corelib_2009:dgPolyhedra.obj
 0001:000726f0       ?MarkAdjacentCoplanarFaces@InternalPolyhedra@@YAXAAVdgPolyhedra@@0PAVdgEdge@@QBMH@Z 100736f0 f   corelib_2009:dgPolyhedra.obj
 0001:00072a20       ?ConvexPartition@InternalPolyhedra@@YA_NAAVdgPolyhedra@@QBMH@Z 10073a20 f   corelib_2009:dgPolyhedra.obj
 0001:00073480       ?TriangulateFace@InternalPolyhedra@@YAPAVdgEdge@@AAVdgPolyhedra@@PAV2@QBMHAAV?$dgDownHeap@PAVdgEdge@@M@@PAVdgVector@@@Z 10074480 f   corelib_2009:dgPolyhedra.obj
 0001:0007d950       ___DllMainCRTStartup       1007e950 f   LIBCMT:dllcrt0.obj
 0001:0007dae6       __hw_cw                    1007eae6 f   LIBCMT:_ieee87_.obj
 0001:0007db74       ___hw_cw_sse2              1007eb74 f   LIBCMT:_ieee87_.obj
 0001:0007e6fa       __onexit_nolock            1007f6fa f   LIBCMT:onexit.obj
 0001:0007e996       __callthreadstartex        1007f996 f   LIBCMT:threadex.obj
 0001:0007e9d7       __threadstartex@4          1007f9d7 f   LIBCMT:threadex.obj
 0001:0007f0d1       __shift                    100800d1 f   LIBCMT:cvt.obj
 0001:0007f116       __cftoe2_l                 10080116 f   LIBCMT:cvt.obj
 0001:0007f6e8       __cftof2_l                 100806e8 f   LIBCMT:cvt.obj
 0001:00080aae       __initterm                 10081aae f   LIBCMT:crt0dat.obj
 0001:00080b74       _doexit                    10081b74 f   LIBCMT:crt0dat.obj
 0001:00080fb9       _fastzero_I                10081fb9 f   LIBCMT:p4_memset.obj
 0001:0008109f       _fastcopy_I                1008209f f   LIBCMT:p4_memcpy.obj
 0001:00081cb0       _parse_cmdline             10082cb0 f   LIBCMT:stdargv.obj
 0001:00082402       _write_char                10083402 f   LIBCMT:output.obj
 0001:00082435       _write_multi_char          10083435 f   LIBCMT:output.obj
 0001:0008245b       _write_string              1008345b f   LIBCMT:output.obj
 0001:0008333b       _siglookup                 1008433b f   LIBCMT:winsig.obj
 0001:00084cc4       __unwind_handler           10085cc4 f   LIBCMT:exsup.obj
 0001:00084de0       _ValidateScopeTableHandlers 10085de0 f   LIBCMT:eh3valid.obj
 0001:00085340       _has_osfxsr_set            10086340 f   LIBCMT:cpu_disp.obj
 0001:00085c8d       ?CPtoLCID@@YAHH@Z          10086c8d f   LIBCMT:mbctype.obj
 0001:00085cbc       ?setSBCS@@YAXPAUthreadmbcinfostruct@@@Z 10086cbc f   LIBCMT:mbctype.obj
 0001:00085d20       ?setSBUpLow@@YAXPAUthreadmbcinfostruct@@@Z 10086d20 f   LIBCMT:mbctype.obj
 0001:00085f57       ?getSystemCP@@YAHH@Z       10086f57 f   LIBCMT:mbctype.obj
 0001:000865e1       __updatetlocinfoEx_nolock  100875e1 f   LIBCMT:setlocal.obj
 0001:00087238       __unwind_handler4          10088238 f   LIBCMT:exsup4.obj
 0001:0008796a       ?x_ismbbtype_l@@YAHPAUlocaleinfo_struct@@IHH@Z 1008896a f   LIBCMT:ismbbyte.obj
 0001:0008981e       ?__crtLCMapStringA_stat@@YAHPAUlocaleinfo_struct@@KKPBDHPADHHH@Z 1008a81e f   LIBCMT:a_map.obj
 0001:00089c08       ?__crtGetStringTypeA_stat@@YAHPAUlocaleinfo_struct@@KPBDHPAGHHH@Z 1008ac08 f   LIBCMT:a_str.obj
 0001:0008c2fb       _flsall                    1008d2fb f   LIBCMT:fflush.obj
 0001:0008c3de       ?strtoxl@@YAKPAUlocaleinfo_struct@@PBDPAPBDHH@Z 1008d3de f   LIBCMT:strtol.obj
 0001:0008cf50       ??__Eg_allocaror@dgInternalMemory@@YAXXZ 1008df50 f   corelib_2009:dgMemory.obj
 0001:0008cf60       ??__Fg_allocaror@dgInternalMemory@@YAXXZ 1008df60 f   corelib_2009:dgMemory.obj
