 newton

 Timestamp is 497a1a1c (Fri Jan 23 11:27:24 2009)

 Preferred load address is 0000000180000000

 Start         Length     Name                   Class
 0001:00000000 0009f46eH .text                   CODE
 0001:0009f470 0000001fH .text$0                 CODE
 0001:0009f490 00000080H .text$00                CODE
 0001:0009f510 00000278H .text$x                 CODE
 0001:0009f790 0000000cH .text$yc                CODE
 0001:0009f7a0 00000003H .text$yd                CODE
 0002:00000000 00000290H .idata$5                DATA
 0002:00000290 00000008H .CRT$XCA                DATA
 0002:00000298 00000008H .CRT$XCU                DATA
 0002:000002a0 00000008H .CRT$XCZ                DATA
 0002:000002a8 00000008H .CRT$XIA                DATA
 0002:000002b0 00000018H .CRT$XIC                DATA
 0002:000002c8 00000008H .CRT$XIZ                DATA
 0002:000002d0 00000008H .CRT$XPA                DATA
 0002:000002d8 00000008H .CRT$XPX                DATA
 0002:000002e0 00000008H .CRT$XPXA               DATA
 0002:000002e8 00000008H .CRT$XPZ                DATA
 0002:000002f0 00000008H .CRT$XTA                DATA
 0002:000002f8 00000008H .CRT$XTZ                DATA
 0002:00000300 000044d8H .rdata                  DATA
 0002:000047d8 00000059H .rdata$debug            DATA
 0002:00004838 00000008H .rtc$IAA                DATA
 0002:00004840 00000008H .rtc$IZZ                DATA
 0002:00004848 00000008H .rtc$TAA                DATA
 0002:00004850 00000008H .rtc$TZZ                DATA
 0002:00004858 000077e4H .xdata                  DATA
 0002:0000c03c 00000014H .idata$2                DATA
 0002:0000c050 00000014H .idata$3                DATA
 0002:0000c068 00000290H .idata$4                DATA
 0002:0000c2f8 000005e2H .idata$6                DATA
 0002:0000c8e0 0000267dH .edata                  DATA
 0003:00000000 0000250cH .data                   DATA
 0003:00002520 00006450H .bss                    DATA
 0004:00000000 000050b8H .pdata                  DATA

  Address         Publics by Value              Rva+Base               Lib:Object

 0000:00000000       ___safe_se_handler_count   0000000000000000     <absolute>
 0000:00000000       ___safe_se_handler_table   0000000000000000     <absolute>
 0000:00000000       __ImageBase                0000000180000000     <linker-defined>
 0001:00000000       DllMain                    0000000180001000 f   Newton.obj
 0001:00000010       NewtonGetMemoryUsed        0000000180001010 f   Newton.obj
 0001:00000020       NewtonInvalidateCache      0000000180001020 f   Newton.obj
 0001:00000030       NewtonSetPlatformArchitecture 0000000180001030 f   Newton.obj
 0001:00000040       NewtonGetPlatformArchitecture 0000000180001040 f   Newton.obj
 0001:00000050       NewtonSetThreadsCount      0000000180001050 f   Newton.obj
 0001:00000060       NewtonGetThreadsCount      0000000180001060 f   Newton.obj
 0001:00000070       NewtonSetMultiThreadSolverOnSingleIsland 0000000180001070 f   Newton.obj
 0001:00000080       NewtonSetSolverModel       0000000180001080 f   Newton.obj
 0001:00000090       NewtonSetFrictionModel     0000000180001090 f   Newton.obj
 0001:000000a0       NewtonSetPerformanceClock  00000001800010a0 f   Newton.obj
 0001:000000b0       NewtonReadPerformanceTicks 00000001800010b0 f   Newton.obj
 0001:000000c0       NewtonCollisionUpdate      00000001800010c0 f   Newton.obj
 0001:00000100       NewtonSetIslandUpdateEvent 0000000180001100 f   Newton.obj
 0001:00000110       NewtonSetBodyLeaveWorldEvent 0000000180001110 f   Newton.obj
 0001:00000120       NewtonWorldGetVersion      0000000180001120 f   Newton.obj
 0001:00000130       NewtonWorldSetUserData     0000000180001130 f   Newton.obj
 0001:00000140       NewtonWorldGetUserData     0000000180001140 f   Newton.obj
 0001:00000150       NewtonWorldGetBodyCount    0000000180001150 f   Newton.obj
 0001:00000160       NewtonWorldGetConstraintCount 0000000180001160 f   Newton.obj
 0001:00000170       NewtonIslandGetBody        0000000180001170 f   Newton.obj
 0001:00000180       NewtonMaterialGetDefaultGroupID 0000000180001180 f   Newton.obj
 0001:00000190       NewtonMaterialCreateGroupID 0000000180001190 f   Newton.obj
 0001:000001a0       NewtonMaterialDestroyAllGroupID 00000001800011a0 f   Newton.obj
 0001:000001b0       NewtonMaterialSetDefaultCollidable 00000001800011b0 f   Newton.obj
 0001:000001e0       NewtonMaterialSetContinuousCollisionMode 00000001800011e0 f   Newton.obj
 0001:00000210       NewtonWorldGetFirstMaterial 0000000180001210 f   Newton.obj
 0001:00000220       NewtonWorldGetNextMaterial 0000000180001220 f   Newton.obj
 0001:00000230       NewtonMaterialGetContactFaceAttribute 0000000180001230 f   Newton.obj
 0001:00000240       NewtonMaterialGetContactPositionAndNormal 0000000180001240 f   Newton.obj
 0001:00000270       NewtonMaterialGetContactTangentDirections 0000000180001270 f   Newton.obj
 0001:000002a0       NewtonMaterialSetContactFrictionState 00000001800012a0 f   Newton.obj
 0001:000002e0       NewtonMaterialSetContactNormalAcceleration 00000001800012e0 f   Newton.obj
 0001:000002f0       NewtonMaterialSetContactTangentAcceleration 00000001800012f0 f   Newton.obj
 0001:00000310       NewtonCreateNull           0000000180001310 f   Newton.obj
 0001:00000320       NewtonCreateBox            0000000180001320 f   Newton.obj
 0001:00000420       NewtonCreateSphere         0000000180001420 f   Newton.obj
 0001:000005a0       NewtonCreateCone           00000001800015a0 f   Newton.obj
 0001:00000690       NewtonCreateCapsule        0000000180001690 f   Newton.obj
 0001:00000780       NewtonCreateCylinder       0000000180001780 f   Newton.obj
 0001:00000870       NewtonCreateChamferCylinder 0000000180001870 f   Newton.obj
 0001:00000960       NewtonCreateConvexHullFromMesh 0000000180001960 f   Newton.obj
 0001:00000970       NewtonCreateConvexHullModifier 0000000180001970 f   Newton.obj
 0001:00000980       NewtonConvexHullModifierGetMatrix 0000000180001980 f   Newton.obj
 0001:000009e0       NewtonConvexHullModifierSetMatrix 00000001800019e0 f   Newton.obj
 0001:000009f0       NewtonCreateCompoundCollision 00000001800019f0 f   Newton.obj
 0001:00000a00       NewtonCreateCompoundCollisionFromMesh 0000000180001a00 f   Newton.obj
 0001:00000a10       NewtonCollisionIsTriggerVolume 0000000180001a10 f   Newton.obj
 0001:00000a30       NewtonCollisionSetAsTriggerVolume 0000000180001a30 f   Newton.obj
 0001:00000a40       NewtonConvexCollisionCalculateVolume 0000000180001a40 f   Newton.obj
 0001:00000a50       NewtonCreateTreeCollision  0000000180001a50 f   Newton.obj
 0001:00000a60       NewtonTreeCollisionSetUserRayCastCallback 0000000180001a60 f   Newton.obj
 0001:00000a70       NewtonTreeCollisionBeginBuild 0000000180001a70 f   Newton.obj
 0001:00000a80       NewtonTreeCollisionAddFace 0000000180001a80 f   Newton.obj
 0001:00000aa0       NewtonTreeCollisionEndBuild 0000000180001aa0 f   Newton.obj
 0001:00000ab0       NewtonCreateHeightFieldCollision 0000000180001ab0 f   Newton.obj
 0001:00000af0       NewtonCreateSceneCollision 0000000180001af0 f   Newton.obj
 0001:00000b00       NewtonSceneCollisionCreateProxy 0000000180001b00 f   Newton.obj
 0001:00000b10       NewtonSceneCollisionOptimize 0000000180001b10 f   Newton.obj
 0001:00000b20       NewtonCollisionPointDistance 0000000180001b20 f   Newton.obj
 0001:00000b50       NewtonCollisionClosestPoint 0000000180001b50 f   Newton.obj
 0001:00000ba0       NewtonCollisionCollide     0000000180001ba0 f   Newton.obj
 0001:00000c10       NewtonCollisionCollideContinue 0000000180001c10 f   Newton.obj
 0001:00000cc0       NewtonCollisionForEachPolygonDo 0000000180001cc0 f   Newton.obj
 0001:00000d20       NewtonCollisionMakeUnique  0000000180001d20 f   Newton.obj
 0001:00000d30       NewtonReleaseCollision     0000000180001d30 f   Newton.obj
 0001:00000d40       NewtonCollisionSerialize   0000000180001d40 f   Newton.obj
 0001:00000d50       NewtonCreateCollisionFromSerialization 0000000180001d50 f   Newton.obj
 0001:00000d60       NewtonCollisionGetInfo     0000000180001d60 f   Newton.obj
 0001:00000d70       NewtonGetEulerAngle        0000000180001d70 f   Newton.obj
 0001:00000db0       NewtonCalculateSpringDamperAcceleration 0000000180001db0 f   Newton.obj
 0001:00000e20       NewtonCreateBody           0000000180001e20 f   Newton.obj
 0001:00000e30       NewtonDestroyBody          0000000180001e30 f   Newton.obj
 0001:00000e40       NewtonBodySetMatrix        0000000180001e40 f   Newton.obj
 0001:00000ec0       NewtonBodyGetFirstJoint    0000000180001ec0 f   Newton.obj
 0001:00000ed0       NewtonBodyGetNextJoint     0000000180001ed0 f   Newton.obj
 0001:00000ee0       NewtonBodyGetFirstContactJoint 0000000180001ee0 f   Newton.obj
 0001:00000ef0       NewtonBodyGetNextContactJoint 0000000180001ef0 f   Newton.obj
 0001:00000f00       NewtonBodySetCollision     0000000180001f00 f   Newton.obj
 0001:00000f10       NewtonBodySetFreezeState   0000000180001f10 f   Newton.obj
 0001:00000f20       NewtonBallSetUserCallback  0000000180001f20 f   Newton.obj
 0001:00000f30       NewtonBallGetJointAngle    0000000180001f30 f   Newton.obj
 0001:00000f70       NewtonBallGetJointOmega    0000000180001f70 f   Newton.obj
 0001:00000fb0       NewtonBallGetJointForce    0000000180001fb0 f   Newton.obj
 0001:00000ff0       NewtonCorkscrewGetJointAngle 0000000180001ff0 f   Newton.obj
 0001:00000ff0       NewtonUniversalGetJointAngle0 0000000180001ff0 f   Newton.obj
 0001:00000ff0       NewtonSliderGetJointPosit  0000000180001ff0 f   Newton.obj
 0001:00000ff0       NewtonHingeGetJointAngle   0000000180001ff0 f   Newton.obj
 0001:00001000       NewtonHingeGetJointOmega   0000000180002000 f   Newton.obj
 0001:00001000       NewtonCorkscrewGetJointOmega 0000000180002000 f   Newton.obj
 0001:00001000       NewtonUniversalGetJointOmega0 0000000180002000 f   Newton.obj
 0001:00001010       NewtonHingeCalculateStopAlpha 0000000180002010 f   Newton.obj
 0001:00001020       NewtonHingeGetJointForce   0000000180002020 f   Newton.obj
 0001:00001060       NewtonUniversalSetUserCallback 0000000180002060 f   Newton.obj
 0001:00001060       NewtonCorkscrewSetUserCallback 0000000180002060 f   Newton.obj
 0001:00001060       NewtonHingeSetUserCallback 0000000180002060 f   Newton.obj
 0001:00001060       NewtonSliderSetUserCallback 0000000180002060 f   Newton.obj
 0001:00001070       NewtonCorkscrewGetJointVeloc 0000000180002070 f   Newton.obj
 0001:00001070       NewtonSliderGetJointVeloc  0000000180002070 f   Newton.obj
 0001:00001080       NewtonSliderCalculateStopAccel 0000000180002080 f   Newton.obj
 0001:00001090       NewtonSliderGetJointForce  0000000180002090 f   Newton.obj
 0001:000010d0       NewtonCorkscrewCalculateStopAlpha 00000001800020d0 f   Newton.obj
 0001:000010d0       NewtonUniversalCalculateStopAlpha0 00000001800020d0 f   Newton.obj
 0001:000010e0       NewtonCorkscrewCalculateStopAccel 00000001800020e0 f   Newton.obj
 0001:000010f0       NewtonCorkscrewGetJointForce 00000001800020f0 f   Newton.obj
 0001:000010f0       NewtonUniversalGetJointForce 00000001800020f0 f   Newton.obj
 0001:00001130       NewtonCorkscrewGetJointPosit 0000000180002130 f   Newton.obj
 0001:00001130       NewtonUniversalGetJointAngle1 0000000180002130 f   Newton.obj
 0001:00001140       NewtonUniversalGetJointOmega1 0000000180002140 f   Newton.obj
 0001:00001150       NewtonUniversalCalculateStopAlpha1 0000000180002150 f   Newton.obj
 0001:00001160       NewtonUpVectorGetPin       0000000180002160 f   Newton.obj
 0001:000011a0       NewtonUserJointAddGeneralRow 00000001800021a0 f   Newton.obj
 0001:000011b0       NewtonUserJointSetRowMaximumFriction 00000001800021b0 f   Newton.obj
 0001:000011c0       NewtonUserJointSetRowMinimumFriction 00000001800021c0 f   Newton.obj
 0001:000011d0       NewtonUserJointSetRowAcceleration 00000001800021d0 f   Newton.obj
 0001:000011e0       NewtonUserJointSetRowSpringDamperAcceleration 00000001800021e0 f   Newton.obj
 0001:000011f0       NewtonUserJointSetRowStiffness 00000001800021f0 f   Newton.obj
 0001:00001200       NewtonUserJointGetRowForce 0000000180002200 f   Newton.obj
 0001:00001210       NewtonUserJointSetFeedbackCollectorCallback 0000000180002210 f   Newton.obj
 0001:00001220       NewtonJointSetUserData     0000000180002220 f   Newton.obj
 0001:00001230       NewtonJointGetUserData     0000000180002230 f   Newton.obj
 0001:00001240       NewtonJointGetInfo         0000000180002240 f   Newton.obj
 0001:00001250       NewtonJointSetStiffness    0000000180002250 f   Newton.obj
 0001:00001260       NewtonJointGetStiffness    0000000180002260 f   Newton.obj
 0001:00001270       NewtonJointSetDestructor   0000000180002270 f   Newton.obj
 0001:00001280       NewtonDestroyJoint         0000000180002280 f   Newton.obj
 0001:00001290       NewtonMeshDestroy          0000000180002290 f   Newton.obj
 0001:000012b0       NewtonMeshCalculateVertexNormals 00000001800022b0 f   Newton.obj
 0001:000012c0       NewtonMeshApplySphericalMapping 00000001800022c0 f   Newton.obj
 0001:000012d0       NewtonMeshApplyBoxMapping  00000001800022d0 f   Newton.obj
 0001:000012e0       NewtonMeshApplyCylindricalMapping 00000001800022e0 f   Newton.obj
 0001:000012f0       NewtonMeshBeginFace        00000001800022f0 f   Newton.obj
 0001:00001300       NewtonMeshAddFace          0000000180002300 f   Newton.obj
 0001:00001320       NewtonMeshEndFace          0000000180002320 f   Newton.obj
 0001:00001330       NewtonMeshGetVertexCount   0000000180002330 f   Newton.obj
 0001:00001340       NewtonMeshGetVertexStreams 0000000180002340 f   Newton.obj
 0001:00001370       NewtonMeshGetIndirectVertexStreams 0000000180002370 f   Newton.obj
 0001:000013f0       NewtonMeshFirstMaterial    00000001800023f0 f   Newton.obj
 0001:00001400       NewtonMeshNextMaterial     0000000180002400 f   Newton.obj
 0001:00001410       NewtonMeshMaterialGetMaterial 0000000180002410 f   Newton.obj
 0001:00001420       NewtonMeshMaterialGetIndexCount 0000000180002420 f   Newton.obj
 0001:00001430       NewtonMeshMaterialGetIndexStream 0000000180002430 f   Newton.obj
 0001:00001440       NewtonMeshMaterialGetIndexStreamShort 0000000180002440 f   Newton.obj
 0001:00001450       NewtonDestroy              0000000180002450 f   Newton.obj
 0001:000014a0       NewtonWorldCriticalSectionLock 00000001800024a0 f   Newton.obj
 0001:000014c0       NewtonWorldCriticalSectionUnlock 00000001800024c0 f   Newton.obj
 0001:000014e0       NewtonUpdate               00000001800024e0 f   Newton.obj
 0001:000015a0       NewtonSetMinimumFrameRate  00000001800025a0 f   Newton.obj
 0001:000015e0       NewtonWorldGetFirstBody    00000001800025e0 f   Newton.obj
 0001:00001600       NewtonWorldGetNextBody     0000000180002600 f   Newton.obj
 0001:00001620       NewtonIslandGetBodyAABB    0000000180002620 f   Newton.obj
 0001:00001690       NewtonMaterialSetSurfaceThickness 0000000180002690 f   Newton.obj
 0001:000016e0       NewtonMaterialSetDefaultFriction 00000001800026e0 f   Newton.obj
 0001:00001790       NewtonMaterialSetDefaultElasticity 0000000180002790 f   Newton.obj
 0001:000017e0       NewtonMaterialSetDefaultSoftness 00000001800027e0 f   Newton.obj
 0001:00001830       NewtonMaterialSetCollisionCallback 0000000180002830 f   Newton.obj
 0001:00001870       NewtonMaterialGetUserData  0000000180002870 f   Newton.obj
 0001:00001890       NewtonMaterialGetMaterialPairUserData 0000000180002890 f   Newton.obj
 0001:000018a0       NewtonMaterialGetContactNormalSpeed 00000001800028a0 f   Newton.obj
 0001:00001a10       NewtonMaterialGetContactForce 0000000180002a10 f   Newton.obj
 0001:00001ab0       NewtonMaterialGetBodyCollisionID 0000000180002ab0 f   Newton.obj
 0001:00001ad0       NewtonMaterialSetContactSoftness 0000000180002ad0 f   Newton.obj
 0001:00001b00       NewtonMaterialSetContactElasticity 0000000180002b00 f   Newton.obj
 0001:00001b30       NewtonMaterialSetContactFrictionCoef 0000000180002b30 f   Newton.obj
 0001:00001bd0       NewtonCreateConvexHull     0000000180002bd0 f   Newton.obj
 0001:00001cf0       NewtonCollisionSetUserID   0000000180002cf0 f   Newton.obj
 0001:00001d00       NewtonCollisionGetUserID   0000000180002d00 f   Newton.obj
 0001:00001d10       NewtonStaticCollisionSetDebugCallback 0000000180002d10 f   Newton.obj
 0001:00001d40       NewtonTreeCollisionGetFaceAtribute 0000000180002d40 f   Newton.obj
 0001:00001d50       NewtonTreeCollisionSetFaceAtribute 0000000180002d50 f   Newton.obj
 0001:00001d60       NewtonSceneProxySetMatrix  0000000180002d60 f   Newton.obj
 0001:00001d70       NewtonSceneProxyGetMatrix  0000000180002d70 f   Newton.obj
 0001:00001de0       NewtonAddCollisionReference 0000000180002de0 f   Newton.obj
 0001:00001df0       NewtonBodySetUserData      0000000180002df0 f   Newton.obj
 0001:00001e00       NewtonBodyGetUserData      0000000180002e00 f   Newton.obj
 0001:00001e10       NewtonBodyGetWorld         0000000180002e10 f   Newton.obj
 0001:00001e20       NewtonBodySetTransformCallback 0000000180002e20 f   Newton.obj
 0001:00001e30       NewtonBodySetForceAndTorqueCallback 0000000180002e30 f   Newton.obj
 0001:00001e40       NewtonBodyGetForceAndTorqueCallback 0000000180002e40 f   Newton.obj
 0001:00001e50       NewtonBodySetDestructorCallback 0000000180002e50 f   Newton.obj
 0001:00001e60       NewtonBodyGetMassMatrix    0000000180002e60 f   Newton.obj
 0001:00001ec0       NewtonBodyGetInvMass       0000000180002ec0 f   Newton.obj
 0001:00001f40       NewtonBodySetMatrixRecursive 0000000180002f40 f   Newton.obj
 0001:00001fa0       NewtonBodyGetMatrix        0000000180002fa0 f   Newton.obj
 0001:00001fe0       NewtonBodyGetRotation      0000000180002fe0 f   Newton.obj
 0001:00001ff0       NewtonBodyGetForceAcc      0000000180002ff0 f   Newton.obj
 0001:00002030       NewtonBodyGetForce         0000000180003030 f   Newton.obj
 0001:00002070       NewtonBodyCalculateInverseDynamicsForce 0000000180003070 f   Newton.obj
 0001:000020e0       NewtonBodyGetTorque        00000001800030e0 f   Newton.obj
 0001:00002120       NewtonBodyGetTorqueAcc     0000000180003120 f   Newton.obj
 0001:00002160       NewtonBodyGetCentreOfMass  0000000180003160 f   Newton.obj
 0001:000021c0       NewtonContactJointGetContactCount 00000001800031c0 f   Newton.obj
 0001:000021e0       NewtonContactJointGetFirstContact 00000001800031e0 f   Newton.obj
 0001:00002200       NewtonContactJointGetNextContact 0000000180003200 f   Newton.obj
 0001:00002220       NewtonContactGetMaterial   0000000180003220 f   Newton.obj
 0001:00002230       NewtonBodyAddBuoyancyForce 0000000180003230 f   Newton.obj
 0001:000022a0       NewtonBodyGetCollision     00000001800032a0 f   Newton.obj
 0001:000022b0       NewtonBodySetMaterialGroupID 00000001800032b0 f   Newton.obj
 0001:000022c0       NewtonBodyGetMaterialGroupID 00000001800032c0 f   Newton.obj
 0001:000022d0       NewtonBodySetContinuousCollisionMode 00000001800032d0 f   Newton.obj
 0001:000022f0       NewtonBodyGetContinuousCollisionMode 00000001800032f0 f   Newton.obj
 0001:00002300       NewtonBodySetJointRecursiveCollision 0000000180003300 f   Newton.obj
 0001:00002320       NewtonBodyGetJointRecursiveCollision 0000000180003320 f   Newton.obj
 0001:00002330       NewtonBodyGetFreezeState   0000000180003330 f   Newton.obj
 0001:00002340       NewtonBodySetAutoSleep     0000000180003340 f   Newton.obj
 0001:00002360       NewtonBodyGetAutoSleep     0000000180003360 f   Newton.obj
 0001:00002370       NewtonBodyGetSleepState    0000000180003370 f   Newton.obj
 0001:00002380       NewtonBodyGetAABB          0000000180003380 f   Newton.obj
 0001:000023d0       NewtonBodySetVelocity      00000001800033d0 f   Newton.obj
 0001:00002430       NewtonBodyGetVelocity      0000000180003430 f   Newton.obj
 0001:00002470       NewtonBodySetOmega         0000000180003470 f   Newton.obj
 0001:000024d0       NewtonBodyGetOmega         00000001800034d0 f   Newton.obj
 0001:00002510       NewtonBodyGetLinearDamping 0000000180003510 f   Newton.obj
 0001:00002530       NewtonBodyAddImpulse       0000000180003530 f   Newton.obj
 0001:000025b0       NewtonConstraintCreateBall 00000001800035b0 f   Newton.obj
 0001:000025f0       NewtonBallSetConeLimits    00000001800035f0 f   Newton.obj
 0001:00002960       NewtonConstraintCreateHinge 0000000180003960 f   Newton.obj
 0001:000029e0       NewtonConstraintCreateSlider 00000001800039e0 f   Newton.obj
 0001:00002a60       NewtonConstraintCreateCorkscrew 0000000180003a60 f   Newton.obj
 0001:00002ae0       NewtonConstraintCreateUniversal 0000000180003ae0 f   Newton.obj
 0001:00002b90       NewtonConstraintCreateUpVector 0000000180003b90 f   Newton.obj
 0001:00002bd0       NewtonUpVectorSetPin       0000000180003bd0 f   Newton.obj
 0001:00002c10       NewtonConstraintCreateUserJoint 0000000180003c10 f   Newton.obj
 0001:00002c90       NewtonUserJointAddLinearRow 0000000180003c90 f   Newton.obj
 0001:00002dc0       NewtonUserJointAddAngularRow 0000000180003dc0 f   Newton.obj
 0001:00002e90       NewtonJointGetBody0        0000000180003e90 f   Newton.obj
 0001:00002ea0       NewtonJointGetBody1        0000000180003ea0 f   Newton.obj
 0001:00002ed0       NewtonJointSetCollisionState 0000000180003ed0 f   Newton.obj
 0001:00002ef0       NewtonJointGetCollisionState 0000000180003ef0 f   Newton.obj
 0001:00002f00       NewtonMeshCreate           0000000180003f00 f   Newton.obj
 0001:00002f30       NewtonMeshCreateFromCollision 0000000180003f30 f   Newton.obj
 0001:00002f60       NewtonMeshPlaneClip        0000000180003f60 f   Newton.obj
 0001:00002fb0       ?Unlink@?$dgList@VdgContactMaterial@@@@QEAAXPEAVdgListNode@1@@Z 0000000180003fb0 f i Newton.obj
 0001:00003020       ?SetCentreOfMass@dgBody@@QEAAXAEBVdgVector@@@Z 0000000180004020 f i Newton.obj
 0001:00003120       NewtonSetWorldSize         0000000180004120 f   Newton.obj
 0001:00003190       NewtonWorldForEachBodyInAABBDo 0000000180004190 f   Newton.obj
 0001:00003200       NewtonWorldRayCast         0000000180004200 f   Newton.obj
 0001:00003290       NewtonWorldConvexCast      0000000180004290 f   Newton.obj
 0001:00003330       NewtonMaterialGetContactTangentSpeed 0000000180004330 f   Newton.obj
 0001:000034f0       NewtonMaterialContactRotateTangentDirections 00000001800044f0 f   Newton.obj
 0001:00003680       NewtonConvexCollisionCalculateInertialMatrix 0000000180004680 f   Newton.obj
 0001:000036f0       NewtonCreateUserMeshCollision 00000001800046f0 f   Newton.obj
 0001:000037b0       NewtonTreeCollisionGetVertexListIndexListInAABB 00000001800047b0 f   Newton.obj
 0001:000038a0       NewtonCollisionSupportVertex 00000001800048a0 f   Newton.obj
 0001:00003a50       NewtonCollisionCalculateAABB 0000000180004a50 f   Newton.obj
 0001:00003ac0       NewtonSetEulerAngle        0000000180004ac0 f   Newton.obj
 0001:00003df0       NewtonBodySetMassMatrix    0000000180004df0 f   Newton.obj
 0001:00003f20       NewtonBodySetForce         0000000180004f20 f   Newton.obj
 0001:00003fe0       NewtonBodySetTorque        0000000180004fe0 f   Newton.obj
 0001:000040a0       NewtonBodySetCentreOfMass  00000001800050a0 f   Newton.obj
 0001:000040f0       NewtonBodySetLinearDamping 00000001800050f0 f   Newton.obj
 0001:00004130       NewtonBodySetAngularDamping 0000000180005130 f   Newton.obj
 0001:000041d0       NewtonBodyGetAngularDamping 00000001800051d0 f   Newton.obj
 0001:00004220       ?AddForce@dgBody@@QEAAXAEBVdgVector@@@Z 0000000180005220 f i Newton.obj
 0001:00004300       ?AddTorque@dgBody@@QEAAXAEBVdgVector@@@Z 0000000180005300 f i Newton.obj
 0001:000043e0       NewtonCreate               00000001800053e0 f   Newton.obj
 0001:000044e0       NewtonDestroyAllBodies     00000001800054e0 f   Newton.obj
 0001:00004550       NewtonCollisionRayCast     0000000180005550 f   Newton.obj
 0001:000047a0       NewtonBodyAddForce         00000001800057a0 f   Newton.obj
 0001:000047e0       NewtonBodyAddTorque        00000001800057e0 f   Newton.obj
 0001:00004820       NewtonContactJointRemoveContact 0000000180005820 f   Newton.obj
 0001:00004860       NewtonWorldForEachJointDo  0000000180005860 f   Newton.obj
 0001:00004a00       ?Append@?$dgList@UNewtonMeshPartition@@@@QEAAPEAVdgListNode@1@XZ 0000000180005a00 f i NewtonAproximateConvexPartition.obj
 0001:00004af0       ?CalculateHulls@NewtonAproximateConvexPartition@@QEAAXPEBVdgVector@@H@Z 0000000180005af0 f   NewtonAproximateConvexPartition.obj
 0001:00004c30       ?RemoveAll@?$dgList@UNewtonMeshPartition@@@@QEAAXXZ 0000000180005c30 f i NewtonAproximateConvexPartition.obj
 0001:00004ce0       ??0NewtonAproximateConvexPartition@@QEAA@AEBVNewtonMeshEffect@@MH@Z 0000000180005ce0 f   NewtonAproximateConvexPartition.obj
 0001:00004d80       ??1NewtonAproximateConvexPartition@@QEAA@XZ 0000000180005d80 f   NewtonAproximateConvexPartition.obj
 0001:00004d90       ?DefaultAllocMemory@Newton@@SAPEAXH@Z 0000000180005d90 f   NewtonClass.obj
 0001:00004da0       ?JacobianDerivative@NewtonUserJoint@@UEAAIAEAVdgContraintDescritor@@@Z 0000000180005da0 f   NewtonClass.obj
 0001:00004de0       ?SetAcceleration@NewtonUserJoint@@QEAAXM@Z 0000000180005de0 f   NewtonClass.obj
 0001:00004e10       ?SetSpringDamperAcceleration@NewtonUserJoint@@QEAAXMM@Z 0000000180005e10 f   NewtonClass.obj
 0001:00004e90       ?GetRowForce@NewtonUserJoint@@QEBAMH@Z 0000000180005e90 f   NewtonClass.obj
 0001:00004eb0       ?GetInfo@NewtonUserJoint@@UEBAXPEAVdgConstraintInfo@@@Z 0000000180005eb0 f   NewtonClass.obj
 0001:00004f00       ??_ENewtonUserJoint@@UEAAPEAXI@Z 0000000180005f00 f i NewtonClass.obj
 0001:00004f00       ??_GNewtonUserJoint@@UEAAPEAXI@Z 0000000180005f00 f i NewtonClass.obj
 0001:00004f60       ?SetHighFriction@NewtonUserJoint@@QEAAXM@Z 0000000180005f60 f   NewtonClass.obj
 0001:00004fd0       ?SetLowerFriction@NewtonUserJoint@@QEAAXM@Z 0000000180005fd0 f   NewtonClass.obj
 0001:00005040       ?SetRowStiffness@NewtonUserJoint@@QEAAXM@Z 0000000180006040 f   NewtonClass.obj
 0001:000050a0       ?SetUpdateFeedbackFunction@NewtonUserJoint@@QEAAXP6AXPEBUNewtonJoint@@MH@Z@Z 00000001800060a0 f   NewtonClass.obj
 0001:000050b0       ?DestroyJoints@NewtonDeadJoints@@QEAAXAEAVNewton@@@Z 00000001800060b0 f   NewtonClass.obj
 0001:00005140       ??1Newton@@QEAA@XZ         0000000180006140 f   NewtonClass.obj
 0001:000051a0       ??0NewtonUserJoint@@QEAA@PEAVdgWorld@@HP6AXPEBUNewtonJoint@@MH@ZP6AX1PEAUNewtonJointRecord@@@ZPEAVdgBody@@5@Z 00000001800061a0 f   NewtonClass.obj
 0001:00005270       ?AddAngularRowJacobian@NewtonUserJoint@@QEAAXAEBVdgVector@@M@Z 0000000180006270 f   NewtonClass.obj
 0001:00005350       ?AddGeneralRowJacobian@NewtonUserJoint@@QEAAXPEBM0@Z 0000000180006350 f   NewtonClass.obj
 0001:00005420       ?AddLinearRowJacobian@NewtonUserJoint@@QEAAXAEBVdgVector@@00@Z 0000000180006420 f   NewtonClass.obj
 0001:00005500       ?Insert@?$dgTree@PEAVdgBody@@PEAX@@QEAAPEAVdgTreeNode@1@AEBQEAVdgBody@@PEAXAEA_N@Z 0000000180006500 f i NewtonClass.obj
 0001:00005500       ?Insert@?$dgTree@PEAVdgConstraint@@PEAX@@QEAAPEAVdgTreeNode@1@AEBQEAVdgConstraint@@PEAXAEA_N@Z 0000000180006500 f i NewtonClass.obj
 0001:000055e0       ??0NewtonDeadBodies@@QEAA@XZ 00000001800065e0 f   NewtonClass.obj
 0001:000055e0       ??0NewtonDeadJoints@@QEAA@XZ 00000001800065e0 f   NewtonClass.obj
 0001:00005650       ??0Newton@@QEAA@M@Z        0000000180006650 f   NewtonClass.obj
 0001:00005690       ?DestroyJoint@Newton@@QEAAXPEAVdgConstraint@@@Z 0000000180006690 f   NewtonClass.obj
 0001:000056d0       ?DestroyBody@Newton@@QEAAXPEAVdgBody@@@Z 00000001800066d0 f   NewtonClass.obj
 0001:00005710       ?DestroyBodies@NewtonDeadBodies@@QEAAXAEAVNewton@@@Z 0000000180006710 f   NewtonClass.obj
 0001:00005890       ?UpdatePhysics@Newton@@QEAAXM@Z 0000000180006890 f   NewtonClass.obj
 0001:000058e0       ?GetShapeFromCollision@NewtonMeshEffectBuilder@@SAXPEAXHPEBMH@Z 00000001800068e0 f i NewtonMeshEffect.obj
 0001:00005a10       ?AddVertex@NewtonMeshEffect@@AEAAXPEBMH@Z 0000000180006a10 f   NewtonMeshEffect.obj
 0001:00005bc0       ?AddPolygon@NewtonMeshEffect@@QEAAXHPEBMHH@Z 0000000180006bc0 f   NewtonMeshEffect.obj
 0001:00005c80       ?GetVertexStreams@NewtonMeshEffect@@QEAAXHPEAMH0H0@Z 0000000180006c80 f   NewtonMeshEffect.obj
 0001:00005da0       ?GetIndirectVertexStreams@NewtonMeshEffect@@QEAAXHPEAMPEAH1H011H011@Z 0000000180006da0 f   NewtonMeshEffect.obj
 0001:00005ff0       ?GetNextMaterial@NewtonMeshEffect@@QEAAHH@Z 0000000180006ff0 f   NewtonMeshEffect.obj
 0001:00006030       ?GetMaterialGetIndexStream@NewtonMeshEffect@@QEAAXHPEAH@Z 0000000180007030 f   NewtonMeshEffect.obj
 0001:000060b0       ?GetMaterialGetIndexStreamShort@NewtonMeshEffect@@QEAAXHPEAF@Z 00000001800070b0 f   NewtonMeshEffect.obj
 0001:00006130       ?CreateConvexAproximationCollision@NewtonMeshEffect@@QEBAPEAVdgCollision@@MH@Z 0000000180007130 f   NewtonMeshEffect.obj
 0001:00006160       ??0NewtonMeshEffect@@QEAA@_N@Z 0000000180007160 f   NewtonMeshEffect.obj
 0001:000061e0       ??_GNewtonMeshEffect@@UEAAPEAXI@Z 00000001800071e0 f i NewtonMeshEffect.obj
 0001:000061e0       ??_ENewtonMeshEffect@@UEAAPEAXI@Z 00000001800071e0 f i NewtonMeshEffect.obj
 0001:00006240       ?EndPolygon@NewtonMeshEffect@@QEAAXXZ 0000000180007240 f   NewtonMeshEffect.obj
 0001:00006450       ?CreateConvexCollision@NewtonMeshEffect@@QEBAPEAVdgCollision@@M@Z 0000000180007450 f   NewtonMeshEffect.obj
 0001:000064e0       ??0NewtonMeshEffect@@QEAA@PEAVdgCollision@@@Z 00000001800074e0 f   NewtonMeshEffect.obj
 0001:000067f0       ?GetAttriubeArray@NewtonMeshEffect@@AEAAXPEAUdgVertexAtribute@1@@Z 00000001800077f0 f   NewtonMeshEffect.obj
 0001:000068b0       ?ApplyAttriubeArray@NewtonMeshEffect@@AEAAXPEAUdgVertexAtribute@1@@Z 00000001800078b0 f   NewtonMeshEffect.obj
 0001:000069b0       ?GetOrigin@NewtonMeshEffect@@AEBA?AVdgVector@@XZ 00000001800079b0 f   NewtonMeshEffect.obj
 0001:00006af0       ?FixCylindricalMapping@NewtonMeshEffect@@AEBAXPEAUdgVertexAtribute@1@@Z 0000000180007af0 f   NewtonMeshEffect.obj
 0001:00006c50       ?SphericalMapping@NewtonMeshEffect@@QEAAXH@Z 0000000180007c50 f   NewtonMeshEffect.obj
 0001:00006f30       ?CylindricalMapping@NewtonMeshEffect@@QEAAXHH@Z 0000000180007f30 f   NewtonMeshEffect.obj
 0001:00007400       ?BoxMapping@NewtonMeshEffect@@QEAAXHHH@Z 0000000180008400 f   NewtonMeshEffect.obj
 0001:000077c0       ?CalcualetNormals@NewtonMeshEffect@@QEAAXM@Z 00000001800087c0 f   NewtonMeshEffect.obj
 0001:00007c20       ?GetFirstMaterial@NewtonMeshEffect@@QEAAHXZ 0000000180008c20 f   NewtonMeshEffect.obj
 0001:00007de0       ?CapClipFace@NewtonMeshEffect@@AEAA_NAEBVdgPlane@@AEBVdgMatrix@@HH@Z 0000000180008de0 f   NewtonMeshEffect.obj
 0001:000080c0       ?PlaneClip@NewtonMeshEffect@@QEAAHAEBVdgPlane@@AEBVdgMatrix@@PEAPEAV1@HH@Z 00000001800090c0 f   NewtonMeshEffect.obj
 0001:00008f20       ?ModifierGetMatrix@dgCollision@@UEBA?AVdgMatrix@@XZ 0000000180009f20 f i physics_2009:dgWorld.obj
 0001:00008f80       ?Release@dgCollision@@UEAAHXZ 0000000180009f80 f i physics_2009:dgWorld.obj
 0001:00008fb0       ?GetSentinelBody@dgWorld@@QEBAPEAVdgBody@@XZ 0000000180009fb0 f   physics_2009:dgWorld.obj
 0001:00008fc0       ?SetFrictionMode@dgWorld@@QEAAXH@Z 0000000180009fc0 f   physics_2009:dgWorld.obj
 0001:00008fd0       ?SetHardwareMode@dgWorld@@QEAAXH@Z 0000000180009fd0 f   physics_2009:dgWorld.obj
 0001:00009010       ?GetHardwareMode@dgWorld@@QEAAHPEAD@Z 000000018000a010 f   physics_2009:dgWorld.obj
 0001:00009070       ?SetThreadsCount@dgWorld@@QEAAXH@Z 000000018000a070 f   physics_2009:dgWorld.obj
 0001:00009100       ?GetThreadsCount@dgWorld@@QEBAHXZ 000000018000a100 f   physics_2009:dgWorld.obj
 0001:00009110       ?EnableThreadOnSingleIsland@dgWorld@@QEAAXH@Z 000000018000a110 f   physics_2009:dgWorld.obj
 0001:00009120       ?DestroyConstraint@dgWorld@@QEAAXPEAVdgConstraint@@@Z 000000018000a120 f   physics_2009:dgWorld.obj
 0001:00009150       ?UpdateCollision@dgWorld@@QEAAXXZ 000000018000a150 f   physics_2009:dgWorld.obj
 0001:00009240       ?Update@dgWorld@@QEAAXM@Z  000000018000a240 f   physics_2009:dgWorld.obj
 0001:00009380       ?SetPerfomanceCounter@dgWorld@@QEAAXP6AIXZ@Z 000000018000a380 f   physics_2009:dgWorld.obj
 0001:000093b0       ?SetUserData@dgWorld@@QEAAXPEAX@Z 000000018000a3b0 f   physics_2009:dgWorld.obj
 0001:000093c0       ?GetUserData@dgWorld@@QEBAPEAXXZ 000000018000a3c0 f   physics_2009:dgWorld.obj
 0001:000093d0       ?SetIslandUpdateCallback@dgWorld@@QEAAXP6AIPEAXH@Z@Z 000000018000a3d0 f   physics_2009:dgWorld.obj
 0001:000093e0       ?SetLeavingWorldCallback@dgWorld@@QEAAXP6AXPEAVdgBody@@H@Z@Z 000000018000a3e0 f   physics_2009:dgWorld.obj
 0001:000093f0       ?CreateBallConstraint@dgWorld@@QEAAPEAVdgBallConstraint@@AEBVdgVector@@PEAVdgBody@@1@Z 000000018000a3f0 f   physics_2009:dgWorld.obj
 0001:00009470       ?CreateHingeConstraint@dgWorld@@QEAAPEAVdgHingeConstraint@@AEBVdgVector@@0PEAVdgBody@@1@Z 000000018000a470 f   physics_2009:dgWorld.obj
 0001:00009500       ?CreateUpVectorConstraint@dgWorld@@QEAAPEAVdgUpVectorConstraint@@AEBVdgVector@@PEAVdgBody@@@Z 000000018000a500 f   physics_2009:dgWorld.obj
 0001:00009570       ?CreateSlidingConstraint@dgWorld@@QEAAPEAVdgSlidingConstraint@@AEBVdgVector@@0PEAVdgBody@@1@Z 000000018000a570 f   physics_2009:dgWorld.obj
 0001:00009600       ?CreateCorkscrewConstraint@dgWorld@@QEAAPEAVdgCorkscrewConstraint@@AEBVdgVector@@0PEAVdgBody@@1@Z 000000018000a600 f   physics_2009:dgWorld.obj
 0001:00009690       ?CreateUniversalConstraint@dgWorld@@QEAAPEAVdgUniversalConstraint@@AEBVdgVector@@00PEAVdgBody@@1@Z 000000018000a690 f   physics_2009:dgWorld.obj
 0001:00009720       ?GetConstraintsCount@dgWorld@@QEBAHXZ 000000018000a720 f   physics_2009:dgWorld.obj
 0001:00009730       ?AddBodyImpulse@dgWorld@@QEAAXPEAVdgBody@@AEBVdgVector@@1@Z 000000018000a730 f   physics_2009:dgWorld.obj
 0001:00009760       ??_GdgCollisionPoint@@UEAAPEAXI@Z 000000018000a760 f i physics_2009:dgWorld.obj
 0001:00009760       ??_EdgCollisionPoint@@UEAAPEAXI@Z 000000018000a760 f i physics_2009:dgWorld.obj
 0001:00009790       ??_EdgBroadPhaseApplyExternalForce@@UEAAPEAXI@Z 000000018000a790 f i physics_2009:dgBroadPhaseCollision.obj
 0001:00009790       ??_EdgSolverWorlkerThreads@@UEAAPEAXI@Z 000000018000a790 f i physics_2009:dgWorld.obj
 0001:00009790       ??_EdgBroadPhaseCellPairsWorkerThread@@UEAAPEAXI@Z 000000018000a790 f i physics_2009:dgBroadPhaseCollision.obj
 0001:00009790       ??_EdgParallelSolverJointAcceleration@@UEAAPEAXI@Z 000000018000a790 f i physics_2009:dgWorld.obj
 0001:00009790       ??_EdgParallelSolverUpdateVeloc@@UEAAPEAXI@Z 000000018000a790 f i physics_2009:dgWorld.obj
 0001:00009790       ??_GdgSolverWorlkerThreads@@UEAAPEAXI@Z 000000018000a790 f i physics_2009:dgWorld.obj
 0001:00009790       ??_GdgParallelSolverInitFeedbackUpdate@@UEAAPEAXI@Z 000000018000a790 f i physics_2009:dgWorld.obj
 0001:00009790       ??_GdgParallelSolverBodyInertia@@UEAAPEAXI@Z 000000018000a790 f i physics_2009:dgWorld.obj
 0001:00009790       ??_GdgParallelSolverJointAcceleration@@UEAAPEAXI@Z 000000018000a790 f i physics_2009:dgWorld.obj
 0001:00009790       ??_GdgParallelSolverInitInternalForces@@UEAAPEAXI@Z 000000018000a790 f i physics_2009:dgWorld.obj
 0001:00009790       ??_EdgParallelSolverInitInternalForces@@UEAAPEAXI@Z 000000018000a790 f i physics_2009:dgWorld.obj
 0001:00009790       ??_EdgParallelSolverBuildJacobianMatrix@@UEAAPEAXI@Z 000000018000a790 f i physics_2009:dgWorld.obj
 0001:00009790       ??_EdgBroadPhaseCalculateContactsWorkerThread@@UEAAPEAXI@Z 000000018000a790 f i physics_2009:dgBroadPhaseCollision.obj
 0001:00009790       ??_GdgParallelSolverBuildJacobianRows@@UEAAPEAXI@Z 000000018000a790 f i physics_2009:dgWorld.obj
 0001:00009790       ??_GdgWorkerThread@@UEAAPEAXI@Z 000000018000a790 f i physics_2009:dgWorld.obj
 0001:00009790       ??_GdgParallelSolverUpdateVeloc@@UEAAPEAXI@Z 000000018000a790 f i physics_2009:dgWorld.obj
 0001:00009790       ??_EdgParallelSolverUpdateForce@@UEAAPEAXI@Z 000000018000a790 f i physics_2009:dgWorld.obj
 0001:00009790       ??_EdgParallelSolverCalculateForces@@UEAAPEAXI@Z 000000018000a790 f i physics_2009:dgWorld.obj
 0001:00009790       ??_GdgParallelSolverClear@@UEAAPEAXI@Z 000000018000a790 f i physics_2009:dgWorld.obj
 0001:00009790       ??_GdgParallelSolverBuildJacobianMatrix@@UEAAPEAXI@Z 000000018000a790 f i physics_2009:dgWorld.obj
 0001:00009790       ??_GdgBroadPhaseCellPairsWorkerThread@@UEAAPEAXI@Z 000000018000a790 f i physics_2009:dgBroadPhaseCollision.obj
 0001:00009790       ??_GdgBroadPhaseMaterialCallbackWorkerThread@@UEAAPEAXI@Z 000000018000a790 f i physics_2009:dgBroadPhaseCollision.obj
 0001:00009790       ??_EdgBroadPhaseMaterialCallbackWorkerThread@@UEAAPEAXI@Z 000000018000a790 f i physics_2009:dgBroadPhaseCollision.obj
 0001:00009790       ??_GdgParallelSolverUpdateForce@@UEAAPEAXI@Z 000000018000a790 f i physics_2009:dgWorld.obj
 0001:00009790       ??_EdgWorkerThread@@UEAAPEAXI@Z 000000018000a790 f i physics_2009:dgWorld.obj
 0001:00009790       ??_GdgBroadPhaseCalculateContactsWorkerThread@@UEAAPEAXI@Z 000000018000a790 f i physics_2009:dgBroadPhaseCollision.obj
 0001:00009790       ??_EdgParallelSolverInitFeedbackUpdate@@UEAAPEAXI@Z 000000018000a790 f i physics_2009:dgWorld.obj
 0001:00009790       ??_EdgParallelSolverClear@@UEAAPEAXI@Z 000000018000a790 f i physics_2009:dgWorld.obj
 0001:00009790       ??_GdgSetTrreadRoundMode@dgWorld@@UEAAPEAXI@Z 000000018000a790 f i physics_2009:dgWorld.obj
 0001:00009790       ??_EdgParallelSolverBodyInertia@@UEAAPEAXI@Z 000000018000a790 f i physics_2009:dgWorld.obj
 0001:00009790       ??_GdgParallelSolverCalculateForces@@UEAAPEAXI@Z 000000018000a790 f i physics_2009:dgWorld.obj
 0001:00009790       ??_GdgBroadPhaseApplyExternalForce@@UEAAPEAXI@Z 000000018000a790 f i physics_2009:dgBroadPhaseCollision.obj
 0001:00009790       ??_EdgParallelSolverBuildJacobianRows@@UEAAPEAXI@Z 000000018000a790 f i physics_2009:dgWorld.obj
 0001:00009790       ??_EdgSetTrreadRoundMode@dgWorld@@UEAAPEAXI@Z 000000018000a790 f i physics_2009:dgWorld.obj
 0001:000097c0       ?SetSolverMode@dgWorld@@QEAAXH@Z 000000018000a7c0 f   physics_2009:dgWorld.obj
 0001:000097d0       ?RemoveAllGroupID@dgWorld@@QEAAXXZ 000000018000a7d0 f   physics_2009:dgWorld.obj
 0001:00009830       ?DestroyBody@dgWorld@@QEAAXPEAVdgBody@@@Z 000000018000a830 f   physics_2009:dgWorld.obj
 0001:000098a0       ?GetPerfomanceTicks@dgWorld@@QEBAIHI@Z 000000018000a8a0 f   physics_2009:dgWorld.obj
 0001:000098d0       ?GetBodiesCount@dgWorld@@QEBAHXZ 000000018000a8d0 f   physics_2009:dgWorld.obj
 0001:000098e0       ?AreBodyConnectedByJoints@dgWorld@@AEAA_NPEAVdgBody@@0@Z 000000018000a8e0 f   physics_2009:dgWorld.obj
 0001:000099e0       ?FlushCache@dgWorld@@QEAAXXZ 000000018000a9e0 f   physics_2009:dgWorld.obj
 0001:00009a60       ??0dgWorldDynamicUpdate@@QEAA@XZ 000000018000aa60 f i physics_2009:dgWorld.obj
 0001:0000a090       ??1dgWorldDynamicUpdate@@QEAA@XZ 000000018000b090 f i physics_2009:dgWorld.obj
 0001:0000a200       ?DestroyAllBodies@dgWorld@@QEAAXXZ 000000018000b200 f   physics_2009:dgWorld.obj
 0001:0000a2a0       ?CreateBody@dgWorld@@QEAAPEAVdgBody@@PEAVdgCollision@@@Z 000000018000b2a0 f   physics_2009:dgWorld.obj
 0001:0000a420       ?BodySetMatrix@dgWorld@@QEAAXPEAVdgBody@@AEBVdgMatrix@@@Z 000000018000b420 f   physics_2009:dgWorld.obj
 0001:0000a760       ??1dgWorld@@QEAA@XZ        000000018000b760 f   physics_2009:dgWorld.obj
 0001:0000a990       ??0dgWorld@@QEAA@XZ        000000018000b990 f   physics_2009:dgWorld.obj
 0001:0000af50       ?GetIslandBody@dgWorld@@QEBAPEAVdgBody@@PEBXH@Z 000000018000bf50 f   physics_2009:dgWorldDynamicUpdate.obj
 0001:0000af70       ?SortIslands@dgWorldDynamicUpdate@@AEAAXXZ 000000018000bf70 f   physics_2009:dgWorldDynamicUpdate.obj
 0001:0000b280       ?ReallocBodyMemory@dgWorldDynamicUpdate@@AEAAXH@Z 000000018000c280 f   physics_2009:dgWorldDynamicUpdate.obj
 0001:0000b370       ?ReallocIslandMemory@dgWorldDynamicUpdate@@AEAAXH@Z 000000018000c370 f   physics_2009:dgWorldDynamicUpdate.obj
 0001:0000b460       ?ReallocJointsMemory@dgWorldDynamicUpdate@@AEAAXH@Z 000000018000c460 f   physics_2009:dgWorldDynamicUpdate.obj
 0001:0000b590       ?ReallocJacobiansMemory@dgWorldDynamicUpdate@@AEAAXHH@Z 000000018000c590 f   physics_2009:dgWorldDynamicUpdate.obj
 0001:0000b8e0       ?ReallocIntenalForcesMemory@dgWorldDynamicUpdate@@AEAAXHH@Z 000000018000c8e0 f   physics_2009:dgWorldDynamicUpdate.obj
 0001:0000ba20       ?ApplyExternalForcesAndAccelerationSimD@dgJacobianMemory@@QEBAXM@Z 000000018000ca20 f   physics_2009:dgWorldDynamicUpdate.obj
 0001:0000bdd0       ?GetJacobialDerivativesParallel@dgWorldDynamicUpdate@@AEAAHAEBVdgIsland@@_NHM@Z 000000018000cdd0 f   physics_2009:dgWorldDynamicUpdate.obj
 0001:0000bf30       ?ThreadExecute@dgParallelSolverJointAcceleration@@UEAAXXZ 000000018000cf30 f   physics_2009:dgWorldDynamicUpdate.obj
 0001:0000c160       ?ThreadExecute@dgParallelSolverInitFeedbackUpdate@@UEAAXXZ 000000018000d160 f   physics_2009:dgWorldDynamicUpdate.obj
 0001:0000c2e0       ?SpanningTree@dgWorldDynamicUpdate@@AEAAXPEAVdgBody@@@Z 000000018000d2e0 f   physics_2009:dgWorldDynamicUpdate.obj
 0001:0000c7c0       ?IntegrateArray@dgWorldDynamicUpdate@@AEBAXPEBVdgBodyInfo@@HMMH_N@Z 000000018000d7c0 f   physics_2009:dgWorldDynamicUpdate.obj
 0001:0000ce50       ?SortJointsArray@dgJacobianMemory@@QEBAHXZ 000000018000de50 f   physics_2009:dgWorldDynamicUpdate.obj
 0001:0000d250       ?ApplyExternalForcesAndAcceleration@dgJacobianMemory@@QEBAXM@Z 000000018000e250 f   physics_2009:dgWorldDynamicUpdate.obj
 0001:0000ddd0       ?SwapRowsSimd@dgJacobianMemory@@QEBAXHH@Z 000000018000edd0 f   physics_2009:dgWorldDynamicUpdate.obj
 0001:0000dfc0       ?SwapRows@dgJacobianMemory@@QEBAXHH@Z 000000018000efc0 f   physics_2009:dgWorldDynamicUpdate.obj
 0001:0000e2c0       ?CalculateSimpleBodyReactionsForcesSimD@dgJacobianMemory@@QEBAXM@Z 000000018000f2c0 f   physics_2009:dgWorldDynamicUpdate.obj
 0001:0000ee30       ?CalculateSimpleBodyReactionsForces@dgJacobianMemory@@QEBAXM@Z 000000018000fe30 f   physics_2009:dgWorldDynamicUpdate.obj
 0001:000110c0       ?CalculateJointForcesSimD@dgJacobianMemory@@QEBAMHPEAMM@Z 00000001800120c0 f   physics_2009:dgWorldDynamicUpdate.obj
 0001:00011ca0       ?CalculateJointForces@dgJacobianMemory@@QEBAMHPEAMM@Z 0000000180012ca0 f   physics_2009:dgWorldDynamicUpdate.obj
 0001:00013900       ?CalculateForcesGameModeSimD@dgJacobianMemory@@QEBAXHM@Z 0000000180014900 f   physics_2009:dgWorldDynamicUpdate.obj
 0001:00014410       ?CalculateForcesGameMode@dgJacobianMemory@@QEBAXHM@Z 0000000180015410 f   physics_2009:dgWorldDynamicUpdate.obj
 0001:00015c00       ?ThreadExecute@dgParallelSolverBuildJacobianRows@@UEAAXXZ 0000000180016c00 f   physics_2009:dgWorldDynamicUpdate.obj
 0001:00016680       ?BuildJacobianMatrixParallel@dgWorldDynamicUpdate@@AEAAXAEBVdgIsland@@MH@Z 0000000180017680 f   physics_2009:dgWorldDynamicUpdate.obj
 0001:00016a70       ?ThreadExecute@dgParallelSolverClear@@UEAAXXZ 0000000180017a70 f   physics_2009:dgWorldDynamicUpdate.obj
 0001:00016ca0       ?ThreadExecute@dgParallelSolverInitInternalForces@@UEAAXXZ 0000000180017ca0 f   physics_2009:dgWorldDynamicUpdate.obj
 0001:00017560       ?ThreadExecute@dgParallelSolverUpdateVeloc@@UEAAXXZ 0000000180018560 f   physics_2009:dgWorldDynamicUpdate.obj
 0001:00017900       ?ThreadExecute@dgParallelSolverUpdateForce@@UEAAXXZ 0000000180018900 f   physics_2009:dgWorldDynamicUpdate.obj
 0001:00017fb0       ?ThreadExecute@dgParallelSolverCalculateForces@@UEAAXXZ 0000000180018fb0 f   physics_2009:dgWorldDynamicUpdate.obj
 0001:00018860       ?CalculateForcesGameModeParallel@dgJacobianMemory@@QEBAXHMH@Z 0000000180019860 f   physics_2009:dgWorldDynamicUpdate.obj
 0001:00019290       ?AddDamingAcceleration@dgBody@@AEAAXXZ 000000018001a290 f i physics_2009:dgWorldDynamicUpdate.obj
 0001:000194b0       ?CalculateForcesSimulationModeSimd@dgJacobianMemory@@QEBAXM@Z 000000018001a4b0 f   physics_2009:dgWorldDynamicUpdate.obj
 0001:0001aac0       ?CalculateForcesSimulationMode@dgJacobianMemory@@QEBAXM@Z 000000018001bac0 f   physics_2009:dgWorldDynamicUpdate.obj
 0001:0001e350       ?ThreadExecute@dgParallelSolverBodyInertia@@UEAAXXZ 000000018001f350 f   physics_2009:dgWorldDynamicUpdate.obj
 0001:0001e430       ?UpdateDynamics@dgWorldDynamicUpdate@@AEAAXPEAVdgWorld@@HM@Z 000000018001f430 f   physics_2009:dgWorldDynamicUpdate.obj
 0001:0001e910       ?ThreadExecute@dgParallelSolverBuildJacobianMatrix@@UEAAXXZ 000000018001f910 f   physics_2009:dgWorldDynamicUpdate.obj
 0001:0001f1d0       ?GetJacobialDerivatives@dgWorldDynamicUpdate@@AEAAHAEBVdgIsland@@H_NHM@Z 00000001800201d0 f   physics_2009:dgWorldDynamicUpdate.obj
 0001:0001fa80       ?BuildJacobianMatrixSimD@dgWorldDynamicUpdate@@AEAAXAEBVdgIsland@@HM@Z 0000000180020a80 f   physics_2009:dgWorldDynamicUpdate.obj
 0001:00020110       ?BuildJacobianMatrix@dgWorldDynamicUpdate@@AEAAXAEBVdgIsland@@HM@Z 0000000180021110 f   physics_2009:dgWorldDynamicUpdate.obj
 0001:00020aa0       ?ThreadExecute@dgSolverWorlkerThreads@@UEAAXXZ 0000000180021aa0 f   physics_2009:dgWorldDynamicUpdate.obj
 0001:00021580       ?CreateConvexModifier@dgWorld@@QEAAPEAVdgCollision@@PEAV2@@Z 0000000180022580 f   physics_2009:dgNarrowPhaseCollision.obj
 0001:000215e0       ?CreateCompoundCollision@dgWorld@@QEAAPEAVdgCollision@@HQEBQEAV2@@Z 00000001800225e0 f   physics_2009:dgNarrowPhaseCollision.obj
 0001:00021640       ?CreateBVH@dgWorld@@QEAAPEAVdgCollision@@XZ 0000000180022640 f   physics_2009:dgNarrowPhaseCollision.obj
 0001:00021670       ?CreateStaticUserMesh@dgWorld@@QEAAPEAVdgCollision@@AEBVdgVector@@0AEBVdgUserMeshCreation@@@Z 0000000180022670 f   physics_2009:dgNarrowPhaseCollision.obj
 0001:000216d0       ?CreateBVHFieldCollision@dgWorld@@QEAAPEAVdgCollision@@HHHPEAGPEADMM@Z 00000001800226d0 f   physics_2009:dgNarrowPhaseCollision.obj
 0001:00021770       ?CreateScene@dgWorld@@QEAAPEAVdgCollision@@XZ 0000000180022770 f   physics_2009:dgNarrowPhaseCollision.obj
 0001:000217a0       ?Serialize@dgWorld@@QEBAXPEAVdgCollision@@P6AXPEAXPEBX_K@Z1@Z 00000001800227a0 f   physics_2009:dgNarrowPhaseCollision.obj
 0001:00021820       ?GetDefualtBodyGroupID@dgWorld@@QEBAIXZ 0000000180022820 f   physics_2009:dgNarrowPhaseCollision.obj
 0001:00021830       ?GetFirstMaterial@dgWorld@@QEBAPEAVdgContactMaterial@@XZ 0000000180022830 f   physics_2009:dgNarrowPhaseCollision.obj
 0001:00021860       ?GetNextMaterial@dgWorld@@QEBAPEAVdgContactMaterial@@PEAV2@@Z 0000000180022860 f   physics_2009:dgNarrowPhaseCollision.obj
 0001:00021890       ?SortContacts@dgWorld@@AEBAXQEAVdgContactPoint@@H@Z 0000000180022890 f   physics_2009:dgNarrowPhaseCollision.obj
 0001:00021b20       ?ReduceContacts@dgWorld@@AEBAHHQEAVdgContactPoint@@HMH@Z 0000000180022b20 f   physics_2009:dgNarrowPhaseCollision.obj
 0001:00021cf0       ?PruneContacts@dgWorld@@AEBAHHQEAVdgContactPoint@@H@Z 0000000180022cf0 f   physics_2009:dgNarrowPhaseCollision.obj
 0001:00021eb0       ?ProcessCachedContacts@dgWorld@@AEBAXPEAVdgContact@@PEBVdgContactMaterial@@MH@Z 0000000180022eb0 f   physics_2009:dgNarrowPhaseCollision.obj
 0001:00021fd0       ?ProcessTriggers@dgWorld@@AEAAXAEAUdgPair@dgCollidingPairCollector@@MH@Z 0000000180022fd0 f   physics_2009:dgNarrowPhaseCollision.obj
 0001:000220f0       ?ValidateContactCache@dgWorld@@AEBAHPEAVdgBody@@0PEAVdgContact@@@Z 00000001800230f0 f   physics_2009:dgNarrowPhaseCollision.obj
 0001:000227f0       ?CompoundContactsSimd@dgWorld@@AEBAXQEAUdgPair@dgCollidingPairCollector@@AEAVdgCollisionParamProxi@@@Z 00000001800237f0 f   physics_2009:dgNarrowPhaseCollision.obj
 0001:00023900       ?CompoundContacts@dgWorld@@AEBAXQEAUdgPair@dgCollidingPairCollector@@AEAVdgCollisionParamProxi@@@Z 0000000180024900 f   physics_2009:dgNarrowPhaseCollision.obj
 0001:00024a10       ?ConvexContactsSimd@dgWorld@@AEBAXQEAUdgPair@dgCollidingPairCollector@@AEAVdgCollisionParamProxi@@@Z 0000000180025a10 f   physics_2009:dgNarrowPhaseCollision.obj
 0001:00024c40       ?ConvexContacts@dgWorld@@AEBAXQEAUdgPair@dgCollidingPairCollector@@AEAVdgCollisionParamProxi@@@Z 0000000180025c40 f   physics_2009:dgNarrowPhaseCollision.obj
 0001:00024e70       ?SceneContactsSimd@dgWorld@@AEBAXAEBUdgProxy@dgCollisionScene@@QEAUdgPair@dgCollidingPairCollector@@AEAVdgCollisionParamProxi@@@Z 0000000180025e70 f   physics_2009:dgNarrowPhaseCollision.obj
 0001:00024fb0       ?SceneContacts@dgWorld@@AEBAXAEBUdgProxy@dgCollisionScene@@QEAUdgPair@dgCollidingPairCollector@@AEAVdgCollisionParamProxi@@@Z 0000000180025fb0 f   physics_2009:dgNarrowPhaseCollision.obj
 0001:000250f0       ?SceneContacts@dgWorld@@AEBAXQEAUdgPair@dgCollidingPairCollector@@AEAVdgCollisionParamProxi@@@Z 00000001800260f0 f   physics_2009:dgNarrowPhaseCollision.obj
 0001:000251f0       ?SceneContactsSimd@dgWorld@@AEBAXQEAUdgPair@dgCollidingPairCollector@@AEAVdgCollisionParamProxi@@@Z 00000001800261f0 f   physics_2009:dgNarrowPhaseCollision.obj
 0001:000252f0       ?Append@?$dgList@VdgContactMaterial@@@@QEAAPEAVdgListNode@1@XZ 00000001800262f0 f i physics_2009:dgNarrowPhaseCollision.obj
 0001:000253f0       ?GetMaterial@dgWorld@@QEBAPEAVdgContactMaterial@@II@Z 00000001800263f0 f   physics_2009:dgNarrowPhaseCollision.obj
 0001:00025440       ?RemoveFromCache@dgWorld@@QEAAXPEAVdgCollision@@@Z 0000000180026440 f   physics_2009:dgNarrowPhaseCollision.obj
 0001:000254c0       ?ReleaseCollision@dgWorld@@QEAAXPEAVdgCollision@@@Z 00000001800264c0 f   physics_2009:dgNarrowPhaseCollision.obj
 0001:00025560       ?ClosestCompoundPoint@dgWorld@@AEBAHPEAVdgBody@@0AEAVdgTriplex@@11H@Z 0000000180026560 f   physics_2009:dgNarrowPhaseCollision.obj
 0001:00025ca0       ?CalculateContactsSimd@dgWorld@@AEAAXQEAUdgPair@dgCollidingPairCollector@@MH@Z 0000000180026ca0 f   physics_2009:dgNarrowPhaseCollision.obj
 0001:00025e20       ?CalculateContacts@dgWorld@@AEAAXQEAUdgPair@dgCollidingPairCollector@@MH@Z 0000000180026e20 f   physics_2009:dgNarrowPhaseCollision.obj
 0001:00025fa0       ?CollideContinueSimd@dgWorld@@QEAAHPEAVdgCollision@@AEBVdgMatrix@@AEBVdgVector@@20122AEAMPEAVdgTriplex@@4PEAMHH@Z 0000000180026fa0 f   physics_2009:dgNarrowPhaseCollision.obj
 0001:00026760       ?CollideContinue@dgWorld@@QEAAHPEAVdgCollision@@AEBVdgMatrix@@AEBVdgVector@@20122AEAMPEAVdgTriplex@@4PEAMHH@Z 0000000180027760 f   physics_2009:dgNarrowPhaseCollision.obj
 0001:00026f10       ?Collide@dgWorld@@QEAAHPEAVdgCollision@@AEBVdgMatrix@@01PEAVdgTriplex@@2PEAMHH@Z 0000000180027f10 f   physics_2009:dgNarrowPhaseCollision.obj
 0001:000274d0       ?ClosestPoint@dgWorld@@QEBAHPEAVdgCollision@@AEBVdgMatrix@@01AEAVdgTriplex@@22H@Z 00000001800284d0 f   physics_2009:dgNarrowPhaseCollision.obj
 0001:000279c0       ?ProcessContacts@dgWorld@@AEAAXAEAUdgPair@dgCollidingPairCollector@@MH@Z 00000001800289c0 f   physics_2009:dgNarrowPhaseCollision.obj
 0001:00028a30       ?ClosestPoint@dgWorld@@QEBAHAEAVdgTriplex@@PEAVdgCollision@@AEBVdgMatrix@@00H@Z 0000000180029a30 f   physics_2009:dgNarrowPhaseCollision.obj
 0001:00028b30       ?CreateNull@dgWorld@@QEAAPEAVdgCollision@@XZ 0000000180029b30 f   physics_2009:dgNarrowPhaseCollision.obj
 0001:00028c60       ?CreateBox@dgWorld@@QEAAPEAVdgCollision@@MMMAEBVdgMatrix@@@Z 0000000180029c60 f   physics_2009:dgNarrowPhaseCollision.obj
 0001:00028ed0       ?CreateSphere@dgWorld@@QEAAPEAVdgCollision@@MAEBVdgMatrix@@@Z 0000000180029ed0 f   physics_2009:dgNarrowPhaseCollision.obj
 0001:000290c0       ?CreateEllipse@dgWorld@@QEAAPEAVdgCollision@@MMMAEBVdgMatrix@@@Z 000000018002a0c0 f   physics_2009:dgNarrowPhaseCollision.obj
 0001:00029310       ?CreateCapsule@dgWorld@@QEAAPEAVdgCollision@@MMAEBVdgMatrix@@@Z 000000018002a310 f   physics_2009:dgNarrowPhaseCollision.obj
 0001:00029500       ?CreateCone@dgWorld@@QEAAPEAVdgCollision@@MMAEBVdgMatrix@@@Z 000000018002a500 f   physics_2009:dgNarrowPhaseCollision.obj
 0001:000296f0       ?CreateCylinder@dgWorld@@QEAAPEAVdgCollision@@MMAEBVdgMatrix@@@Z 000000018002a6f0 f   physics_2009:dgNarrowPhaseCollision.obj
 0001:000298e0       ?CreateChamferCylinder@dgWorld@@QEAAPEAVdgCollision@@MMAEBVdgMatrix@@@Z 000000018002a8e0 f   physics_2009:dgNarrowPhaseCollision.obj
 0001:00029ad0       ?CreateConvexHull@dgWorld@@QEAAPEAVdgCollision@@HPEBMHMAEBVdgMatrix@@@Z 000000018002aad0 f   physics_2009:dgNarrowPhaseCollision.obj
 0001:00029d70       ?CreateFromSerialization@dgWorld@@QEAAPEAVdgCollision@@P6AXPEAX0_K@Z0@Z 000000018002ad70 f   physics_2009:dgNarrowPhaseCollision.obj
 0001:0002a670       ?CreateBodyGroupID@dgWorld@@QEAAIXZ 000000018002b670 f   physics_2009:dgNarrowPhaseCollision.obj
 0001:0002a830       ?CalculateSignature@dgCollisionConvexPolygon@dgCollisionMesh@@UEBAHXZ 000000018002b830 f   physics_2009:dgCollisionMesh.obj
 0001:0002a840       ?SupportVertexSimd@dgCollisionConvexPolygon@dgCollisionMesh@@UEBA?AVdgVector@@AEBV3@@Z 000000018002b840 f   physics_2009:dgCollisionMesh.obj
 0001:0002a9d0       ??1dgCollisionMesh@@UEAA@XZ 000000018002b9d0 f   physics_2009:dgCollisionMesh.obj
 0001:0002aa30       ?IsBilateral@dgConstraint@@MEBA_NXZ 000000018002ba30 f i physics_2009:dgConstraint.obj
 0001:0002aa30       ?IsBilateral@dgUpVectorConstraint@@UEBA_NXZ 000000018002ba30 f i physics_2009:dgUpVectorConstraint.obj
 0001:0002aa30       ?IsTriggerVolume@dgCollision@@UEBA_NXZ 000000018002ba30 f i physics_2009:dgCollisionMesh.obj
 0001:0002aa40       ?CalculateSignature@dgCollisionScene@@EEBAHXZ 000000018002ba40 f   physics_2009:dgCollisionScene.obj
 0001:0002aa40       ?GetPerformanceCount@dgWorld@@CAIXZ 000000018002ba40 f   physics_2009:dgWorld.obj
 0001:0002aa40       ?CalculateSignature@dgCollisionConvexModifier@@EEBAHXZ 000000018002ba40 f   physics_2009:dgCollisionConvexModifier.obj
 0001:0002aa40       ?CalculateSignature@dgCompoundCollision@@EEBAHXZ 000000018002ba40 f   physics_2009:dgCompoundCollision.obj
 0001:0002aa40       ?CalculateSignature@dgCollisionMesh@@EEBAHXZ 000000018002ba40 f   physics_2009:dgCollisionMesh.obj
 0001:0002aa40       ?GetUserData@dgCollision@@UEBAPEAXXZ 000000018002ba40 f   physics_2009:dgCollision.obj
 0001:0002aa40       ?GetUserData@dgCollisionMesh@@UEBAPEAXXZ 000000018002ba40 f   physics_2009:dgCollisionMesh.obj
 0001:0002aa50       ?SetCollisionCallback@dgCollisionMesh@@QEAAXP6AXPEBVdgBody@@0HHPEBMH@Z@Z 000000018002ba50 f   physics_2009:dgCollisionMesh.obj
 0001:0002aa60       ?SetCollisionRayCastCallback@dgCollisionMesh@@QEAAXP6AMMPEAMHPEAX@Z@Z 000000018002ba60 f   physics_2009:dgCollisionMesh.obj
 0001:0002aa70       ?GetVolume@dgCollisionScene@@EEBAMXZ 000000018002ba70 f   physics_2009:dgCollisionScene.obj
 0001:0002aa70       ?GetBoxMaxRadius@dgCollisionMesh@@UEBAMXZ 000000018002ba70 f   physics_2009:dgCollisionMesh.obj
 0001:0002aa70       ?GetBoxMinRadius@dgCollisionConvexPolygon@dgCollisionMesh@@UEBAMXZ 000000018002ba70 f   physics_2009:dgCollisionMesh.obj
 0001:0002aa70       ?GetBoxMaxRadius@dgCollisionConvexPolygon@dgCollisionMesh@@UEBAMXZ 000000018002ba70 f   physics_2009:dgCollisionMesh.obj
 0001:0002aa70       ?RayCast@dgCollisionConvexPolygon@dgCollisionMesh@@UEBAMAEBVdgVector@@0AEAVdgContactPoint@@P6AIPEBVdgBody@@PEBVdgCollision@@PEAX@Z24@Z 000000018002ba70 f   physics_2009:dgCollisionMesh.obj
 0001:0002aa70       ?GetVolume@dgCollisionMesh@@UEBAMXZ 000000018002ba70 f   physics_2009:dgCollisionMesh.obj
 0001:0002aa70       ?GetVolume@dgCollisionNull@@MEBAMXZ 000000018002ba70 f   physics_2009:dgCollisionNull.obj
 0001:0002aa70       ?GetBoxMaxRadius@dgCollisionScene@@EEBAMXZ 000000018002ba70 f   physics_2009:dgCollisionScene.obj
 0001:0002aa70       ?RayCastSimd@dgCollision@@UEBAMAEBVdgVector@@0AEAVdgContactPoint@@P6AIPEBVdgBody@@PEBV1@PEAX@Z24@Z 000000018002ba70 f   physics_2009:dgCollision.obj
 0001:0002aa70       ?GetVolume@dgCollisionConvexPolygon@dgCollisionMesh@@UEBAMXZ 000000018002ba70 f   physics_2009:dgCollisionMesh.obj
 0001:0002aa70       ?GetBoxMinRadius@dgCollisionScene@@EEBAMXZ 000000018002ba70 f   physics_2009:dgCollisionScene.obj
 0001:0002aa70       ?GetBoxMinRadius@dgCollisionMesh@@UEBAMXZ 000000018002ba70 f   physics_2009:dgCollisionMesh.obj
 0001:0002aa70       ?GetVolume@dgCollisionPoint@@UEBAMXZ 000000018002ba70 f   physics_2009:dgCollisionSphere.obj
 0001:0002aa80       ?CalculateInertia@dgCollisionScene@@EEBAXAEAVdgVector@@0@Z 000000018002ba80 f   physics_2009:dgCollisionScene.obj
 0001:0002aa80       ?CalculateInertia@dgCollisionMesh@@UEBAXAEAVdgVector@@0@Z 000000018002ba80 f   physics_2009:dgCollisionMesh.obj
 0001:0002aa80       ?CalculateInertia@dgCollisionNull@@MEBAXAEAVdgVector@@0@Z 000000018002ba80 f   physics_2009:dgCollisionNull.obj
 0001:0002aa80       ?CalculateInertia@dgCollisionPoint@@UEBAXAEAVdgVector@@0@Z 000000018002ba80 f   physics_2009:dgCollisionSphere.obj
 0001:0002aa80       ?CalculateInertia@dgCollisionConvexPolygon@dgCollisionMesh@@UEBAXAEAVdgVector@@0@Z 000000018002ba80 f   physics_2009:dgCollisionMesh.obj
 0001:0002aaa0       ?SupportVertex@dgCollisionConvexPolygon@dgCollisionMesh@@UEBA?AVdgVector@@AEBV3@@Z 000000018002baa0 f   physics_2009:dgCollisionMesh.obj
 0001:0002ac80       ?CalculatePlaneIntersection@dgCollisionConvexPolygon@dgCollisionMesh@@UEBAHAEBVdgVector@@0QEAV3@@Z 000000018002bc80 f   physics_2009:dgCollisionMesh.obj
 0001:0002b680       ?CalculatePlaneIntersectionSimd@dgCollisionConvexPolygon@dgCollisionMesh@@UEBAHAEBVdgVector@@0QEAV3@@Z 000000018002c680 f   physics_2009:dgCollisionMesh.obj
 0001:0002bd80       ??_GdgCollisionMesh@@UEAAPEAXI@Z 000000018002cd80 f i physics_2009:dgCollisionMesh.obj
 0001:0002bd80       ??_EdgCollisionMesh@@UEAAPEAXI@Z 000000018002cd80 f i physics_2009:dgCollisionMesh.obj
 0001:0002be00       ??0dgCollisionConvexPolygon@dgCollisionMesh@@QEAA@XZ 000000018002ce00 f   physics_2009:dgCollisionMesh.obj
 0001:0002bec0       ??_GdgCollisionConvexPolygon@dgCollisionMesh@@UEAAPEAXI@Z 000000018002cec0 f i physics_2009:dgCollisionMesh.obj
 0001:0002bec0       ??_EdgCollisionConvexPolygon@dgCollisionMesh@@UEAAPEAXI@Z 000000018002cec0 f i physics_2009:dgCollisionMesh.obj
 0001:0002bef0       ?CalculateNormalSimd@dgCollisionConvexPolygon@dgCollisionMesh@@QEAAXXZ 000000018002cef0 f   physics_2009:dgCollisionMesh.obj
 0001:0002c000       ?CalculateNormal@dgCollisionConvexPolygon@dgCollisionMesh@@QEAAXXZ 000000018002d000 f   physics_2009:dgCollisionMesh.obj
 0001:0002c1b0       ?ClipContacts@dgCollisionConvexPolygon@dgCollisionMesh@@QEBAHHQEAVdgContactPoint@@AEBVdgMatrix@@@Z 000000018002d1b0 f   physics_2009:dgCollisionMesh.obj
 0001:0002cb40       ?ClosestDistanceToTriangle@dgCollisionConvexPolygon@dgCollisionMesh@@QEBA?AVdgVector@@AEBV3@000@Z 000000018002db40 f   physics_2009:dgCollisionMesh.obj
 0001:0002cff0       ?PointToPolygonDistance@dgCollisionConvexPolygon@dgCollisionMesh@@QEAA_NAEBVdgVector@@MAEAV3@@Z 000000018002dff0 f   physics_2009:dgCollisionMesh.obj
 0001:0002d300       ?MovingPointToPolygonContact@dgCollisionConvexPolygon@dgCollisionMesh@@QEAAMAEBVdgVector@@0MAEAVdgContactPoint@@@Z 000000018002e300 f   physics_2009:dgCollisionMesh.obj
 0001:0002dd20       ?QuickTestContinueSimd@dgCollisionConvexPolygon@dgCollisionMesh@@QEAAHPEBVdgConvexCollision@@AEBVdgMatrix@@@Z 000000018002ed20 f   physics_2009:dgCollisionMesh.obj
 0001:0002e1c0       ?QuickTestContinue@dgCollisionConvexPolygon@dgCollisionMesh@@QEAAHPEBVdgConvexCollision@@AEBVdgMatrix@@@Z 000000018002f1c0 f   physics_2009:dgCollisionMesh.obj
 0001:0002e540       ?QuickTest@dgCollisionConvexPolygon@dgCollisionMesh@@QEAAHPEBVdgConvexCollision@@AEBVdgMatrix@@@Z 000000018002f540 f   physics_2009:dgCollisionMesh.obj
 0001:0002ea30       ?QuickTestSimd@dgCollisionConvexPolygon@dgCollisionMesh@@QEAAHPEBVdgConvexCollision@@AEBVdgMatrix@@@Z 000000018002fa30 f   physics_2009:dgCollisionMesh.obj
 0001:0002f020       ??0dgCollisionMesh@@QEAA@W4dgCollisionID@@@Z 0000000180030020 f   physics_2009:dgCollisionMesh.obj
 0001:0002f160       ??0dgCollisionMesh@@QEAA@PEAVdgWorld@@P6AXPEAX1_K@Z1@Z 0000000180030160 f   physics_2009:dgCollisionMesh.obj
 0001:0002f290       ??0dgCollisionBVH@@QEAA@XZ 0000000180030290 f   physics_2009:dgCollisionBVH.obj
 0001:0002f2f0       ?Serialize@dgCollisionBVH@@EEBAXP6AXPEAXPEBX_K@Z0@Z 00000001800302f0 f   physics_2009:dgCollisionBVH.obj
 0001:0002f340       ?AddFace@dgCollisionBVH@@QEAAXHQEBMHH@Z 0000000180030340 f   physics_2009:dgCollisionBVH.obj
 0001:0002f3f0       ?GetCollisionInfo@dgCollisionBVH@@EEBAXPEAVdgCollisionInfo@@@Z 00000001800303f0 f   physics_2009:dgCollisionBVH.obj
 0001:0002f3f0       ?GetCollisionInfo@dgCollisionConvexHull@@EEBAXPEAVdgCollisionInfo@@@Z 00000001800303f0 f   physics_2009:dgCollisionConvexHull.obj
 0001:0002f460       ?CollectVertexListIndexList@dgCollisionBVH@@CA?AW4dgIntersectStatus@@PEAXQEBMHQEBHH@Z 0000000180030460 f   physics_2009:dgCollisionBVH.obj
 0001:0002f530       ?GetVertexListIndexList@dgCollisionBVH@@QEBAXAEBVdgVector@@0AEAVdgGetVertexListIndexList@1@@Z 0000000180030530 f   physics_2009:dgCollisionBVH.obj
 0001:0002f560       ?SupportVertex@dgCollisionBVH@@EEBA?AVdgVector@@AEBV2@@Z 0000000180030560 f   physics_2009:dgCollisionBVH.obj
 0001:0002f580       ??_EdgCollisionBVH@@WOA@EAAPEAXI@Z 0000000180030580 f i physics_2009:dgCollisionBVH.obj
 0001:0002f590       ?Serialize@dgCollisionBVH@@GOA@EBAXP6AXPEAXPEBX_K@Z0@Z 0000000180030590 f i physics_2009:dgCollisionBVH.obj
 0001:0002f5a0       ??_GdgCollisionBVH@@UEAAPEAXI@Z 00000001800305a0 f i physics_2009:dgCollisionBVH.obj
 0001:0002f5a0       ??_EdgCollisionBVH@@UEAAPEAXI@Z 00000001800305a0 f i physics_2009:dgCollisionBVH.obj
 0001:0002f600       ?BeginBuild@dgCollisionBVH@@QEAAXXZ 0000000180030600 f   physics_2009:dgCollisionBVH.obj
 0001:0002f640       ??0dgCollisionBVH@@QEAA@PEAVdgWorld@@P6AXPEAX1_K@Z1@Z 0000000180030640 f   physics_2009:dgCollisionBVH.obj
 0001:0002f6f0       ?EndBuild@dgCollisionBVH@@QEAAXH@Z 00000001800306f0 f   physics_2009:dgCollisionBVH.obj
 0001:0002f790       ?RayHitSimd@dgCollisionBVH@@CAMPEAXQEBMHQEBHH@Z 0000000180030790 f   physics_2009:dgCollisionBVH.obj
 0001:0002f860       ?RayHit@dgCollisionBVH@@CAMPEAXQEBMHQEBHH@Z 0000000180030860 f   physics_2009:dgCollisionBVH.obj
 0001:0002f930       ?RayHitUserSimd@dgCollisionBVH@@CAMPEAXQEBMHQEBHH@Z 0000000180030930 f   physics_2009:dgCollisionBVH.obj
 0001:0002fa70       ?RayHitUser@dgCollisionBVH@@CAMPEAXQEBMHQEBHH@Z 0000000180030a70 f   physics_2009:dgCollisionBVH.obj
 0001:0002fc40       ?RayCastSimd@dgCollisionBVH@@EEBAMAEBVdgVector@@0AEAVdgContactPoint@@P6AIPEBVdgBody@@PEBVdgCollision@@PEAX@Z24@Z 0000000180030c40 f   physics_2009:dgCollisionBVH.obj
 0001:0002ff40       ?RayCast@dgCollisionBVH@@EEBAMAEBVdgVector@@0AEAVdgContactPoint@@P6AIPEBVdgBody@@PEBVdgCollision@@PEAX@Z24@Z 0000000180030f40 f   physics_2009:dgCollisionBVH.obj
 0001:00030240       ?GetPolygon@dgCollisionBVH@@CA?AW4dgIntersectStatus@@PEAXQEBMHQEBHH@Z 0000000180031240 f   physics_2009:dgCollisionBVH.obj
 0001:00030770       ?GetCollidingFacesSimd@dgCollisionBVH@@EEBAXQEAVdgPolygonMeshDesc@@@Z 0000000180031770 f   physics_2009:dgCollisionBVH.obj
 0001:000307f0       ?GetCollidingFaces@dgCollisionBVH@@EEBAXQEAVdgPolygonMeshDesc@@@Z 00000001800317f0 f   physics_2009:dgCollisionBVH.obj
 0001:00030870       ?ShowDebugPolygon@dgCollisionBVH@@CA?AW4dgIntersectStatus@@PEAXQEBMHQEBHH@Z 0000000180031870 f   physics_2009:dgCollisionBVH.obj
 0001:00030d30       ?DebugCollision@dgCollisionBVH@@EEBAXAEBVdgMatrix@@P6AXPEAXHPEBMH@Z1@Z 0000000180031d30 f   physics_2009:dgCollisionBVH.obj
 0001:00030e00       ??_GdgSceneNode@dgCollisionScene@@QEAAPEAXI@Z 0000000180031e00 f i physics_2009:dgCollisionScene.obj
 0001:00030e60       ?UpdateAABB@dgSceneNode@dgCollisionScene@@QEAAXAEBVdgVector@@0@Z 0000000180031e60 f i physics_2009:dgCollisionScene.obj
 0001:00030ef0       ?Serialize@dgCollisionScene@@EEBAXP6AXPEAXPEBX_K@Z0@Z 0000000180031ef0 f   physics_2009:dgCollisionScene.obj
 0001:000310e0       ?SetProxyMatrix@dgCollisionScene@@QEAAXPEAXAEBVdgMatrix@@@Z 00000001800320e0 f   physics_2009:dgCollisionScene.obj
 0001:00031160       ?SetCollisionCallback@dgCollisionScene@@QEAAXP6AXPEBVdgBody@@0HHPEBMH@Z@Z 0000000180032160 f   physics_2009:dgCollisionScene.obj
 0001:000311b0       ?DebugCollision@dgCollisionScene@@EEBAXAEBVdgMatrix@@P6AXPEAXHPEBMH@Z1@Z 00000001800321b0 f   physics_2009:dgCollisionScene.obj
 0001:00031260       ?GetCollisionInfo@dgCollisionScene@@EEBAXPEAVdgCollisionInfo@@@Z 0000000180032260 f   physics_2009:dgCollisionScene.obj
 0001:000312d0       ?RemoveAll@?$dgList@UdgProxy@dgCollisionScene@@@@QEAAXXZ 00000001800322d0 f i physics_2009:dgCollisionScene.obj
 0001:00031360       ?GetProxyMatrix@dgCollisionScene@@QEAA?AVdgMatrix@@PEAX@Z 0000000180032360 f   physics_2009:dgCollisionScene.obj
 0001:000314f0       ?CalcAABB@dgCollisionMesh@@EEBAXAEBVdgMatrix@@AEAVdgVector@@1@Z 00000001800324f0 f   physics_2009:dgCollisionMesh.obj
 0001:000314f0       ?CalcAABB@dgCollisionScene@@EEBAXAEBVdgMatrix@@AEAVdgVector@@1@Z 00000001800324f0 f   physics_2009:dgCollisionScene.obj
 0001:00031770       ?SetCollisionBBox@dgCollisionScene@@EEAAXAEBVdgVector@@0@Z 0000000180032770 f   physics_2009:dgCollisionScene.obj
 0001:00031770       ?SetCollisionBBox@dgCollisionMesh@@MEAAXAEBVdgVector@@0@Z 0000000180032770 f   physics_2009:dgCollisionMesh.obj
 0001:00031860       ?GetAxis@dgCollisionScene@@AEBAHQEAPEAVdgListNode@?$dgList@UdgProxy@dgCollisionScene@@@@H@Z 0000000180032860 f   physics_2009:dgCollisionScene.obj
 0001:00031b90       ?RayCastSimd@dgCollisionScene@@EEBAMAEBVdgVector@@0AEAVdgContactPoint@@P6AIPEBVdgBody@@PEBVdgCollision@@PEAX@Z24@Z 0000000180032b90 f   physics_2009:dgCollisionScene.obj
 0001:00032300       ?SupportVertexSimd@dgCollisionNull@@MEBA?AVdgVector@@AEBV2@@Z 0000000180033300 f   physics_2009:dgCollisionNull.obj
 0001:00032300       ?SupportVertex@dgCollisionNull@@MEBA?AVdgVector@@AEBV2@@Z 0000000180033300 f   physics_2009:dgCollisionNull.obj
 0001:00032300       ?SupportVertex@dgCollisionPoint@@UEBA?AVdgVector@@AEBV2@@Z 0000000180033300 f   physics_2009:dgCollisionSphere.obj
 0001:00032300       ?SupportVertex@dgCollisionMesh@@EEBA?AVdgVector@@AEBV2@@Z 0000000180033300 f   physics_2009:dgCollisionMesh.obj
 0001:00032300       ?SupportVertexSimd@dgCollisionPoint@@UEBA?AVdgVector@@AEBV2@@Z 0000000180033300 f   physics_2009:dgCollisionSphere.obj
 0001:00032300       ?SupportVertex@dgCollisionScene@@EEBA?AVdgVector@@AEBV2@@Z 0000000180033300 f   physics_2009:dgCollisionScene.obj
 0001:00032300       ?CalculateVolumeIntegral@dgCollisionMesh@@EEBA?AVdgVector@@AEBVdgMatrix@@P6AIPEAX10AEAVdgPlane@@@Z1@Z 0000000180033300 f   physics_2009:dgCollisionMesh.obj
 0001:00032300       ?CalculateVolumeIntegral@dgCollisionScene@@EEBA?AVdgVector@@AEBVdgMatrix@@P6AIPEAX10AEAVdgPlane@@@Z1@Z 0000000180033300 f   physics_2009:dgCollisionScene.obj
 0001:00032300       ?CalculateVolumeIntegral@dgCollisionNull@@MEBA?AVdgVector@@AEBVdgMatrix@@P6AIPEAX10AEAVdgPlane@@@Z1@Z 0000000180033300 f   physics_2009:dgCollisionNull.obj
 0001:00032320       ?RayCast@dgCollisionScene@@EEBAMAEBVdgVector@@0AEAVdgContactPoint@@P6AIPEBVdgBody@@PEBVdgCollision@@PEAX@Z24@Z 0000000180033320 f   physics_2009:dgCollisionScene.obj
 0001:00032a90       ?CollidePairSimd@dgCollisionScene@@QEBAXQEAUdgPair@dgCollidingPairCollector@@AEAVdgCollisionParamProxi@@@Z 0000000180033a90 f   physics_2009:dgCollisionScene.obj
 0001:00032e90       ?CollidePair@dgCollisionScene@@QEBAXQEAUdgPair@dgCollidingPairCollector@@AEAVdgCollisionParamProxi@@@Z 0000000180033e90 f   physics_2009:dgCollisionScene.obj
 0001:000332f0       ?SortAABBBoxes@dgCollisionScene@@AEBAHQEAPEAVdgListNode@?$dgList@UdgProxy@dgCollisionScene@@@@H@Z 00000001800342f0 f   physics_2009:dgCollisionScene.obj
 0001:00033490       ?SortAndSpliteSplite@dgCollisionScene@@AEBAHQEAPEAVdgListNode@?$dgList@UdgProxy@dgCollisionScene@@@@H@Z 0000000180034490 f   physics_2009:dgCollisionScene.obj
 0001:000336f0       ?BuildTree@dgCollisionScene@@AEAAPEAUdgSceneNode@1@PEAU21@QEAPEAVdgListNode@?$dgList@UdgProxy@dgCollisionScene@@@@HH@Z 00000001800346f0 f   physics_2009:dgCollisionScene.obj
 0001:00033870       ??0dgListNode@?$dgList@UdgProxy@dgCollisionScene@@@@AEAA@PEAV01@0@Z 0000000180034870 f i physics_2009:dgCollisionScene.obj
 0001:000338e0       ??0dgCollisionScene@@QEAA@PEAVdgWorld@@@Z 00000001800348e0 f   physics_2009:dgCollisionScene.obj
 0001:00033a00       ??1dgCollisionScene@@UEAA@XZ 0000000180034a00 f   physics_2009:dgCollisionScene.obj
 0001:00033ab0       ?Append@?$dgList@UdgProxy@dgCollisionScene@@@@QEAAPEAVdgListNode@1@XZ 0000000180034ab0 f i physics_2009:dgCollisionScene.obj
 0001:00033b50       ??_EdgCollisionScene@@UEAAPEAXI@Z 0000000180034b50 f i physics_2009:dgCollisionScene.obj
 0001:00033b50       ??_GdgCollisionScene@@UEAAPEAXI@Z 0000000180034b50 f i physics_2009:dgCollisionScene.obj
 0001:00033b80       ?AddProxy@dgCollisionScene@@QEAAPEAXPEAVdgCollision@@@Z 0000000180034b80 f   physics_2009:dgCollisionScene.obj
 0001:00033c10       ?BuildTree@dgCollisionScene@@QEAAXXZ 0000000180034c10 f   physics_2009:dgCollisionScene.obj
 0001:00033e00       ??0dgCollisionScene@@QEAA@PEAVdgWorld@@P6AXPEAX1_K@Z1@Z 0000000180034e00 f   physics_2009:dgCollisionScene.obj
 0001:00034180       ?SetAparentMassMatrix@dgBody@@QEAAXAEBVdgVector@@@Z 0000000180035180 f   physics_2009:dgBody.obj
 0001:00034200       ??DdgQuaternion@@QEBA?AV0@AEBV0@@Z 0000000180035200 f i physics_2009:dgBody.obj
 0001:00034340       ?AddBuoyancyForce@dgBody@@QEAAXMMMAEBVdgVector@@P6AIPEAX1AEBVdgMatrix@@AEAVdgPlane@@@Z1@Z 0000000180035340 f   physics_2009:dgBody.obj
 0001:000346d0       ?CalcInvInertiaMatrix@dgBody@@QEAAXXZ 00000001800356d0 f   physics_2009:dgBody.obj
 0001:00034810       ?CalcInvInertiaMatrixSimD@dgBody@@QEAAXXZ 0000000180035810 f   physics_2009:dgBody.obj
 0001:00034930       ?CalculateInverseDynamicForce@dgBody@@QEBA?AVdgVector@@AEBV2@M@Z 0000000180035930 f   physics_2009:dgBody.obj
 0001:000349e0       ?GetFirstJoint@dgBody@@QEBAPEAVdgConstraint@@XZ 00000001800359e0 f   physics_2009:dgBody.obj
 0001:00034a20       ?GetNextJoint@dgBody@@QEBAPEAVdgConstraint@@PEAV2@@Z 0000000180035a20 f   physics_2009:dgBody.obj
 0001:00034a70       ?GetFirstContact@dgBody@@QEBAPEAVdgConstraint@@XZ 0000000180035a70 f   physics_2009:dgBody.obj
 0001:00034ab0       ?GetNextContact@dgBody@@QEBAPEAVdgConstraint@@PEAV2@@Z 0000000180035ab0 f   physics_2009:dgBody.obj
 0001:00034b00       ?Freeze@dgBody@@QEAAXXZ    0000000180035b00 f   physics_2009:dgBody.obj
 0001:00034b60       ?Unfreeze@dgBody@@QEAAXXZ  0000000180035b60 f   physics_2009:dgBody.obj
 0001:00034bc0       ?InsertAfter@?$dgList@VdgBodyMasterListRow@@@@QEAAXPEAVdgListNode@1@0@Z 0000000180035bc0 f i physics_2009:dgBody.obj
 0001:00034c40       ??0dgBody@@QEAA@XZ         0000000180035c40 f   physics_2009:dgBody.obj
 0001:00034c70       ?SetMassMatrix@dgBody@@QEAAXMMMM@Z 0000000180035c70 f   physics_2009:dgBody.obj
 0001:00034e10       ?UpdateCollisionMatrixSimD@dgBody@@AEAAXMH@Z 0000000180035e10 f   physics_2009:dgBody.obj
 0001:000354e0       ?UpdateCollisionMatrix@dgBody@@AEAAXMH@Z 00000001800364e0 f   physics_2009:dgBody.obj
 0001:00035ac0       ?UpdateMatrix@dgBody@@AEAAXMH@Z 0000000180036ac0 f   physics_2009:dgBody.obj
 0001:00035b10       ?IntegrateVelocity@dgBody@@AEAAXM@Z 0000000180036b10 f   physics_2009:dgBody.obj
 0001:00035f70       ?CalculateContinueVelocity@dgBody@@AEBAXMAEAVdgVector@@0@Z 0000000180036f70 f   physics_2009:dgBody.obj
 0001:00036190       ?CalculateContinueVelocitySimD@dgBody@@AEBAXMAEAVdgVector@@0@Z 0000000180037190 f   physics_2009:dgBody.obj
 0001:00036350       ?SetFreeze@dgBody@@QEAAX_N@Z 0000000180037350 f   physics_2009:dgBody.obj
 0001:00036360       ?AddImpulse@dgBody@@AEAAXAEBVdgVector@@0@Z 0000000180037360 f   physics_2009:dgBody.obj
 0001:00036900       ?SetMatrix@dgBody@@QEAAXAEBVdgMatrix@@@Z 0000000180037900 f   physics_2009:dgBody.obj
 0001:00036a90       ?SetMatrixIgnoreSleep@dgBody@@QEAAXAEBVdgMatrix@@@Z 0000000180037a90 f   physics_2009:dgBody.obj
 0001:00036b50       ?RayCast@dgBody@@QEBAMAEBUdgLineBox@@P6AMPEBV1@AEBVdgVector@@HPEAXM@ZP6AI1PEBVdgCollision@@3@Z3M@Z 0000000180037b50 f   physics_2009:dgBody.obj
 0001:00037030       ?AttachCollision@dgBody@@QEAAXPEAVdgCollision@@@Z 0000000180038030 f   physics_2009:dgBody.obj
 0001:00037150       ?SetJointParameterCallBack@dgBallConstraint@@QEAAXP6AIAEBV1@M@Z@Z 0000000180038150 f   physics_2009:dgBallConstraint.obj
 0001:00037160       ?GetJointAngle@dgBallConstraint@@QEBA?AVdgVector@@XZ 0000000180038160 f   physics_2009:dgBallConstraint.obj
 0001:00037190       ?SetTwistLimitState@dgBallConstraint@@QEAAX_N@Z 0000000180038190 f   physics_2009:dgBallConstraint.obj
 0001:000371b0       ?SetConeLimitState@dgBallConstraint@@QEAAX_N@Z 00000001800381b0 f   physics_2009:dgBallConstraint.obj
 0001:000371d0       ?SetLatealLimitState@dgBallConstraint@@QEAAX_N@Z 00000001800381d0 f   physics_2009:dgBallConstraint.obj
 0001:000371f0       ??_GdgBallConstraint@@EEAAPEAXI@Z 00000001800381f0 f i physics_2009:dgBallConstraint.obj
 0001:000371f0       ??_EdgBallConstraint@@EEAAPEAXI@Z 00000001800381f0 f i physics_2009:dgBallConstraint.obj
 0001:00037230       ??0dgBallConstraint@@AEAA@XZ 0000000180038230 f   physics_2009:dgBallConstraint.obj
 0001:000372c0       ?GetJointOmega@dgBallConstraint@@QEBA?AVdgVector@@XZ 00000001800382c0 f   physics_2009:dgBallConstraint.obj
 0001:00037550       ?GetJointForce@dgBallConstraint@@QEBA?AVdgVector@@XZ 0000000180038550 f   physics_2009:dgBallConstraint.obj
 0001:00037680       ?SetLimits@dgBallConstraint@@QEAAXAEBVdgVector@@MMM0MM@Z 0000000180038680 f   physics_2009:dgBallConstraint.obj
 0001:00038130       ?SetPivotPoint@dgBallConstraint@@AEAAXAEBVdgVector@@@Z 0000000180039130 f   physics_2009:dgBallConstraint.obj
 0001:00038240       ?JacobianDerivative@dgBallConstraint@@EEAAIAEAVdgContraintDescritor@@@Z 0000000180039240 f   physics_2009:dgBallConstraint.obj
 0001:00038b40       ??0dgHingeConstraint@@AEAA@XZ 0000000180039b40 f   physics_2009:dgHingeConstraint.obj
 0001:00038b80       ?SetJointParameterCallBack@dgSlidingConstraint@@QEAAXP6AIAEBV1@PEAVdgJointCallBackParam@@@Z@Z 0000000180039b80 f   physics_2009:dgSlidingConstraint.obj
 0001:00038b80       ?SetJointParameterCallBack@dgCorkscrewConstraint@@QEAAXP6AIAEBV1@PEAVdgJointCallBackParam@@@Z@Z 0000000180039b80 f   physics_2009:dgCorkscrewConstraint.obj
 0001:00038b80       ?SetJointParameterCallBack@dgHingeConstraint@@QEAAXP6AIAEBV1@PEAVdgJointCallBackParam@@@Z@Z 0000000180039b80 f   physics_2009:dgHingeConstraint.obj
 0001:00038b80       ?SetJointParameterCallBack@dgUniversalConstraint@@QEAAXP6AIAEBV1@PEAVdgJointCallBackParam@@@Z@Z 0000000180039b80 f   physics_2009:dgUniversalConstraint.obj
 0001:00038b90       ??_GdgHingeConstraint@@EEAAPEAXI@Z 0000000180039b90 f i physics_2009:dgHingeConstraint.obj
 0001:00038b90       ??_EdgHingeConstraint@@EEAAPEAXI@Z 0000000180039b90 f i physics_2009:dgHingeConstraint.obj
 0001:00038bd0       ?CalculateStopAlpha@dgHingeConstraint@@QEBAMMPEBVdgJointCallBackParam@@@Z 0000000180039bd0 f   physics_2009:dgHingeConstraint.obj
 0001:00038c70       ?GetJointForce@dgHingeConstraint@@QEBA?AVdgVector@@XZ 0000000180039c70 f   physics_2009:dgHingeConstraint.obj
 0001:00038e50       ?JacobianDerivative@dgHingeConstraint@@EEAAIAEAVdgContraintDescritor@@@Z 0000000180039e50 f   physics_2009:dgHingeConstraint.obj
 0001:00039210       ??0dgSlidingConstraint@@AEAA@XZ 000000018003a210 f   physics_2009:dgSlidingConstraint.obj
 0001:00039250       ??_EdgSlidingConstraint@@EEAAPEAXI@Z 000000018003a250 f i physics_2009:dgSlidingConstraint.obj
 0001:00039250       ??_GdgSlidingConstraint@@EEAAPEAXI@Z 000000018003a250 f i physics_2009:dgSlidingConstraint.obj
 0001:00039290       ?CalculateStopAccel@dgSlidingConstraint@@QEBAMMPEBVdgJointCallBackParam@@@Z 000000018003a290 f   physics_2009:dgSlidingConstraint.obj
 0001:00039320       ?GetJointForce@dgSlidingConstraint@@QEBA?AVdgVector@@XZ 000000018003a320 f   physics_2009:dgSlidingConstraint.obj
 0001:00039520       ?JacobianDerivative@dgSlidingConstraint@@EEAAIAEAVdgContraintDescritor@@@Z 000000018003a520 f   physics_2009:dgSlidingConstraint.obj
 0001:00039ae0       ??0dgCorkscrewConstraint@@AEAA@XZ 000000018003aae0 f   physics_2009:dgCorkscrewConstraint.obj
 0001:00039b30       ?GetJointAngle0@dgUniversalConstraint@@QEBAMXZ 000000018003ab30 f   physics_2009:dgUniversalConstraint.obj
 0001:00039b30       ?GetJointAngle@dgCorkscrewConstraint@@QEBAMXZ 000000018003ab30 f   physics_2009:dgCorkscrewConstraint.obj
 0001:00039b30       ?GetJointAngle@dgHingeConstraint@@QEBAMXZ 000000018003ab30 f   physics_2009:dgHingeConstraint.obj
 0001:00039b30       ?GetJointPosit@dgSlidingConstraint@@QEBAMXZ 000000018003ab30 f   physics_2009:dgSlidingConstraint.obj
 0001:00039b40       ??_GdgCorkscrewConstraint@@EEAAPEAXI@Z 000000018003ab40 f i physics_2009:dgCorkscrewConstraint.obj
 0001:00039b40       ??_EdgCorkscrewConstraint@@EEAAPEAXI@Z 000000018003ab40 f i physics_2009:dgCorkscrewConstraint.obj
 0001:00039b80       ?GetJointOmega@dgCorkscrewConstraint@@QEBAMXZ 000000018003ab80 f   physics_2009:dgCorkscrewConstraint.obj
 0001:00039b80       ?GetJointOmega0@dgUniversalConstraint@@QEBAMXZ 000000018003ab80 f   physics_2009:dgUniversalConstraint.obj
 0001:00039b80       ?GetJointOmega@dgHingeConstraint@@QEBAMXZ 000000018003ab80 f   physics_2009:dgHingeConstraint.obj
 0001:00039c50       ?GetJointVeloc@dgCorkscrewConstraint@@QEBAMXZ 000000018003ac50 f   physics_2009:dgCorkscrewConstraint.obj
 0001:00039c50       ?GetJointVeloc@dgSlidingConstraint@@QEBAMXZ 000000018003ac50 f   physics_2009:dgSlidingConstraint.obj
 0001:00039d20       ?CalculateStopAlpha0@dgUniversalConstraint@@QEBAMMPEBVdgJointCallBackParam@@@Z 000000018003ad20 f   physics_2009:dgUniversalConstraint.obj
 0001:00039d20       ?CalculateStopAlpha@dgCorkscrewConstraint@@QEBAMMPEBVdgJointCallBackParam@@@Z 000000018003ad20 f   physics_2009:dgCorkscrewConstraint.obj
 0001:00039db0       ?CalculateStopAccel@dgCorkscrewConstraint@@QEBAMMPEBVdgJointCallBackParam@@@Z 000000018003adb0 f   physics_2009:dgCorkscrewConstraint.obj
 0001:00039e40       ?GetJointForce@dgUniversalConstraint@@QEBA?AVdgVector@@XZ 000000018003ae40 f   physics_2009:dgUniversalConstraint.obj
 0001:00039e40       ?GetJointForce@dgCorkscrewConstraint@@QEBA?AVdgVector@@XZ 000000018003ae40 f   physics_2009:dgCorkscrewConstraint.obj
 0001:00039fd0       ?JacobianDerivative@dgCorkscrewConstraint@@EEAAIAEAVdgContraintDescritor@@@Z 000000018003afd0 f   physics_2009:dgCorkscrewConstraint.obj
 0001:0003a590       ??0dgUniversalConstraint@@AEAA@XZ 000000018003b590 f   physics_2009:dgUniversalConstraint.obj
 0001:0003a5e0       ?GetJointPosit@dgCorkscrewConstraint@@QEBAMXZ 000000018003b5e0 f   physics_2009:dgCorkscrewConstraint.obj
 0001:0003a5e0       ?GetJointAngle1@dgUniversalConstraint@@QEBAMXZ 000000018003b5e0 f   physics_2009:dgUniversalConstraint.obj
 0001:0003a5f0       ??_GdgUniversalConstraint@@EEAAPEAXI@Z 000000018003b5f0 f i physics_2009:dgUniversalConstraint.obj
 0001:0003a5f0       ??_EdgUniversalConstraint@@EEAAPEAXI@Z 000000018003b5f0 f i physics_2009:dgUniversalConstraint.obj
[...]
 0003:00000f50       __flsindex                 00000001800b0f50     LIBCMT:tidtable.obj
 0003:00000f60       __badioinfo                00000001800b0f60     LIBCMT:ioinit.obj
 0003:00000fb8       _First_FPE_Indx            00000001800b0fb8     LIBCMT:winxfltr.obj
 0003:00000fbc       _Num_FPE                   00000001800b0fbc     LIBCMT:winxfltr.obj
 0003:00000fc0       _XcptActTabSize            00000001800b0fc0     LIBCMT:winxfltr.obj
 0003:00000fc4       _XcptActTabCount           00000001800b0fc4     LIBCMT:winxfltr.obj
 0003:00000fc8       __nullstring               00000001800b0fc8     LIBCMT:output.obj
 0003:00000fd0       __wnullstring              00000001800b0fd0     LIBCMT:output.obj
 0003:00000fd8       __abort_behavior           00000001800b0fd8     LIBCMT:abort.obj
 0003:00000fe0       __initialmbcinfo           00000001800b0fe0     LIBCMT:mbctype.obj
 0003:00001200       _mbctype                   00000001800b1200     LIBCMT:mbctype.obj
 0003:00001310       _mbcasemap                 00000001800b1310     LIBCMT:mbctype.obj
 0003:00001410       __ptmbcinfo                00000001800b1410     LIBCMT:mbctype.obj
 0003:00001518       __globallocalestatus       00000001800b1518     LIBCMT:glstatus.obj
 0003:00001520       __clocalestr               00000001800b1520     LIBCMT:nlsdata2.obj
 0003:00001530       __initiallocinfo           00000001800b1530     LIBCMT:nlsdata2.obj
 0003:00001690       __ptlocinfo                00000001800b1690     LIBCMT:nlsdata2.obj
 0003:00001698       __lc_clike                 00000001800b1698     LIBCMT:nlsdata2.obj
 0003:000016a0       __initiallocalestructinfo  00000001800b16a0     LIBCMT:nlsdata2.obj
 0003:000016b0       __security_cookie          00000001800b16b0     LIBCMT:gs_cookie.obj
 0003:000016b8       __security_cookie_complement 00000001800b16b8     LIBCMT:gs_cookie.obj
 0003:00001890       _matherr_flag              00000001800b1890     LIBCMT:_matherr_.obj
 0003:00001895       ?dazSupported@?1??_control87@@9@9 00000001800b1895     LIBCMT:_ieee_.obj
 0003:00001ae0       _iob                       00000001800b1ae0     LIBCMT:_file.obj
 0003:00001ea0       _pctype                    00000001800b1ea0     LIBCMT:ctype.obj
 0003:00001ea8       _pwctype                   00000001800b1ea8     LIBCMT:ctype.obj
 0003:00001eb0       __lc_time_c                00000001800b1eb0     LIBCMT:strftime.obj
 0003:00002018       __lc_time_curr             00000001800b2018     LIBCMT:strftime.obj
 0003:00002020       __lconv_static_decimal     00000001800b2020     LIBCMT:lconv.obj
 0003:00002030       __lconv_c                  00000001800b2030     LIBCMT:lconv.obj
 0003:00002088       __lconv                    00000001800b2088     LIBCMT:lconv.obj
 0003:00002090       __mb_cur_max               00000001800b2090     LIBCMT:nlsdata1.obj
 0003:00002094       __decimal_point            00000001800b2094     LIBCMT:nlsdata1.obj
 0003:00002098       __decimal_point_length     00000001800b2098     LIBCMT:nlsdata1.obj
 0003:000020d0       _d_inf                     00000001800b20d0     LIBCMT:_util_.obj
 0003:000020d8       _d_ind                     00000001800b20d8     LIBCMT:_util_.obj
 0003:000020e0       _d_max                     00000001800b20e0     LIBCMT:_util_.obj
 0003:000020e8       _d_min                     00000001800b20e8     LIBCMT:_util_.obj
 0003:000020f0       _d_mzero                   00000001800b20f0     LIBCMT:_util_.obj
 0003:00002110       _timezone                  00000001800b2110     LIBCMT:timeset.obj
 0003:00002114       _daylight                  00000001800b2114     LIBCMT:timeset.obj
 0003:00002118       _dstbias                   00000001800b2118     LIBCMT:timeset.obj
 0003:000021a0       _tzname                    00000001800b21a0     LIBCMT:timeset.obj
 0003:000021d0       _pow10pos                  00000001800b21d0     LIBCMT:_constpow_.obj
 0003:00002330       _pow10neg                  00000001800b2330     LIBCMT:_constpow_.obj
 0003:00002490       _coninpfh                  00000001800b2490     LIBCMT:initcon.obj
 0003:00002498       _confh                     00000001800b2498     LIBCMT:initcon.obj
 0003:000024a0       _lpdays                    00000001800b24a0     LIBCMT:days.obj
 0003:000024d8       _days                      00000001800b24d8     LIBCMT:days.obj
 0003:00002530       ?m_edgeArray@dgCollisionSphere@@1PAVdgConvexSimplexEdge@@A 00000001800b2530     physics_2009:dgCollisionSphere.obj
 0003:00003130       ?m_shapeRefCount@dgCollisionSphere@@1HA 00000001800b3130     physics_2009:dgCollisionSphere.obj
 0003:00003140       ?m_unitSphere@dgCollisionSphere@@1PAVdgVector@@A 00000001800b3140     physics_2009:dgCollisionSphere.obj
 0003:00003260       ?m_iniliazised@dgConvexCollision@@1HA 00000001800b3260     physics_2009:dgConvexCollision.obj
 0003:00003270       ?m_zero@dgConvexCollision@@1VdgVector@@A 00000001800b3270     physics_2009:dgConvexCollision.obj
 0003:00003280       ?m_signMask@dgConvexCollision@@1VdgVector@@A 00000001800b3280     physics_2009:dgConvexCollision.obj
 0003:00003290       ?m_triplexMask@dgConvexCollision@@1VdgVector@@A 00000001800b3290     physics_2009:dgConvexCollision.obj
 0003:000032a0       ?m_multiResDir@dgConvexCollision@@1PAVdgVector@@A 00000001800b32a0     physics_2009:dgConvexCollision.obj
 0003:00003320       ?m_multiResDir_sse@dgConvexCollision@@1PAVdgVector@@A 00000001800b3320     physics_2009:dgConvexCollision.obj
 0003:00003380       ?m_vertex@dgCollisionHeightField@@0PAPEAVdgVector@@A 00000001800b3380     physics_2009:dgCollisionHeightField.obj
 0003:000033c0       ?m_vertexCount@dgCollisionHeightField@@0PAHA 00000001800b33c0     physics_2009:dgCollisionHeightField.obj
 0003:000033e0       ?m_refCount@dgCollisionHeightField@@0HA 00000001800b33e0     physics_2009:dgCollisionHeightField.obj
 0003:000033f0       ?m_negIndex@dgContactSolver@@2T__m128@@A 00000001800b33f0     physics_2009:dgMinkowskiConv.obj
 0003:00003400       ?m_zero@dgContactSolver@@2T__m128@@A 00000001800b3400     physics_2009:dgMinkowskiConv.obj
 0003:00003410       ?m_index_yx@dgContactSolver@@2T__m128@@A 00000001800b3410     physics_2009:dgMinkowskiConv.obj
 0003:00003420       ?m_index_wz@dgContactSolver@@2T__m128@@A 00000001800b3420     physics_2009:dgMinkowskiConv.obj
 0003:00003430       ?m_zeroTolerenace@dgContactSolver@@2T__m128@@A 00000001800b3430     physics_2009:dgMinkowskiConv.obj
 0003:00003440       ?m_nrh0p5@dgContactSolver@@2T__m128@@A 00000001800b3440     physics_2009:dgMinkowskiConv.obj
 0003:00003450       ?m_nrh3p0@dgContactSolver@@2T__m128@@A 00000001800b3450     physics_2009:dgMinkowskiConv.obj
 0003:00003460       ?m_negativeOne@dgContactSolver@@2T__m128@@A 00000001800b3460     physics_2009:dgMinkowskiConv.obj
 0003:00003470       ?m_dir@dgContactSolver@@2PAVdgVector@@A 00000001800b3470     physics_2009:dgMinkowskiConv.obj
 0003:00003550       ?m_edgeArray@dgCollisionCapsule@@0PAVdgConvexSimplexEdge@@A 00000001800b3550     physics_2009:dgCollisionCapsule.obj
 0003:00004bd0       ?m_shapeRefCount@dgCollisionCapsule@@0HA 00000001800b4bd0     physics_2009:dgCollisionCapsule.obj
 0003:00004be0       ?m_edgeArray@dgCollisionCone@@0PAVdgConvexSimplexEdge@@A 00000001800b4be0     physics_2009:dgCollisionCone.obj
 0003:00004fe0       ?m_shapeRefCount@dgCollisionCone@@0HA 00000001800b4fe0     physics_2009:dgCollisionCone.obj
 0003:00004ff0       ?m_edgeArray@dgCollisionCylinder@@0PAVdgConvexSimplexEdge@@A 00000001800b4ff0     physics_2009:dgCollisionCylinder.obj
 0003:000055f0       ?m_shapeRefCount@dgCollisionCylinder@@0HA 00000001800b55f0     physics_2009:dgCollisionCylinder.obj
 0003:00005600       ?m_edgeArray@dgCollisionChamferCylinder@@0PAVdgConvexSimplexEdge@@A 00000001800b5600     physics_2009:dgCollisionChamferCylinder.obj
 0003:00006800       ?m_shapeRefCount@dgCollisionChamferCylinder@@0HA 00000001800b6800     physics_2009:dgCollisionChamferCylinder.obj
 0003:00006810       ?m_shapesDirs@dgCollisionChamferCylinder@@0PAVdgVector@@A 00000001800b6810     physics_2009:dgCollisionChamferCylinder.obj
 0003:000068d4       __fastflag                 00000001800b68d4     LIBCMT:_fpinit_.obj
 0003:000068dc       __error_mode               00000001800b68dc     LIBCMT:dllcrt0.obj
 0003:000068e0       _aenvptr                   00000001800b68e0     LIBCMT:dllcrt0.obj
 0003:000068e8       _wenvptr                   00000001800b68e8     LIBCMT:dllcrt0.obj
 0003:000068f0       __app_type                 00000001800b68f0     LIBCMT:dllcrt0.obj
 0003:000068f8       _umaskval                  00000001800b68f8     LIBCMT:crt0dat.obj
 0003:000068fc       __argc                     00000001800b68fc     LIBCMT:crt0dat.obj
 0003:00006900       __argv                     00000001800b6900     LIBCMT:crt0dat.obj
 0003:00006908       __wargv                    00000001800b6908     LIBCMT:crt0dat.obj
 0003:00006910       _environ                   00000001800b6910     LIBCMT:crt0dat.obj
 0003:00006918       __initenv                  00000001800b6918     LIBCMT:crt0dat.obj
 0003:00006920       _wenviron                  00000001800b6920     LIBCMT:crt0dat.obj
 0003:00006928       __winitenv                 00000001800b6928     LIBCMT:crt0dat.obj
 0003:00006930       _pgmptr                    00000001800b6930     LIBCMT:crt0dat.obj
 0003:00006938       _wpgmptr                   00000001800b6938     LIBCMT:crt0dat.obj
 0003:00006940       _exitflag                  00000001800b6940     LIBCMT:crt0dat.obj
 0003:00006944       _C_Termination_Done        00000001800b6944     LIBCMT:crt0dat.obj
 0003:00006948       _C_Exit_Done               00000001800b6948     LIBCMT:crt0dat.obj
 0003:00006c68       _crtheap                   00000001800b6c68     LIBCMT:heapinit.obj
 0003:00006c70       ?_pnhHeap@@3P6AH_K@ZEA     00000001800b6c70     LIBCMT:handler.obj
 0003:00006c78       _newmode                   00000001800b6c78     LIBCMT:_newmode.obj
 0003:00006c7c       _maxwait                   00000001800b6c7c     LIBCMT:crtheap.obj
 0003:00006d90       __pInvalidArgHandler       00000001800b6d90     LIBCMT:invarg.obj
 0003:00006da0       __pPurecall                00000001800b6da0     LIBCMT:inithelp.obj
 0003:00006db0       __mbulinfo                 00000001800b6db0     LIBCMT:mbctype.obj
 0003:00006dbc       __mbcodepage               00000001800b6dbc     LIBCMT:mbctype.obj
 0003:00006dc0       __ismbcodepage             00000001800b6dc0     LIBCMT:mbctype.obj
 0003:00006dc4       __mblcid                   00000001800b6dc4     LIBCMT:mbctype.obj
 0003:00006dc8       __locale_changed           00000001800b6dc8     LIBCMT:setlocal.obj
 0003:00006dd0       __lc_handle                00000001800b6dd0     LIBCMT:nlsdata2.obj
 0003:00006de8       __lc_codepage              00000001800b6de8     LIBCMT:nlsdata2.obj
 0003:00006dec       __lc_collate_cp            00000001800b6dec     LIBCMT:nlsdata2.obj
 0003:00006df0       _outputformat              00000001800b6df0     LIBCMT:outputformat.obj
 0003:00007030       ?__pInconsistency@@3P6AXXZEA 00000001800b7030     LIBCMT:hooks.obj
 0003:00007098       _cflush                    00000001800b7098     LIBCMT:_file.obj
 0003:000070b0       __lconv_static_null        00000001800b70b0     LIBCMT:lconv.obj
 0003:00007630       _stdbuf                    00000001800b7630     LIBCMT:_sftbuf.obj
 0003:000076fc       _debugger_hook_dummy       00000001800b76fc     <common>
 0003:00007700       __piob                     00000001800b7700     <common>
 0003:00007720       _bufin                     00000001800b7720     <common>
 0003:00008720       _nstream                   00000001800b8720     <common>
 0003:00008728       _pDestructExceptionObject  00000001800b8728     <common>
 0003:00008730       _nhandle                   00000001800b8730     <common>
 0003:00008740       __pioinfo                  00000001800b8740     <common>
 0003:00008940       __env_initialized          00000001800b8940     <common>
 0003:00008948       __onexitend                00000001800b8948     <common>
 0003:00008950       __onexitbegin              00000001800b8950     <common>
 0003:00008958       __mbctype_initialized      00000001800b8958     <common>
 0003:00008960       __dyn_tls_init_callback    00000001800b8960     <common>
 0003:00008968       _acmdln                    00000001800b8968     <common>

 entry point at        0001:00091e64

 Static symbols

 0001:0007e940       ?NormalizeVertex@InternalPolyhedra@@YAXHQEAVdgTriplex@@QEBMH@Z 000000018007f940 f   corelib_2009:dgPolyhedra.obj
 0001:0007eb10       ?EdgePlane@InternalPolyhedra@@YA?AVdgBigPlane@@HHHQEBVdgTriplex@@@Z 000000018007fb10 f   corelib_2009:dgPolyhedra.obj
 0001:0007ed30       ?UnboundedLoopPlane@InternalPolyhedra@@YA?AVdgBigPlane@@HHHQEBVdgTriplex@@@Z 000000018007fd30 f   corelib_2009:dgPolyhedra.obj
 0001:0007ef80       ?BigFaceNormal@InternalPolyhedra@@YA?AVdgBigVector@@PEAVdgEdge@@QEBMH@Z 000000018007ff80 f   corelib_2009:dgPolyhedra.obj
 0001:0007f1d0       ?CalculateVertexMetrics@InternalPolyhedra@@YAXQEAUVERTEX_METRIC_STRUCT@1@QEBVdgTriplex@@PEAVdgEdge@@@Z 00000001800801d0 f   corelib_2009:dgPolyhedra.obj
 0001:0007f4d0       ?IsEssensialPointDiagonal@InternalPolyhedra@@YA_NPEAVdgEdge@@AEBVdgBigVector@@QEBMH@Z 00000001800804d0 f   corelib_2009:dgPolyhedra.obj
 0001:0007f9a0       ?CalculateAllMetrics@InternalPolyhedra@@YAXPEBVdgPolyhedra@@QEAUVERTEX_METRIC_STRUCT@1@QEBVdgTriplex@@@Z 00000001800809a0 f   corelib_2009:dgPolyhedra.obj
 0001:0007fe20       ?EdgePenalty@InternalPolyhedra@@YAMAEBVdgPolyhedra@@QEBVdgTriplex@@PEAVdgEdge@@@Z 0000000180080e20 f   corelib_2009:dgPolyhedra.obj
 0001:00080820       ?MatchTwins@InternalPolyhedra@@YA_NPEAVdgPolyhedra@@@Z 0000000180081820 f   corelib_2009:dgPolyhedra.obj
 0001:000808e0       ?FindEarTip@InternalPolyhedra@@YAPEAVdgEdge@@AEBVdgPolyhedra@@PEAV2@QEBMHAEAV?$dgDownHeap@PEAVdgEdge@@M@@AEBVdgVector@@@Z 00000001800818e0 f   corelib_2009:dgPolyhedra.obj
 0001:00081720       ?CloseOpenBounds@InternalPolyhedra@@YAXPEAVdgPolyhedra@@@Z 0000000180082720 f   corelib_2009:dgPolyhedra.obj
 0001:000836a0       ?MarkAdjacentCoplanarFaces@InternalPolyhedra@@YAXAEAVdgPolyhedra@@0PEAVdgEdge@@QEBMH@Z 00000001800846a0 f   corelib_2009:dgPolyhedra.obj
 0001:00083be0       ?ConvexPartition@InternalPolyhedra@@YA_NAEAVdgPolyhedra@@QEBMH@Z 0000000180084be0 f   corelib_2009:dgPolyhedra.obj
 0001:00084b20       ?TriangulateFace@InternalPolyhedra@@YAPEAVdgEdge@@AEAVdgPolyhedra@@PEAV2@QEBMHAEAV?$dgDownHeap@PEAVdgEdge@@M@@PEAVdgVector@@@Z 0000000180085b20 f   corelib_2009:dgPolyhedra.obj
 0001:000853d0       ?DetectSSE@@YA_NXZ         00000001800863d0 f   corelib_2009:dgTypes.obj
 0001:000853d0       ?DetectSSE_3@@YA_NXZ       00000001800863d0 f   corelib_2009:dgTypes.obj
 0001:000857b0       ?SortVertices@InternalGeoUtil@@YAHQEAMHHHHM@Z 00000001800867b0 f   corelib_2009:dgTypes.obj
 0001:00086210       ?QuickSortVertices@InternalGeoUtil@@YAHQEAMHHHHM@Z 0000000180087210 f   corelib_2009:dgTypes.obj
 0001:000905fc       __remainder_piby2f_inline  00000001800915fc f   LIBCMT:_sincosf_.obj
 0001:00091d4c       __DllMainCRTStartup        0000000180092d4c f   LIBCMT:dllcrt0.obj
 0001:00092f60       _callthreadstartex         0000000180093f60 f   LIBCMT:threadex.obj
 0001:00092f8c       _threadstartex             0000000180093f8c f   LIBCMT:threadex.obj
 0001:00093370       _cftoe2_l                  0000000180094370 f   LIBCMT:cvt.obj
 0001:00093b00       _cftof2_l                  0000000180094b00 f   LIBCMT:cvt.obj
 0001:00093fe4       _call_matherr              0000000180094fe4 f   LIBCMT:_libm_error_.obj
 0001:0009404c       _exception_enabled         000000018009504c f   LIBCMT:_libm_error_.obj
 0001:000944c8       _initterm                  00000001800954c8 f   LIBCMT:crt0dat.obj
 0001:000945e8       doexit                     00000001800955e8 f   LIBCMT:crt0dat.obj
 0001:00095598       parse_cmdline              0000000180096598 f   LIBCMT:stdargv.obj
 0001:00096060       write_char                 0000000180097060 f   LIBCMT:output.obj
 0001:000960a8       write_multi_char           00000001800970a8 f   LIBCMT:output.obj
 0001:000960fc       write_string               00000001800970fc f   LIBCMT:output.obj
 0001:00096ee4       splitexp                   0000000180097ee4 f   LIBCMT:_exp2_.obj
 0001:0009784c       ?setSBCS@@YAXPEAUthreadmbcinfostruct@@@Z 000000018009884c f   LIBCMT:mbctype.obj
 0001:000978e0       ?setSBUpLow@@YAXPEAUthreadmbcinfostruct@@@Z 00000001800988e0 f   LIBCMT:mbctype.obj
 0001:00097b80       ?getSystemCP@@YAHH@Z       0000000180098b80 f   LIBCMT:mbctype.obj
 0001:00098364       _updatetlocinfoEx_nolock   0000000180099364 f   LIBCMT:setlocal.obj
 0001:00099ea4       ?x_ismbbtype_l@@YAHPEAUlocaleinfo_struct@@IHH@Z 000000018009aea4 f   LIBCMT:ismbbyte.obj
 0001:0009b00c       ?__crtLCMapStringA_stat@@YAHPEAUlocaleinfo_struct@@KKPEBDHPEADHHH@Z 000000018009c00c f   LIBCMT:a_map.obj
 0001:0009b5e4       ?__crtGetStringTypeA_stat@@YAHPEAUlocaleinfo_struct@@KPEBDHPEAGHHH@Z 000000018009c5e4 f   LIBCMT:a_str.obj
 0001:0009e704       flsall                     000000018009f704 f   LIBCMT:fflush.obj
 0001:0009e804       ?strtoxl@@YAKPEAUlocaleinfo_struct@@PEBDPEAPEBDHH@Z 000000018009f804 f   LIBCMT:strtol.obj
 0001:0009f510       __DllMainCRTStartup$filt$0 00000001800a0510 f   LIBCMT:dllcrt0.obj
 0001:0009f52c       _onexit$fin$0              00000001800a052c f   LIBCMT:onexit.obj
 0001:0009f540       _callthreadstartex$filt$0  00000001800a0540 f   LIBCMT:threadex.obj
 0001:0009f55c       doexit$fin$0               00000001800a055c f   LIBCMT:crt0dat.obj
 0001:0009f57e       _freefls$fin$1             00000001800a057e f   LIBCMT:tidtable.obj
 0001:0009f57e       _initptd$fin$1             00000001800a057e f   LIBCMT:tidtable.obj
 0001:0009f59e       _freefls$fin$0             00000001800a059e f   LIBCMT:tidtable.obj
 0001:0009f59e       _initptd$fin$0             00000001800a059e f   LIBCMT:tidtable.obj
 0001:0009f5c0       _IsNonwritableInCurrentImage$filt$0 00000001800a05c0 f   LIBCMT:pesect.obj
 0001:0009f5e1       __updatetmbcinfo$fin$0     00000001800a05e1 f   LIBCMT:mbctype.obj
 0001:0009f5e1       _setmbcp$fin$0             00000001800a05e1 f   LIBCMT:mbctype.obj
 0001:0009f5fa       __updatetlocinfo$fin$0     00000001800a05fa f   LIBCMT:setlocal.obj
 0001:0009f613       _ctrlfp$filt$0             00000001800a0613 f   LIBCMT:_fpctrl_.obj
 0001:0009f63e       _control87$filt$0          00000001800a063e f   LIBCMT:_ieee_.obj
 0001:0009f66d       _mtinitlocknum$fin$0       00000001800a066d f   LIBCMT:mlock.obj
 0001:0009f689       raise$fin$0                00000001800a0689 f   LIBCMT:winsig.obj
 0001:0009f6a5       __crtInitCritSecAndSpinCount$filt$0 00000001800a06a5 f   LIBCMT:initcrit.obj
 0001:0009f6c7       _lseeki64$fin$0            00000001800a06c7 f   LIBCMT:lseeki64.obj
 0001:0009f6c7       _write$fin$0               00000001800a06c7 f   LIBCMT:lseeki64.obj
 0001:0009f6de       __lock_fhandle$fin$0       00000001800a06de f   LIBCMT:osfinfo.obj
 0001:0009f6f7       _fcloseall$fin$0           00000001800a06f7 f   LIBCMT:closeall.obj
 0001:0009f710       flsall$fin$0               00000001800a0710 f   LIBCMT:fflush.obj
 0001:0009f740       flsall$fin$1               00000001800a0740 f   LIBCMT:fflush.obj
 0001:0009f759       fclose$fin$0               00000001800a0759 f   LIBCMT:fclose.obj
 0001:0009f771       _close$fin$0               00000001800a0771 f   LIBCMT:commit.obj
 0001:0009f771       _commit$fin$0              00000001800a0771 f   LIBCMT:commit.obj
 0001:0009f790       ??__Eg_allocaror@dgInternalMemory@@YAXXZ 00000001800a0790 f   corelib_2009:dgMemory.obj
 0001:0009f7a0       ??__Fg_allocaror@dgInternalMemory@@YAXXZ 00000001800a07a0 f   corelib_2009:dgMemory.obj
